../Core/Src/main.c:83:5:main	8	static
../Core/Src/main.c:169:6:SystemClock_Config	96	static
../Core/Src/main.c:220:13:MX_SPI1_Init	8	static
../Core/Src/main.c:260:13:MX_SPI3_Init	8	static
../Core/Src/main.c:300:13:MX_USART1_UART_Init	8	static
../Core/Src/main.c:333:13:MX_DMA_Init	16	static
../Core/Src/main.c:351:13:MX_GPIO_Init	40	static
../Core/Src/main.c:396:6:StartDefaultTask	16	static
../Core/Src/main.c:415:6:HAL_TIM_PeriodElapsedCallback	16	static
../Core/Src/main.c:432:6:Error_Handler	4	static,ignoring_inline_asm
