C:/work_dir/projects/testbed/software/robots/software_board/_workspace/bmi160_imu/stm32_core_cpp_lib/utils/elapsedMillis.h:22:2:elapsedMillis::elapsedMillis()	16	static
C:/work_dir/projects/testbed/software/robots/software_board/_workspace/bmi160_imu/stm32_core_cpp_lib/utils/elapsedMillis.h:31:2:elapsedMillis::operator long unsigned int() const	16	static
C:/work_dir/projects/testbed/software/robots/software_board/_workspace/bmi160_imu/stm32_core_cpp_lib/utils/elapsedMillis.h:38:18:elapsedMillis& elapsedMillis::operator=(long unsigned int)	16	static
../firmware/firmware.cpp:33:6:void firmware()	24	static
../firmware/firmware.cpp:42:6:void imu_task(void*)	16	static
../firmware/firmware.cpp:50:6:void communication_task(void*)	176	static
../firmware/firmware.cpp:88:1:void __static_initialization_and_destruction_0(int, int)	16	static
../firmware/firmware.cpp:88:1:cpp)	8	static
