C:/work_dir/temp/bmi160/bmi160_imu/stm32_core_cpp_lib/communication/uart_interface/../../utils/core_utils.h:27:13:void delay(uint32_t)	24	static
C:/work_dir/temp/bmi160/bmi160_imu/stm32_core_cpp_lib/utils/elapsedMillis.h:22:2:elapsedMillis::elapsedMillis()	16	static
C:/work_dir/temp/bmi160/bmi160_imu/stm32_core_cpp_lib/utils/elapsedMillis.h:31:2:elapsedMillis::operator long unsigned int() const	16	static
C:/work_dir/temp/bmi160/bmi160_imu/stm32_core_cpp_lib/utils/elapsedMillis.h:38:18:elapsedMillis& elapsedMillis::operator=(long unsigned int)	16	static
../firmware/firmware.cpp:32:6:void firmware()	32	static
../firmware/firmware.cpp:55:6:void imu_task(void*)	16	static
../firmware/firmware.cpp:63:6:void communication_task(void*)	176	static
../firmware/firmware.cpp:107:1:void __static_initialization_and_destruction_0(int, int)	16	static
../firmware/firmware.cpp:107:1:cpp)	8	static
