Archive member included to satisfy reference by file (symbol)

C:/ST/STM32CubeIDE_1.7.0/STM32CubeIDE/plugins/com.st.stm32cube.ide.mcu.externaltools.gnu-tools-for-stm32.11.3.rel1.win32_1.1.100.202309141235/tools/bin/../lib/gcc/arm-none-eabi/11.3.1/../../../../arm-none-eabi/lib/thumb/v7e-m+fp/hard\libm.a(libm_a-wf_asin.o)
                              ./stm32_core_cpp_lib/ext/madgwick_ahrs/MadgwickAHRS.o (asinf)
C:/ST/STM32CubeIDE_1.7.0/STM32CubeIDE/plugins/com.st.stm32cube.ide.mcu.externaltools.gnu-tools-for-stm32.11.3.rel1.win32_1.1.100.202309141235/tools/bin/../lib/gcc/arm-none-eabi/11.3.1/../../../../arm-none-eabi/lib/thumb/v7e-m+fp/hard\libm.a(libm_a-wf_atan2.o)
                              ./stm32_core_cpp_lib/ext/madgwick_ahrs/MadgwickAHRS.o (atan2f)
C:/ST/STM32CubeIDE_1.7.0/STM32CubeIDE/plugins/com.st.stm32cube.ide.mcu.externaltools.gnu-tools-for-stm32.11.3.rel1.win32_1.1.100.202309141235/tools/bin/../lib/gcc/arm-none-eabi/11.3.1/../../../../arm-none-eabi/lib/thumb/v7e-m+fp/hard\libm.a(libm_a-wf_sqrt.o)
                              ./stm32_core_cpp_lib/ext/madgwick_ahrs/MadgwickAHRS.o (sqrtf)
C:/ST/STM32CubeIDE_1.7.0/STM32CubeIDE/plugins/com.st.stm32cube.ide.mcu.externaltools.gnu-tools-for-stm32.11.3.rel1.win32_1.1.100.202309141235/tools/bin/../lib/gcc/arm-none-eabi/11.3.1/../../../../arm-none-eabi/lib/thumb/v7e-m+fp/hard\libm.a(libm_a-sf_fabs.o)
                              C:/ST/STM32CubeIDE_1.7.0/STM32CubeIDE/plugins/com.st.stm32cube.ide.mcu.externaltools.gnu-tools-for-stm32.11.3.rel1.win32_1.1.100.202309141235/tools/bin/../lib/gcc/arm-none-eabi/11.3.1/../../../../arm-none-eabi/lib/thumb/v7e-m+fp/hard\libm.a(libm_a-wf_asin.o) (fabsf)
C:/ST/STM32CubeIDE_1.7.0/STM32CubeIDE/plugins/com.st.stm32cube.ide.mcu.externaltools.gnu-tools-for-stm32.11.3.rel1.win32_1.1.100.202309141235/tools/bin/../lib/gcc/arm-none-eabi/11.3.1/../../../../arm-none-eabi/lib/thumb/v7e-m+fp/hard\libm.a(libm_a-sf_nan.o)
                              C:/ST/STM32CubeIDE_1.7.0/STM32CubeIDE/plugins/com.st.stm32cube.ide.mcu.externaltools.gnu-tools-for-stm32.11.3.rel1.win32_1.1.100.202309141235/tools/bin/../lib/gcc/arm-none-eabi/11.3.1/../../../../arm-none-eabi/lib/thumb/v7e-m+fp/hard\libm.a(libm_a-wf_asin.o) (nanf)
C:/ST/STM32CubeIDE_1.7.0/STM32CubeIDE/plugins/com.st.stm32cube.ide.mcu.externaltools.gnu-tools-for-stm32.11.3.rel1.win32_1.1.100.202309141235/tools/bin/../lib/gcc/arm-none-eabi/11.3.1/../../../../arm-none-eabi/lib/thumb/v7e-m+fp/hard\libm.a(libm_a-ef_sqrt.o)
                              C:/ST/STM32CubeIDE_1.7.0/STM32CubeIDE/plugins/com.st.stm32cube.ide.mcu.externaltools.gnu-tools-for-stm32.11.3.rel1.win32_1.1.100.202309141235/tools/bin/../lib/gcc/arm-none-eabi/11.3.1/../../../../arm-none-eabi/lib/thumb/v7e-m+fp/hard\libm.a(libm_a-wf_sqrt.o) (__ieee754_sqrtf)
C:/ST/STM32CubeIDE_1.7.0/STM32CubeIDE/plugins/com.st.stm32cube.ide.mcu.externaltools.gnu-tools-for-stm32.11.3.rel1.win32_1.1.100.202309141235/tools/bin/../lib/gcc/arm-none-eabi/11.3.1/../../../../arm-none-eabi/lib/thumb/v7e-m+fp/hard\libm.a(libm_a-ef_asin.o)
                              C:/ST/STM32CubeIDE_1.7.0/STM32CubeIDE/plugins/com.st.stm32cube.ide.mcu.externaltools.gnu-tools-for-stm32.11.3.rel1.win32_1.1.100.202309141235/tools/bin/../lib/gcc/arm-none-eabi/11.3.1/../../../../arm-none-eabi/lib/thumb/v7e-m+fp/hard\libm.a(libm_a-wf_asin.o) (__ieee754_asinf)
C:/ST/STM32CubeIDE_1.7.0/STM32CubeIDE/plugins/com.st.stm32cube.ide.mcu.externaltools.gnu-tools-for-stm32.11.3.rel1.win32_1.1.100.202309141235/tools/bin/../lib/gcc/arm-none-eabi/11.3.1/../../../../arm-none-eabi/lib/thumb/v7e-m+fp/hard\libm.a(libm_a-ef_atan2.o)
                              C:/ST/STM32CubeIDE_1.7.0/STM32CubeIDE/plugins/com.st.stm32cube.ide.mcu.externaltools.gnu-tools-for-stm32.11.3.rel1.win32_1.1.100.202309141235/tools/bin/../lib/gcc/arm-none-eabi/11.3.1/../../../../arm-none-eabi/lib/thumb/v7e-m+fp/hard\libm.a(libm_a-wf_atan2.o) (__ieee754_atan2f)
C:/ST/STM32CubeIDE_1.7.0/STM32CubeIDE/plugins/com.st.stm32cube.ide.mcu.externaltools.gnu-tools-for-stm32.11.3.rel1.win32_1.1.100.202309141235/tools/bin/../lib/gcc/arm-none-eabi/11.3.1/../../../../arm-none-eabi/lib/thumb/v7e-m+fp/hard\libm.a(libm_a-sf_atan.o)
                              C:/ST/STM32CubeIDE_1.7.0/STM32CubeIDE/plugins/com.st.stm32cube.ide.mcu.externaltools.gnu-tools-for-stm32.11.3.rel1.win32_1.1.100.202309141235/tools/bin/../lib/gcc/arm-none-eabi/11.3.1/../../../../arm-none-eabi/lib/thumb/v7e-m+fp/hard\libm.a(libm_a-ef_atan2.o) (atanf)
C:/ST/STM32CubeIDE_1.7.0/STM32CubeIDE/plugins/com.st.stm32cube.ide.mcu.externaltools.gnu-tools-for-stm32.11.3.rel1.win32_1.1.100.202309141235/tools/bin/../lib/gcc/arm-none-eabi/11.3.1/../../../../arm-none-eabi/lib/thumb/v7e-m+fp/hard\libc_nano.a(libc_a-exit.o)
[...]
Memory Configuration

Name             Origin             Length             Attributes
RAM              0x0000000020000000 0x0000000000010000 xrw
RAM2             0x0000000010000000 0x0000000000004000 xrw
FLASH            0x0000000008000000 0x0000000000020000 xr
*default*        0x0000000000000000 0xffffffffffffffff

Linker script and memory map

LOAD C:/ST/STM32CubeIDE_1.7.0/STM32CubeIDE/plugins/com.st.stm32cube.ide.mcu.externaltools.gnu-tools-for-stm32.11.3.rel1.win32_1.1.100.202309141235/tools/bin/../lib/gcc/arm-none-eabi/11.3.1/thumb/v7e-m+fp/hard/crti.o
LOAD C:/ST/STM32CubeIDE_1.7.0/STM32CubeIDE/plugins/com.st.stm32cube.ide.mcu.externaltools.gnu-tools-for-stm32.11.3.rel1.win32_1.1.100.202309141235/tools/bin/../lib/gcc/arm-none-eabi/11.3.1/thumb/v7e-m+fp/hard/crtbegin.o
LOAD C:/ST/STM32CubeIDE_1.7.0/STM32CubeIDE/plugins/com.st.stm32cube.ide.mcu.externaltools.gnu-tools-for-stm32.11.3.rel1.win32_1.1.100.202309141235/tools/bin/../lib/gcc/arm-none-eabi/11.3.1/../../../../arm-none-eabi/lib/thumb/v7e-m+fp/hard/crt0.o
LOAD ./Core/Src/freertos.o
LOAD ./Core/Src/main.o
LOAD ./Core/Src/stm32l4xx_hal_msp.o
LOAD ./Core/Src/stm32l4xx_hal_timebase_tim.o
LOAD ./Core/Src/stm32l4xx_it.o
LOAD ./Core/Src/syscalls.o
LOAD ./Core/Src/sysmem.o
LOAD ./Core/Src/system_stm32l4xx.o
LOAD ./Core/Startup/startup_stm32l432kbux.o
LOAD ./Drivers/STM32L4xx_HAL_Driver/Src/stm32l4xx_hal.o
LOAD ./Drivers/STM32L4xx_HAL_Driver/Src/stm32l4xx_hal_cortex.o
LOAD ./Drivers/STM32L4xx_HAL_Driver/Src/stm32l4xx_hal_dma.o
LOAD ./Drivers/STM32L4xx_HAL_Driver/Src/stm32l4xx_hal_dma_ex.o
LOAD ./Drivers/STM32L4xx_HAL_Driver/Src/stm32l4xx_hal_exti.o
LOAD ./Drivers/STM32L4xx_HAL_Driver/Src/stm32l4xx_hal_flash.o
LOAD ./Drivers/STM32L4xx_HAL_Driver/Src/stm32l4xx_hal_flash_ex.o
LOAD ./Drivers/STM32L4xx_HAL_Driver/Src/stm32l4xx_hal_flash_ramfunc.o
LOAD ./Drivers/STM32L4xx_HAL_Driver/Src/stm32l4xx_hal_gpio.o
LOAD ./Drivers/STM32L4xx_HAL_Driver/Src/stm32l4xx_hal_i2c.o
LOAD ./Drivers/STM32L4xx_HAL_Driver/Src/stm32l4xx_hal_i2c_ex.o
LOAD ./Drivers/STM32L4xx_HAL_Driver/Src/stm32l4xx_hal_pwr.o
LOAD ./Drivers/STM32L4xx_HAL_Driver/Src/stm32l4xx_hal_pwr_ex.o
LOAD ./Drivers/STM32L4xx_HAL_Driver/Src/stm32l4xx_hal_rcc.o
LOAD ./Drivers/STM32L4xx_HAL_Driver/Src/stm32l4xx_hal_rcc_ex.o
LOAD ./Drivers/STM32L4xx_HAL_Driver/Src/stm32l4xx_hal_spi.o
LOAD ./Drivers/STM32L4xx_HAL_Driver/Src/stm32l4xx_hal_spi_ex.o
LOAD ./Drivers/STM32L4xx_HAL_Driver/Src/stm32l4xx_hal_tim.o
LOAD ./Drivers/STM32L4xx_HAL_Driver/Src/stm32l4xx_hal_tim_ex.o
LOAD ./Drivers/STM32L4xx_HAL_Driver/Src/stm32l4xx_hal_uart.o
LOAD ./Drivers/STM32L4xx_HAL_Driver/Src/stm32l4xx_hal_uart_ex.o
LOAD ./Middlewares/Third_Party/FreeRTOS/Source/CMSIS_RTOS_V2/cmsis_os2.o
LOAD ./Middlewares/Third_Party/FreeRTOS/Source/croutine.o
LOAD ./Middlewares/Third_Party/FreeRTOS/Source/event_groups.o
LOAD ./Middlewares/Third_Party/FreeRTOS/Source/list.o
LOAD ./Middlewares/Third_Party/FreeRTOS/Source/queue.o
LOAD ./Middlewares/Third_Party/FreeRTOS/Source/stream_buffer.o
LOAD ./Middlewares/Third_Party/FreeRTOS/Source/tasks.o
LOAD ./Middlewares/Third_Party/FreeRTOS/Source/timers.o
LOAD ./Middlewares/Third_Party/FreeRTOS/Source/portable/GCC/ARM_CM4F/port.o
LOAD ./Middlewares/Third_Party/FreeRTOS/Source/portable/MemMang/heap_4.o
LOAD ./firmware/firmware.o
LOAD ./stm32_core_cpp_lib/communication/modbus_rtu/modbus_rtu.o
LOAD ./stm32_core_cpp_lib/communication/uart_interface/core_comm_SerialProtocol.o
LOAD ./stm32_core_cpp_lib/communication/uart_interface/core_comm_UartInterface.o
LOAD ./stm32_core_cpp_lib/control/state_feedback/core_control_StateFeedback.o
LOAD ./stm32_core_cpp_lib/ext/madgwick_ahrs/MadgwickAHRS.o
LOAD ./stm32_core_cpp_lib/hardware/BUTTON/core_hardware_button.o
LOAD ./stm32_core_cpp_lib/hardware/LED/core_hardware_led.o
LOAD ./stm32_core_cpp_lib/hardware/PWM/pwm.o
LOAD ./stm32_core_cpp_lib/hardware/RS485/core_hardware_RS485.o
LOAD ./stm32_core_cpp_lib/hardware/SPI/core_hardware_spi.o
LOAD ./stm32_core_cpp_lib/hardware/UART/core_hardware_UART.o
LOAD ./stm32_core_cpp_lib/memory/fram/core_memory_fram.o
LOAD ./stm32_core_cpp_lib/robot/simplexmotion_motors/simplexmotion.o
LOAD ./stm32_core_cpp_lib/sensors/IMU/bmi160.o
LOAD ./stm32_core_cpp_lib/sensors/IMU/core_imu_helpers.o
LOAD ./stm32_core_cpp_lib/utils/cobs.o
LOAD ./stm32_core_cpp_lib/utils/core_bytes.o
LOAD ./stm32_core_cpp_lib/utils/core_debug.o
LOAD ./stm32_core_cpp_lib/utils/core_errors.o
LOAD ./stm32_core_cpp_lib/utils/core_math.o
LOAD ./stm32_core_cpp_lib/utils/core_utils_BufferQueue.o
LOAD ./stm32_core_cpp_lib/utils/core_utils_functionpointer.o
LOAD ./stm32_core_cpp_lib/utils/core_utils_gpio.o
LOAD ./stm32_core_cpp_lib/utils/elapsedMillis.o
START GROUP
LOAD C:/ST/STM32CubeIDE_1.7.0/STM32CubeIDE/plugins/com.st.stm32cube.ide.mcu.externaltools.gnu-tools-for-stm32.11.3.rel1.win32_1.1.100.202309141235/tools/bin/../lib/gcc/arm-none-eabi/11.3.1/../../../../arm-none-eabi/lib/thumb/v7e-m+fp/hard\libstdc++_nano.a
LOAD C:/ST/STM32CubeIDE_1.7.0/STM32CubeIDE/plugins/com.st.stm32cube.ide.mcu.externaltools.gnu-tools-for-stm32.11.3.rel1.win32_1.1.100.202309141235/tools/bin/../lib/gcc/arm-none-eabi/11.3.1/../../../../arm-none-eabi/lib/thumb/v7e-m+fp/hard\libsupc++_nano.a
END GROUP
LOAD C:/ST/STM32CubeIDE_1.7.0/STM32CubeIDE/plugins/com.st.stm32cube.ide.mcu.externaltools.gnu-tools-for-stm32.11.3.rel1.win32_1.1.100.202309141235/tools/bin/../lib/gcc/arm-none-eabi/11.3.1/../../../../arm-none-eabi/lib/thumb/v7e-m+fp/hard\libstdc++_nano.a
LOAD C:/ST/STM32CubeIDE_1.7.0/STM32CubeIDE/plugins/com.st.stm32cube.ide.mcu.externaltools.gnu-tools-for-stm32.11.3.rel1.win32_1.1.100.202309141235/tools/bin/../lib/gcc/arm-none-eabi/11.3.1/../../../../arm-none-eabi/lib/thumb/v7e-m+fp/hard\libm.a
LOAD C:/ST/STM32CubeIDE_1.7.0/STM32CubeIDE/plugins/com.st.stm32cube.ide.mcu.externaltools.gnu-tools-for-stm32.11.3.rel1.win32_1.1.100.202309141235/tools/bin/../lib/gcc/arm-none-eabi/11.3.1/../../../../arm-none-eabi/lib/thumb/v7e-m+fp/hard\libc_nano.a
START GROUP
LOAD C:/ST/STM32CubeIDE_1.7.0/STM32CubeIDE/plugins/com.st.stm32cube.ide.mcu.externaltools.gnu-tools-for-stm32.11.3.rel1.win32_1.1.100.202309141235/tools/bin/../lib/gcc/arm-none-eabi/11.3.1/thumb/v7e-m+fp/hard\libgcc.a
LOAD C:/ST/STM32CubeIDE_1.7.0/STM32CubeIDE/plugins/com.st.stm32cube.ide.mcu.externaltools.gnu-tools-for-stm32.11.3.rel1.win32_1.1.100.202309141235/tools/bin/../lib/gcc/arm-none-eabi/11.3.1/../../../../arm-none-eabi/lib/thumb/v7e-m+fp/hard\libc_nano.a
END GROUP
START GROUP
LOAD C:/ST/STM32CubeIDE_1.7.0/STM32CubeIDE/plugins/com.st.stm32cube.ide.mcu.externaltools.gnu-tools-for-stm32.11.3.rel1.win32_1.1.100.202309141235/tools/bin/../lib/gcc/arm-none-eabi/11.3.1/thumb/v7e-m+fp/hard\libgcc.a
LOAD C:/ST/STM32CubeIDE_1.7.0/STM32CubeIDE/plugins/com.st.stm32cube.ide.mcu.externaltools.gnu-tools-for-stm32.11.3.rel1.win32_1.1.100.202309141235/tools/bin/../lib/gcc/arm-none-eabi/11.3.1/../../../../arm-none-eabi/lib/thumb/v7e-m+fp/hard\libc_nano.a
END GROUP
LOAD C:/ST/STM32CubeIDE_1.7.0/STM32CubeIDE/plugins/com.st.stm32cube.ide.mcu.externaltools.gnu-tools-for-stm32.11.3.rel1.win32_1.1.100.202309141235/tools/bin/../lib/gcc/arm-none-eabi/11.3.1/thumb/v7e-m+fp/hard/crtend.o
LOAD C:/ST/STM32CubeIDE_1.7.0/STM32CubeIDE/plugins/com.st.stm32cube.ide.mcu.externaltools.gnu-tools-for-stm32.11.3.rel1.win32_1.1.100.202309141235/tools/bin/../lib/gcc/arm-none-eabi/11.3.1/thumb/v7e-m+fp/hard/crtn.o
                0x0000000020010000                _estack = (ORIGIN (RAM) + LENGTH (RAM))
                0x0000000000000200                _Min_Heap_Size = 0x200
                0x0000000000000400                _Min_Stack_Size = 0x400

.isr_vector     0x0000000008000000      0x18c
                0x0000000008000000                . = ALIGN (0x4)
 *(.isr_vector)
 .isr_vector    0x0000000008000000      0x18c ./Core/Startup/startup_stm32l432kbux.o
                0x0000000008000000                g_pfnVectors
                0x000000000800018c                . = ALIGN (0x4)

.text           0x0000000008000190     0x8900
                0x0000000008000190                . = ALIGN (0x4)
 *(.text)
 .text          0x0000000008000190       0x40 C:/ST/STM32CubeIDE_1.7.0/STM32CubeIDE/plugins/com.st.stm32cube.ide.mcu.externaltools.gnu-tools-for-stm32.11.3.rel1.win32_1.1.100.202309141235/tools/bin/../lib/gcc/arm-none-eabi/11.3.1/thumb/v7e-m+fp/hard/crtbegin.o
 .text          0x00000000080001d0      0x378 C:/ST/STM32CubeIDE_1.7.0/STM32CubeIDE/plugins/com.st.stm32cube.ide.mcu.externaltools.gnu-tools-for-stm32.11.3.rel1.win32_1.1.100.202309141235/tools/bin/../lib/gcc/arm-none-eabi/11.3.1/thumb/v7e-m+fp/hard\libgcc.a(_arm_addsubdf3.o)
                0x00000000080001d0                __aeabi_drsub
                0x00000000080001d8                __aeabi_dsub
                0x00000000080001d8                __subdf3
                0x00000000080001dc                __aeabi_dadd
                0x00000000080001dc                __adddf3
                0x0000000008000454                __floatunsidf
                0x0000000008000454                __aeabi_ui2d
                0x0000000008000474                __floatsidf
                0x0000000008000474                __aeabi_i2d
                0x0000000008000498                __aeabi_f2d
                0x0000000008000498                __extendsfdf2
                0x00000000080004dc                __floatundidf
                0x00000000080004dc                __aeabi_ul2d
                0x00000000080004ec                __floatdidf
                0x00000000080004ec                __aeabi_l2d
 .text          0x0000000008000548      0x424 C:/ST/STM32CubeIDE_1.7.0/STM32CubeIDE/plugins/com.st.stm32cube.ide.mcu.externaltools.gnu-tools-for-stm32.11.3.rel1.win32_1.1.100.202309141235/tools/bin/../lib/gcc/arm-none-eabi/11.3.1/thumb/v7e-m+fp/hard\libgcc.a(_arm_muldivdf3.o)
                0x0000000008000548                __aeabi_dmul
                0x0000000008000548                __muldf3
                0x000000000800079c                __divdf3
                0x000000000800079c                __aeabi_ddiv
 .text          0x000000000800096c       0xa0 C:/ST/STM32CubeIDE_1.7.0/STM32CubeIDE/plugins/com.st.stm32cube.ide.mcu.externaltools.gnu-tools-for-stm32.11.3.rel1.win32_1.1.100.202309141235/tools/bin/../lib/gcc/arm-none-eabi/11.3.1/thumb/v7e-m+fp/hard\libgcc.a(_arm_truncdfsf2.o)
                0x000000000800096c                __truncdfsf2
                0x000000000800096c                __aeabi_d2f
 .text          0x0000000008000a0c       0x30 C:/ST/STM32CubeIDE_1.7.0/STM32CubeIDE/plugins/com.st.stm32cube.ide.mcu.externaltools.gnu-tools-for-stm32.11.3.rel1.win32_1.1.100.202309141235/tools/bin/../lib/gcc/arm-none-eabi/11.3.1/thumb/v7e-m+fp/hard\libgcc.a(_aeabi_uldivmod.o)
                0x0000000008000a0c                __aeabi_uldivmod
 .text          0x0000000008000a3c      0x2c8 C:/ST/STM32CubeIDE_1.7.0/STM32CubeIDE/plugins/com.st.stm32cube.ide.mcu.externaltools.gnu-tools-for-stm32.11.3.rel1.win32_1.1.100.202309141235/tools/bin/../lib/gcc/arm-none-eabi/11.3.1/thumb/v7e-m+fp/hard\libgcc.a(_udivmoddi4.o)
                0x0000000008000a3c                __udivmoddi4
 .text          0x0000000008000d04        0x4 C:/ST/STM32CubeIDE_1.7.0/STM32CubeIDE/plugins/com.st.stm32cube.ide.mcu.externaltools.gnu-tools-for-stm32.11.3.rel1.win32_1.1.100.202309141235/tools/bin/../lib/gcc/arm-none-eabi/11.3.1/thumb/v7e-m+fp/hard\libgcc.a(_dvmd_tls.o)
                0x0000000008000d04                __aeabi_idiv0
                0x0000000008000d04                __aeabi_ldiv0
 *(.text*)
 .text.main     0x0000000008000d08       0x44 ./Core/Src/main.o
                0x0000000008000d08                main
 .text.SystemClock_Config
                0x0000000008000d4c       0xa4 ./Core/Src/main.o
                0x0000000008000d4c                SystemClock_Config
 .text.MX_SPI3_Init
                0x0000000008000df0       0x7c ./Core/Src/main.o
 .text.MX_USART1_UART_Init
                0x0000000008000e6c       0x60 ./Core/Src/main.o
 .text.MX_GPIO_Init
                0x0000000008000ecc       0xa8 ./Core/Src/main.o
 .text.StartDefaultTask
                0x0000000008000f74       0x10 ./Core/Src/main.o
                0x0000000008000f74                StartDefaultTask
 .text.HAL_TIM_PeriodElapsedCallback
                0x0000000008000f84       0x24 ./Core/Src/main.o
                0x0000000008000f84                HAL_TIM_PeriodElapsedCallback
 .text.Error_Handler
                0x0000000008000fa8        0xa ./Core/Src/main.o
                0x0000000008000fa8                Error_Handler
 *fill*         0x0000000008000fb2        0x2 
 .text.HAL_MspInit
                0x0000000008000fb4       0x50 ./Core/Src/stm32l4xx_hal_msp.o
                0x0000000008000fb4                HAL_MspInit
 .text.HAL_SPI_MspInit
                0x0000000008001004       0x88 ./Core/Src/stm32l4xx_hal_msp.o
                0x0000000008001004                HAL_SPI_MspInit
 .text.HAL_UART_MspInit
                0x000000000800108c       0xb0 ./Core/Src/stm32l4xx_hal_msp.o
                0x000000000800108c                HAL_UART_MspInit
 .text.HAL_InitTick
                0x000000000800113c       0xf4 ./Core/Src/stm32l4xx_hal_timebase_tim.o
                0x000000000800113c                HAL_InitTick
 .text.NMI_Handler
                0x0000000008001230        0x6 ./Core/Src/stm32l4xx_it.o
                0x0000000008001230                NMI_Handler
 .text.HardFault_Handler
                0x0000000008001236        0x6 ./Core/Src/stm32l4xx_it.o
                0x0000000008001236                HardFault_Handler
 .text.MemManage_Handler
                0x000000000800123c        0x6 ./Core/Src/stm32l4xx_it.o
                0x000000000800123c                MemManage_Handler
 .text.BusFault_Handler
                0x0000000008001242        0x6 ./Core/Src/stm32l4xx_it.o
                0x0000000008001242                BusFault_Handler
 .text.UsageFault_Handler
                0x0000000008001248        0x6 ./Core/Src/stm32l4xx_it.o
                0x0000000008001248                UsageFault_Handler
 .text.DebugMon_Handler
                0x000000000800124e        0xe ./Core/Src/stm32l4xx_it.o
                0x000000000800124e                DebugMon_Handler
 .text.TIM6_DAC_IRQHandler
                0x000000000800125c       0x14 ./Core/Src/stm32l4xx_it.o
                0x000000000800125c                TIM6_DAC_IRQHandler
 .text.SystemInit
                0x0000000008001270       0x24 ./Core/Src/system_stm32l4xx.o
                0x0000000008001270                SystemInit
 .text.Reset_Handler
                0x0000000008001294       0x50 ./Core/Startup/startup_stm32l432kbux.o
                0x0000000008001294                Reset_Handler
 .text.Default_Handler
                0x00000000080012e4        0x2 ./Core/Startup/startup_stm32l432kbux.o
                0x00000000080012e4                RTC_Alarm_IRQHandler
                0x00000000080012e4                EXTI2_IRQHandler
                0x00000000080012e4                TIM1_CC_IRQHandler
                0x00000000080012e4                TSC_IRQHandler
                0x00000000080012e4                TAMP_STAMP_IRQHandler
                0x00000000080012e4                EXTI3_IRQHandler
                0x00000000080012e4                LPTIM2_IRQHandler
                0x00000000080012e4                I2C3_ER_IRQHandler
                0x00000000080012e4                EXTI0_IRQHandler
                0x00000000080012e4                CAN1_RX0_IRQHandler
                0x00000000080012e4                FPU_IRQHandler
                0x00000000080012e4                TIM1_UP_TIM16_IRQHandler
                0x00000000080012e4                SPI1_IRQHandler
                0x00000000080012e4                DMA2_Channel2_IRQHandler
                0x00000000080012e4                DMA1_Channel4_IRQHandler
                0x00000000080012e4                ADC1_IRQHandler
                0x00000000080012e4                DMA1_Channel7_IRQHandler
                0x00000000080012e4                CAN1_RX1_IRQHandler
                0x00000000080012e4                DMA2_Channel1_IRQHandler
                0x00000000080012e4                QUADSPI_IRQHandler
                0x00000000080012e4                I2C1_EV_IRQHandler
                0x00000000080012e4                DMA1_Channel6_IRQHandler
                0x00000000080012e4                DMA2_Channel4_IRQHandler
                0x00000000080012e4                RCC_IRQHandler
                0x00000000080012e4                TIM1_TRG_COM_IRQHandler
                0x00000000080012e4                DMA1_Channel1_IRQHandler
                0x00000000080012e4                Default_Handler
                0x00000000080012e4                DMA2_Channel7_IRQHandler
                0x00000000080012e4                EXTI15_10_IRQHandler
                0x00000000080012e4                TIM7_IRQHandler
                0x00000000080012e4                I2C3_EV_IRQHandler
                0x00000000080012e4                USB_IRQHandler
                0x00000000080012e4                EXTI9_5_IRQHandler
                0x00000000080012e4                RTC_WKUP_IRQHandler
                0x00000000080012e4                PVD_PVM_IRQHandler
                0x00000000080012e4                CAN1_TX_IRQHandler
                0x00000000080012e4                DMA2_Channel5_IRQHandler
                0x00000000080012e4                CRS_IRQHandler
                0x00000000080012e4                DMA1_Channel5_IRQHandler
                0x00000000080012e4                EXTI4_IRQHandler
                0x00000000080012e4                RNG_IRQHandler
                0x00000000080012e4                DMA1_Channel3_IRQHandler
                0x00000000080012e4                COMP_IRQHandler
                0x00000000080012e4                WWDG_IRQHandler
                0x00000000080012e4                LPUART1_IRQHandler
                0x00000000080012e4                DMA2_Channel6_IRQHandler
                0x00000000080012e4                TIM2_IRQHandler
                0x00000000080012e4                EXTI1_IRQHandler
                0x00000000080012e4                USART2_IRQHandler
                0x00000000080012e4                DMA1_Channel2_IRQHandler
                0x00000000080012e4                CAN1_SCE_IRQHandler
                0x00000000080012e4                FLASH_IRQHandler
                0x00000000080012e4                USART1_IRQHandler
                0x00000000080012e4                SPI3_IRQHandler
                0x00000000080012e4                I2C1_ER_IRQHandler
                0x00000000080012e4                SWPMI1_IRQHandler
                0x00000000080012e4                LPTIM1_IRQHandler
                0x00000000080012e4                SAI1_IRQHandler
                0x00000000080012e4                DMA2_Channel3_IRQHandler
                0x00000000080012e4                TIM1_BRK_TIM15_IRQHandler
 .text.HAL_Init
                0x00000000080012e6       0x30 ./Drivers/STM32L4xx_HAL_Driver/Src/stm32l4xx_hal.o
                0x00000000080012e6                HAL_Init
 *fill*         0x0000000008001316        0x2 
 .text.HAL_IncTick
                0x0000000008001318       0x28 ./Drivers/STM32L4xx_HAL_Driver/Src/stm32l4xx_hal.o
                0x0000000008001318                HAL_IncTick
 .text.HAL_GetTick
                0x0000000008001340       0x18 ./Drivers/STM32L4xx_HAL_Driver/Src/stm32l4xx_hal.o
                0x0000000008001340                HAL_GetTick
 .text.HAL_Delay
                0x0000000008001358       0x48 ./Drivers/STM32L4xx_HAL_Driver/Src/stm32l4xx_hal.o
                0x0000000008001358                HAL_Delay
 .text.__NVIC_SetPriorityGrouping
                0x00000000080013a0       0x48 ./Drivers/STM32L4xx_HAL_Driver/Src/stm32l4xx_hal_cortex.o
 .text.__NVIC_GetPriorityGrouping
                0x00000000080013e8       0x1c ./Drivers/STM32L4xx_HAL_Driver/Src/stm32l4xx_hal_cortex.o
 .text.__NVIC_EnableIRQ
                0x0000000008001404       0x3c ./Drivers/STM32L4xx_HAL_Driver/Src/stm32l4xx_hal_cortex.o
 .text.__NVIC_SetPriority
                0x0000000008001440       0x54 ./Drivers/STM32L4xx_HAL_Driver/Src/stm32l4xx_hal_cortex.o
 .text.NVIC_EncodePriority
                0x0000000008001494       0x66 ./Drivers/STM32L4xx_HAL_Driver/Src/stm32l4xx_hal_cortex.o
 .text.HAL_NVIC_SetPriorityGrouping
                0x00000000080014fa       0x16 ./Drivers/STM32L4xx_HAL_Driver/Src/stm32l4xx_hal_cortex.o
                0x00000000080014fa                HAL_NVIC_SetPriorityGrouping
 .text.HAL_NVIC_SetPriority
                0x0000000008001510       0x38 ./Drivers/STM32L4xx_HAL_Driver/Src/stm32l4xx_hal_cortex.o
                0x0000000008001510                HAL_NVIC_SetPriority
 .text.HAL_NVIC_EnableIRQ
                0x0000000008001548       0x1c ./Drivers/STM32L4xx_HAL_Driver/Src/stm32l4xx_hal_cortex.o
                0x0000000008001548                HAL_NVIC_EnableIRQ
 .text.HAL_GPIO_Init
                0x0000000008001564      0x2d4 ./Drivers/STM32L4xx_HAL_Driver/Src/stm32l4xx_hal_gpio.o
                0x0000000008001564                HAL_GPIO_Init
 .text.HAL_GPIO_WritePin
                0x0000000008001838       0x30 ./Drivers/STM32L4xx_HAL_Driver/Src/stm32l4xx_hal_gpio.o
                0x0000000008001838                HAL_GPIO_WritePin
 .text.HAL_PWREx_GetVoltageRange
                0x0000000008001868       0x1c ./Drivers/STM32L4xx_HAL_Driver/Src/stm32l4xx_hal_pwr_ex.o
                0x0000000008001868                HAL_PWREx_GetVoltageRange
 .text.HAL_PWREx_ControlVoltageScaling
                0x0000000008001884       0xac ./Drivers/STM32L4xx_HAL_Driver/Src/stm32l4xx_hal_pwr_ex.o
                0x0000000008001884                HAL_PWREx_ControlVoltageScaling
 .text.HAL_RCC_OscConfig
                0x0000000008001930      0x828 ./Drivers/STM32L4xx_HAL_Driver/Src/stm32l4xx_hal_rcc.o
                0x0000000008001930                HAL_RCC_OscConfig
 .text.HAL_RCC_ClockConfig
                0x0000000008002158      0x200 ./Drivers/STM32L4xx_HAL_Driver/Src/stm32l4xx_hal_rcc.o
                0x0000000008002158                HAL_RCC_ClockConfig
 .text.HAL_RCC_GetSysClockFreq
                0x0000000008002358      0x118 ./Drivers/STM32L4xx_HAL_Driver/Src/stm32l4xx_hal_rcc.o
                0x0000000008002358                HAL_RCC_GetSysClockFreq
 .text.HAL_RCC_GetHCLKFreq
                0x0000000008002470       0x18 ./Drivers/STM32L4xx_HAL_Driver/Src/stm32l4xx_hal_rcc.o
                0x0000000008002470                HAL_RCC_GetHCLKFreq
 .text.HAL_RCC_GetPCLK1Freq
                0x0000000008002488       0x2c ./Drivers/STM32L4xx_HAL_Driver/Src/stm32l4xx_hal_rcc.o
                0x0000000008002488                HAL_RCC_GetPCLK1Freq
 .text.HAL_RCC_GetPCLK2Freq
                0x00000000080024b4       0x2c ./Drivers/STM32L4xx_HAL_Driver/Src/stm32l4xx_hal_rcc.o
                0x00000000080024b4                HAL_RCC_GetPCLK2Freq
 .text.HAL_RCC_GetClockConfig
                0x00000000080024e0       0x64 ./Drivers/STM32L4xx_HAL_Driver/Src/stm32l4xx_hal_rcc.o
                0x00000000080024e0                HAL_RCC_GetClockConfig
 .text.RCC_SetFlashLatencyFromMSIRange
                0x0000000008002544       0xc0 ./Drivers/STM32L4xx_HAL_Driver/Src/stm32l4xx_hal_rcc.o
 .text.HAL_RCCEx_PeriphCLKConfig
                0x0000000008002604      0x3ec ./Drivers/STM32L4xx_HAL_Driver/Src/stm32l4xx_hal_rcc_ex.o
                0x0000000008002604                HAL_RCCEx_PeriphCLKConfig
 .text.RCCEx_PLLSAI1_Config
                0x00000000080029f0      0x1e4 ./Drivers/STM32L4xx_HAL_Driver/Src/stm32l4xx_hal_rcc_ex.o
 .text.HAL_SPI_Init
                0x0000000008002bd4      0x1b4 ./Drivers/STM32L4xx_HAL_Driver/Src/stm32l4xx_hal_spi.o
                0x0000000008002bd4                HAL_SPI_Init
 .text.HAL_SPI_Transmit
                0x0000000008002d88      0x2ea ./Drivers/STM32L4xx_HAL_Driver/Src/stm32l4xx_hal_spi.o
                0x0000000008002d88                HAL_SPI_Transmit
 .text.HAL_SPI_Receive
                0x0000000008003072      0x26e ./Drivers/STM32L4xx_HAL_Driver/Src/stm32l4xx_hal_spi.o
                0x0000000008003072                HAL_SPI_Receive
 .text.HAL_SPI_TransmitReceive
                0x00000000080032e0      0x444 ./Drivers/STM32L4xx_HAL_Driver/Src/stm32l4xx_hal_spi.o
                0x00000000080032e0                HAL_SPI_TransmitReceive
 .text.HAL_SPI_TxCpltCallback
                0x0000000008003724       0x14 ./Drivers/STM32L4xx_HAL_Driver/Src/stm32l4xx_hal_spi.o
                0x0000000008003724                HAL_SPI_TxCpltCallback
 .text.HAL_SPI_RxCpltCallback
                0x0000000008003738       0x14 ./Drivers/STM32L4xx_HAL_Driver/Src/stm32l4xx_hal_spi.o
                0x0000000008003738                HAL_SPI_RxCpltCallback
 .text.HAL_SPI_TxRxCpltCallback
                0x000000000800374c       0x14 ./Drivers/STM32L4xx_HAL_Driver/Src/stm32l4xx_hal_spi.o
                0x000000000800374c                HAL_SPI_TxRxCpltCallback
 .text.HAL_SPI_TxHalfCpltCallback
                0x0000000008003760       0x14 ./Drivers/STM32L4xx_HAL_Driver/Src/stm32l4xx_hal_spi.o
                0x0000000008003760                HAL_SPI_TxHalfCpltCallback
 .text.HAL_SPI_RxHalfCpltCallback
                0x0000000008003774       0x14 ./Drivers/STM32L4xx_HAL_Driver/Src/stm32l4xx_hal_spi.o
                0x0000000008003774                HAL_SPI_RxHalfCpltCallback
 .text.HAL_SPI_TxRxHalfCpltCallback
                0x0000000008003788       0x14 ./Drivers/STM32L4xx_HAL_Driver/Src/stm32l4xx_hal_spi.o
                0x0000000008003788                HAL_SPI_TxRxHalfCpltCallback
 .text.HAL_SPI_ErrorCallback
                0x000000000800379c       0x14 ./Drivers/STM32L4xx_HAL_Driver/Src/stm32l4xx_hal_spi.o
                0x000000000800379c                HAL_SPI_ErrorCallback
 .text.HAL_SPI_AbortCpltCallback
                0x00000000080037b0       0x14 ./Drivers/STM32L4xx_HAL_Driver/Src/stm32l4xx_hal_spi.o
                0x00000000080037b0                HAL_SPI_AbortCpltCallback
 .text.SPI_WaitFlagStateUntilTimeout
                0x00000000080037c4      0x110 ./Drivers/STM32L4xx_HAL_Driver/Src/stm32l4xx_hal_spi.o
 .text.SPI_WaitFifoStateUntilTimeout
                0x00000000080038d4      0x12c ./Drivers/STM32L4xx_HAL_Driver/Src/stm32l4xx_hal_spi.o
 .text.SPI_EndRxTransaction
                0x0000000008003a00       0xb0 ./Drivers/STM32L4xx_HAL_Driver/Src/stm32l4xx_hal_spi.o
 .text.SPI_EndRxTxTransaction
                0x0000000008003ab0       0x8c ./Drivers/STM32L4xx_HAL_Driver/Src/stm32l4xx_hal_spi.o
 .text.HAL_TIM_Base_Init
                0x0000000008003b3c       0xae ./Drivers/STM32L4xx_HAL_Driver/Src/stm32l4xx_hal_tim.o
                0x0000000008003b3c                HAL_TIM_Base_Init
 .text.HAL_TIM_Base_MspInit
                0x0000000008003bea       0x14 ./Drivers/STM32L4xx_HAL_Driver/Src/stm32l4xx_hal_tim.o
                0x0000000008003bea                HAL_TIM_Base_MspInit
 *fill*         0x0000000008003bfe        0x2 
 .text.HAL_TIM_Base_Start_IT
                0x0000000008003c00       0xa8 ./Drivers/STM32L4xx_HAL_Driver/Src/stm32l4xx_hal_tim.o
                0x0000000008003c00                HAL_TIM_Base_Start_IT
 .text.HAL_TIM_IRQHandler
                0x0000000008003ca8      0x204 ./Drivers/STM32L4xx_HAL_Driver/Src/stm32l4xx_hal_tim.o
                0x0000000008003ca8                HAL_TIM_IRQHandler
 .text.HAL_TIM_OC_DelayElapsedCallback
                0x0000000008003eac       0x14 ./Drivers/STM32L4xx_HAL_Driver/Src/stm32l4xx_hal_tim.o
                0x0000000008003eac                HAL_TIM_OC_DelayElapsedCallback
 .text.HAL_TIM_IC_CaptureCallback
                0x0000000008003ec0       0x14 ./Drivers/STM32L4xx_HAL_Driver/Src/stm32l4xx_hal_tim.o
                0x0000000008003ec0                HAL_TIM_IC_CaptureCallback
 .text.HAL_TIM_PWM_PulseFinishedCallback
                0x0000000008003ed4       0x14 ./Drivers/STM32L4xx_HAL_Driver/Src/stm32l4xx_hal_tim.o
                0x0000000008003ed4                HAL_TIM_PWM_PulseFinishedCallback
 .text.HAL_TIM_TriggerCallback
                0x0000000008003ee8       0x14 ./Drivers/STM32L4xx_HAL_Driver/Src/stm32l4xx_hal_tim.o
                0x0000000008003ee8                HAL_TIM_TriggerCallback
 .text.TIM_Base_SetConfig
                0x0000000008003efc       0xc8 ./Drivers/STM32L4xx_HAL_Driver/Src/stm32l4xx_hal_tim.o
                0x0000000008003efc                TIM_Base_SetConfig
 .text.HAL_TIMEx_CommutCallback
                0x0000000008003fc4       0x14 ./Drivers/STM32L4xx_HAL_Driver/Src/stm32l4xx_hal_tim_ex.o
                0x0000000008003fc4                HAL_TIMEx_CommutCallback
 .text.HAL_TIMEx_BreakCallback
                0x0000000008003fd8       0x14 ./Drivers/STM32L4xx_HAL_Driver/Src/stm32l4xx_hal_tim_ex.o
                0x0000000008003fd8                HAL_TIMEx_BreakCallback
 .text.HAL_TIMEx_Break2Callback
                0x0000000008003fec       0x14 ./Drivers/STM32L4xx_HAL_Driver/Src/stm32l4xx_hal_tim_ex.o
                0x0000000008003fec                HAL_TIMEx_Break2Callback
 .text.HAL_UART_Init
                0x0000000008004000       0xbc ./Drivers/STM32L4xx_HAL_Driver/Src/stm32l4xx_hal_uart.o
                0x0000000008004000                HAL_UART_Init
 .text.HAL_UART_TxCpltCallback
                0x00000000080040bc       0x14 ./Drivers/STM32L4xx_HAL_Driver/Src/stm32l4xx_hal_uart.o
                0x00000000080040bc                HAL_UART_TxCpltCallback
 .text.HAL_UART_TxHalfCpltCallback
                0x00000000080040d0       0x14 ./Drivers/STM32L4xx_HAL_Driver/Src/stm32l4xx_hal_uart.o
                0x00000000080040d0                HAL_UART_TxHalfCpltCallback
 .text.HAL_UART_RxCpltCallback
                0x00000000080040e4       0x14 ./Drivers/STM32L4xx_HAL_Driver/Src/stm32l4xx_hal_uart.o
                0x00000000080040e4                HAL_UART_RxCpltCallback
 .text.HAL_UART_RxHalfCpltCallback
                0x00000000080040f8       0x14 ./Drivers/STM32L4xx_HAL_Driver/Src/stm32l4xx_hal_uart.o
                0x00000000080040f8                HAL_UART_RxHalfCpltCallback
 .text.HAL_UART_ErrorCallback
                0x000000000800410c       0x14 ./Drivers/STM32L4xx_HAL_Driver/Src/stm32l4xx_hal_uart.o
                0x000000000800410c                HAL_UART_ErrorCallback
 .text.HAL_UART_AbortCpltCallback
                0x0000000008004120       0x14 ./Drivers/STM32L4xx_HAL_Driver/Src/stm32l4xx_hal_uart.o
                0x0000000008004120                HAL_UART_AbortCpltCallback
 .text.HAL_UART_AbortTransmitCpltCallback
                0x0000000008004134       0x14 ./Drivers/STM32L4xx_HAL_Driver/Src/stm32l4xx_hal_uart.o
                0x0000000008004134                HAL_UART_AbortTransmitCpltCallback
 .text.HAL_UART_AbortReceiveCpltCallback
                0x0000000008004148       0x14 ./Drivers/STM32L4xx_HAL_Driver/Src/stm32l4xx_hal_uart.o
                0x0000000008004148                HAL_UART_AbortReceiveCpltCallback
 .text.HAL_UARTEx_RxEventCallback
                0x000000000800415c       0x18 ./Drivers/STM32L4xx_HAL_Driver/Src/stm32l4xx_hal_uart.o
                0x000000000800415c                HAL_UARTEx_RxEventCallback
 .text.UART_InitCallbacksToDefault
                0x0000000008004174       0x8c ./Drivers/STM32L4xx_HAL_Driver/Src/stm32l4xx_hal_uart.o
                0x0000000008004174                UART_InitCallbacksToDefault
 .text.UART_SetConfig
                0x0000000008004200      0x458 ./Drivers/STM32L4xx_HAL_Driver/Src/stm32l4xx_hal_uart.o
                0x0000000008004200                UART_SetConfig
 .text.UART_AdvFeatureConfig
                0x0000000008004658      0x144 ./Drivers/STM32L4xx_HAL_Driver/Src/stm32l4xx_hal_uart.o
                0x0000000008004658                UART_AdvFeatureConfig
 .text.UART_CheckIdleState
                0x000000000800479c      0x150 ./Drivers/STM32L4xx_HAL_Driver/Src/stm32l4xx_hal_uart.o
                0x000000000800479c                UART_CheckIdleState
 .text.UART_WaitOnFlagUntilTimeout
                0x00000000080048ec       0xce ./Drivers/STM32L4xx_HAL_Driver/Src/stm32l4xx_hal_uart.o
                0x00000000080048ec                UART_WaitOnFlagUntilTimeout
 .text.UART_EndRxTransfer
                0x00000000080049ba       0xc8 ./Drivers/STM32L4xx_HAL_Driver/Src/stm32l4xx_hal_uart.o
 .text.HAL_UARTEx_WakeupCallback
                0x0000000008004a82       0x14 ./Drivers/STM32L4xx_HAL_Driver/Src/stm32l4xx_hal_uart_ex.o
                0x0000000008004a82                HAL_UARTEx_WakeupCallback
 *fill*         0x0000000008004a96        0x2 
 .text.__NVIC_SetPriority
                0x0000000008004a98       0x54 ./Middlewares/Third_Party/FreeRTOS/Source/CMSIS_RTOS_V2/cmsis_os2.o
 .text.SysTick_Handler
                0x0000000008004aec       0x20 ./Middlewares/Third_Party/FreeRTOS/Source/CMSIS_RTOS_V2/cmsis_os2.o
                0x0000000008004aec                SysTick_Handler
 .text.SVC_Setup
                0x0000000008004b0c       0x12 ./Middlewares/Third_Party/FreeRTOS/Source/CMSIS_RTOS_V2/cmsis_os2.o
 *fill*         0x0000000008004b1e        0x2 
 .text.osKernelInitialize
                0x0000000008004b20       0x48 ./Middlewares/Third_Party/FreeRTOS/Source/CMSIS_RTOS_V2/cmsis_os2.o
                0x0000000008004b20                osKernelInitialize
 .text.osKernelGetState
                0x0000000008004b68       0x44 ./Middlewares/Third_Party/FreeRTOS/Source/CMSIS_RTOS_V2/cmsis_os2.o
                0x0000000008004b68                osKernelGetState
 .text.osKernelStart
                0x0000000008004bac       0x4c ./Middlewares/Third_Party/FreeRTOS/Source/CMSIS_RTOS_V2/cmsis_os2.o
                0x0000000008004bac                osKernelStart
 .text.osKernelGetTickCount
                0x0000000008004bf8       0x2a ./Middlewares/Third_Party/FreeRTOS/Source/CMSIS_RTOS_V2/cmsis_os2.o
                0x0000000008004bf8                osKernelGetTickCount
 .text.osThreadNew
                0x0000000008004c22      0x124 ./Middlewares/Third_Party/FreeRTOS/Source/CMSIS_RTOS_V2/cmsis_os2.o
                0x0000000008004c22                osThreadNew
 .text.osDelay  0x0000000008004d46       0x36 ./Middlewares/Third_Party/FreeRTOS/Source/CMSIS_RTOS_V2/cmsis_os2.o
                0x0000000008004d46                osDelay
 .text.vApplicationGetIdleTaskMemory
                0x0000000008004d7c       0x34 ./Middlewares/Third_Party/FreeRTOS/Source/CMSIS_RTOS_V2/cmsis_os2.o
                0x0000000008004d7c                vApplicationGetIdleTaskMemory
 .text.vApplicationGetTimerTaskMemory
                0x0000000008004db0       0x34 ./Middlewares/Third_Party/FreeRTOS/Source/CMSIS_RTOS_V2/cmsis_os2.o
                0x0000000008004db0                vApplicationGetTimerTaskMemory
 .text.vListInitialise
                0x0000000008004de4       0x40 ./Middlewares/Third_Party/FreeRTOS/Source/list.o
                0x0000000008004de4                vListInitialise
 .text.vListInitialiseItem
                0x0000000008004e24       0x1a ./Middlewares/Third_Party/FreeRTOS/Source/list.o
                0x0000000008004e24                vListInitialiseItem
 .text.vListInsertEnd
                0x0000000008004e3e       0x48 ./Middlewares/Third_Party/FreeRTOS/Source/list.o
                0x0000000008004e3e                vListInsertEnd
 .text.vListInsert
                0x0000000008004e86       0x72 ./Middlewares/Third_Party/FreeRTOS/Source/list.o
                0x0000000008004e86                vListInsert
 .text.uxListRemove
                0x0000000008004ef8       0x54 ./Middlewares/Third_Party/FreeRTOS/Source/list.o
                0x0000000008004ef8                uxListRemove
 .text.xQueueGenericReset
                0x0000000008004f4c       0xd0 ./Middlewares/Third_Party/FreeRTOS/Source/queue.o
                0x0000000008004f4c                xQueueGenericReset
 .text.xQueueGenericCreateStatic
                0x000000000800501c       0xf0 ./Middlewares/Third_Party/FreeRTOS/Source/queue.o
                0x000000000800501c                xQueueGenericCreateStatic
 .text.prvInitialiseNewQueue
                0x000000000800510c       0x46 ./Middlewares/Third_Party/FreeRTOS/Source/queue.o
 *fill*         0x0000000008005152        0x2 
 .text.xQueueGenericSend
                0x0000000008005154      0x1fc ./Middlewares/Third_Party/FreeRTOS/Source/queue.o
                0x0000000008005154                xQueueGenericSend
 .text.xQueueGenericSendFromISR
                0x0000000008005350      0x136 ./Middlewares/Third_Party/FreeRTOS/Source/queue.o
                0x0000000008005350                xQueueGenericSendFromISR
 *fill*         0x0000000008005486        0x2 
 .text.xQueueReceive
                0x0000000008005488      0x1c0 ./Middlewares/Third_Party/FreeRTOS/Source/queue.o
                0x0000000008005488                xQueueReceive
 .text.prvCopyDataToQueue
                0x0000000008005648       0xd4 ./Middlewares/Third_Party/FreeRTOS/Source/queue.o
 .text.prvCopyDataFromQueue
                0x000000000800571c       0x4c ./Middlewares/Third_Party/FreeRTOS/Source/queue.o
 .text.prvUnlockQueue
                0x0000000008005768       0xa4 ./Middlewares/Third_Party/FreeRTOS/Source/queue.o
 .text.prvIsQueueEmpty
                0x000000000800580c       0x2c ./Middlewares/Third_Party/FreeRTOS/Source/queue.o
 .text.prvIsQueueFull
                0x0000000008005838       0x30 ./Middlewares/Third_Party/FreeRTOS/Source/queue.o
 .text.vQueueAddToRegistry
                0x0000000008005868       0x54 ./Middlewares/Third_Party/FreeRTOS/Source/queue.o
                0x0000000008005868                vQueueAddToRegistry
 .text.vQueueWaitForMessageRestricted
                0x00000000080058bc       0x68 ./Middlewares/Third_Party/FreeRTOS/Source/queue.o
                0x00000000080058bc                vQueueWaitForMessageRestricted
 .text.xTaskCreateStatic
                0x0000000008005924       0xba ./Middlewares/Third_Party/FreeRTOS/Source/tasks.o
                0x0000000008005924                xTaskCreateStatic
 .text.xTaskCreate
                0x00000000080059de       0x8a ./Middlewares/Third_Party/FreeRTOS/Source/tasks.o
                0x00000000080059de                xTaskCreate
 .text.prvInitialiseNewTask
                0x0000000008005a68      0x14c ./Middlewares/Third_Party/FreeRTOS/Source/tasks.o
 .text.prvAddNewTaskToReadyList
                0x0000000008005bb4       0xe0 ./Middlewares/Third_Party/FreeRTOS/Source/tasks.o
 .text.vTaskDelay
                0x0000000008005c94       0x68 ./Middlewares/Third_Party/FreeRTOS/Source/tasks.o
                0x0000000008005c94                vTaskDelay
 .text.vTaskStartScheduler
                0x0000000008005cfc       0xe0 ./Middlewares/Third_Party/FreeRTOS/Source/tasks.o
                0x0000000008005cfc                vTaskStartScheduler
 .text.vTaskSuspendAll
                0x0000000008005ddc       0x1c ./Middlewares/Third_Party/FreeRTOS/Source/tasks.o
                0x0000000008005ddc                vTaskSuspendAll
 .text.xTaskResumeAll
                0x0000000008005df8      0x13c ./Middlewares/Third_Party/FreeRTOS/Source/tasks.o
                0x0000000008005df8                xTaskResumeAll
 .text.xTaskGetTickCount
                0x0000000008005f34       0x20 ./Middlewares/Third_Party/FreeRTOS/Source/tasks.o
                0x0000000008005f34                xTaskGetTickCount
 .text.xTaskGetTickCountFromISR
                0x0000000008005f54       0x24 ./Middlewares/Third_Party/FreeRTOS/Source/tasks.o
                0x0000000008005f54                xTaskGetTickCountFromISR
 .text.xTaskIncrementTick
                0x0000000008005f78      0x174 ./Middlewares/Third_Party/FreeRTOS/Source/tasks.o
                0x0000000008005f78                xTaskIncrementTick
 .text.vTaskSwitchContext
                0x00000000080060ec       0xc8 ./Middlewares/Third_Party/FreeRTOS/Source/tasks.o
                0x00000000080060ec                vTaskSwitchContext
 .text.vTaskPlaceOnEventList
                0x00000000080061b4       0x48 ./Middlewares/Third_Party/FreeRTOS/Source/tasks.o
                0x00000000080061b4                vTaskPlaceOnEventList
 .text.vTaskPlaceOnEventListRestricted
                0x00000000080061fc       0x58 ./Middlewares/Third_Party/FreeRTOS/Source/tasks.o
                0x00000000080061fc                vTaskPlaceOnEventListRestricted
 .text.xTaskRemoveFromEventList
                0x0000000008006254       0xc8 ./Middlewares/Third_Party/FreeRTOS/Source/tasks.o
                0x0000000008006254                xTaskRemoveFromEventList
 .text.vTaskInternalSetTimeOutState
                0x000000000800631c       0x2c ./Middlewares/Third_Party/FreeRTOS/Source/tasks.o
                0x000000000800631c                vTaskInternalSetTimeOutState
 .text.xTaskCheckForTimeOut
                0x0000000008006348       0xc4 ./Middlewares/Third_Party/FreeRTOS/Source/tasks.o
                0x0000000008006348                xTaskCheckForTimeOut
 .text.vTaskMissedYield
                0x000000000800640c       0x18 ./Middlewares/Third_Party/FreeRTOS/Source/tasks.o
                0x000000000800640c                vTaskMissedYield
 .text.prvIdleTask
                0x0000000008006424       0x30 ./Middlewares/Third_Party/FreeRTOS/Source/tasks.o
 .text.prvInitialiseTaskLists
                0x0000000008006454       0x80 ./Middlewares/Third_Party/FreeRTOS/Source/tasks.o
 .text.prvCheckTasksWaitingTermination
                0x00000000080064d4       0x5c ./Middlewares/Third_Party/FreeRTOS/Source/tasks.o
 .text.prvDeleteTCB
                0x0000000008006530       0x68 ./Middlewares/Third_Party/FreeRTOS/Source/tasks.o
 .text.prvResetNextTaskUnblockTime
                0x0000000008006598       0x40 ./Middlewares/Third_Party/FreeRTOS/Source/tasks.o
 .text.xTaskGetSchedulerState
                0x00000000080065d8       0x3c ./Middlewares/Third_Party/FreeRTOS/Source/tasks.o
                0x00000000080065d8                xTaskGetSchedulerState
 .text.xTaskPriorityDisinherit
                0x0000000008006614       0xdc ./Middlewares/Third_Party/FreeRTOS/Source/tasks.o
                0x0000000008006614                xTaskPriorityDisinherit
 .text.prvAddCurrentTaskToDelayedList
                0x00000000080066f0       0xa8 ./Middlewares/Third_Party/FreeRTOS/Source/tasks.o
 .text.xTimerCreateTimerTask
                0x0000000008006798       0x90 ./Middlewares/Third_Party/FreeRTOS/Source/timers.o
                0x0000000008006798                xTimerCreateTimerTask
 .text.xTimerGenericCommand
                0x0000000008006828       0x9c ./Middlewares/Third_Party/FreeRTOS/Source/timers.o
                0x0000000008006828                xTimerGenericCommand
 .text.prvProcessExpiredTimer
                0x00000000080068c4       0x98 ./Middlewares/Third_Party/FreeRTOS/Source/timers.o
 .text.prvTimerTask
                0x000000000800695c       0x24 ./Middlewares/Third_Party/FreeRTOS/Source/timers.o
 .text.prvProcessTimerOrBlockTask
                0x0000000008006980       0x9c ./Middlewares/Third_Party/FreeRTOS/Source/timers.o
 .text.prvGetNextExpireTime
                0x0000000008006a1c       0x48 ./Middlewares/Third_Party/FreeRTOS/Source/timers.o
 .text.prvSampleTimeNow
                0x0000000008006a64       0x40 ./Middlewares/Third_Party/FreeRTOS/Source/timers.o
 .text.prvInsertTimerInActiveList
                0x0000000008006aa4       0x84 ./Middlewares/Third_Party/FreeRTOS/Source/timers.o
 .text.prvProcessReceivedCommands
                0x0000000008006b28      0x1c4 ./Middlewares/Third_Party/FreeRTOS/Source/timers.o
 .text.prvSwitchTimerLists
                0x0000000008006cec       0xc8 ./Middlewares/Third_Party/FreeRTOS/Source/timers.o
 .text.prvCheckForValidListAndQueue
                0x0000000008006db4       0x80 ./Middlewares/Third_Party/FreeRTOS/Source/timers.o
 .text.pxPortInitialiseStack
                0x0000000008006e34       0x68 ./Middlewares/Third_Party/FreeRTOS/Source/portable/GCC/ARM_CM4F/port.o
                0x0000000008006e34                pxPortInitialiseStack
 .text.prvTaskExitError
                0x0000000008006e9c       0x58 ./Middlewares/Third_Party/FreeRTOS/Source/portable/GCC/ARM_CM4F/port.o
 *fill*         0x0000000008006ef4        0xc 
 .text.SVC_Handler
                0x0000000008006f00       0x28 ./Middlewares/Third_Party/FreeRTOS/Source/portable/GCC/ARM_CM4F/port.o
                0x0000000008006f00                SVC_Handler
 .text.prvPortStartFirstTask
                0x0000000008006f28       0x28 ./Middlewares/Third_Party/FreeRTOS/Source/portable/GCC/ARM_CM4F/port.o
 .text.xPortStartScheduler
                0x0000000008006f50      0x144 ./Middlewares/Third_Party/FreeRTOS/Source/portable/GCC/ARM_CM4F/port.o
                0x0000000008006f50                xPortStartScheduler
 .text.vPortEnterCritical
                0x0000000008007094       0x60 ./Middlewares/Third_Party/FreeRTOS/Source/portable/GCC/ARM_CM4F/port.o
                0x0000000008007094                vPortEnterCritical
 .text.vPortExitCritical
                0x00000000080070f4       0x54 ./Middlewares/Third_Party/FreeRTOS/Source/portable/GCC/ARM_CM4F/port.o
                0x00000000080070f4                vPortExitCritical
 *fill*         0x0000000008007148        0x8 
 .text.PendSV_Handler
                0x0000000008007150       0x68 ./Middlewares/Third_Party/FreeRTOS/Source/portable/GCC/ARM_CM4F/port.o
                0x0000000008007150                PendSV_Handler
 .text.xPortSysTickHandler
                0x00000000080071b8       0x44 ./Middlewares/Third_Party/FreeRTOS/Source/portable/GCC/ARM_CM4F/port.o
                0x00000000080071b8                xPortSysTickHandler
 .text.vPortSetupTimerInterrupt
                0x00000000080071fc       0x48 ./Middlewares/Third_Party/FreeRTOS/Source/portable/GCC/ARM_CM4F/port.o
                0x00000000080071fc                vPortSetupTimerInterrupt
 .text.vPortEnableVFP
                0x0000000008007244       0x14 ./Middlewares/Third_Party/FreeRTOS/Source/portable/GCC/ARM_CM4F/port.o
 .text.vPortValidateInterruptPriority
                0x0000000008007258       0x80 ./Middlewares/Third_Party/FreeRTOS/Source/portable/GCC/ARM_CM4F/port.o
                0x0000000008007258                vPortValidateInterruptPriority
 .text.pvPortMalloc
                0x00000000080072d8      0x198 ./Middlewares/Third_Party/FreeRTOS/Source/portable/MemMang/heap_4.o
                0x00000000080072d8                pvPortMalloc
 .text.vPortFree
                0x0000000008007470       0xc4 ./Middlewares/Third_Party/FreeRTOS/Source/portable/MemMang/heap_4.o
                0x0000000008007470                vPortFree
 .text.prvHeapInit
                0x0000000008007534       0xc4 ./Middlewares/Third_Party/FreeRTOS/Source/portable/MemMang/heap_4.o
 .text.prvInsertBlockIntoFreeList
                0x00000000080075f8       0xb4 ./Middlewares/Third_Party/FreeRTOS/Source/portable/MemMang/heap_4.o
 .text._ZN13elapsedMillisC2Ev
                0x00000000080076ac       0x1c ./firmware/firmware.o
                0x00000000080076ac                elapsedMillis::elapsedMillis()
                0x00000000080076ac                elapsedMillis::elapsedMillis()
 .text.firmware
                0x00000000080076c8       0x50 ./firmware/firmware.o
                0x00000000080076c8                firmware
 .text._Z8imu_taskPv
                0x0000000008007718       0x1c ./firmware/firmware.o
                0x0000000008007718                imu_task(void*)
 .text._Z41__static_initialization_and_destruction_0ii
                0x0000000008007734       0x48 ./firmware/firmware.o
 .text._GLOBAL__sub_I_imu_config
                0x000000000800777c       0x10 ./firmware/firmware.o
 .text._Z41__static_initialization_and_destruction_0ii
                0x000000000800778c       0x38 ./stm32_core_cpp_lib/communication/uart_interface/core_comm_UartInterface.o
 .text._GLOBAL__sub_I_std_hardware_uart_config
                0x00000000080077c4       0x10 ./stm32_core_cpp_lib/communication/uart_interface/core_comm_UartInterface.o
 .text._ZN8CallbackC2Ev
                0x00000000080077d4       0x20 ./stm32_core_cpp_lib/hardware/SPI/core_hardware_spi.o
                0x00000000080077d4                Callback::Callback()
                0x00000000080077d4                Callback::Callback()
 .text._ZN8Callback4callEv
                0x00000000080077f4       0x14 ./stm32_core_cpp_lib/hardware/SPI/core_hardware_spi.o
                0x00000000080077f4                Callback::call()
 .text._ZN8Callback4callEPv
                0x0000000008007808       0x16 ./stm32_core_cpp_lib/hardware/SPI/core_hardware_spi.o
                0x0000000008007808                Callback::call(void*)
 *fill*         0x000000000800781e        0x2 
 .text._ZN19core_utils_CallbackIvvEC2Ev
                0x0000000008007820       0x3c ./stm32_core_cpp_lib/hardware/SPI/core_hardware_spi.o
                0x0000000008007820                core_utils_Callback<void, void>::core_utils_Callback()
                0x0000000008007820                core_utils_Callback<void, void>::core_utils_Callback()
 .text._ZN19core_utils_CallbackIvvE4callEv
                0x000000000800785c       0x1a ./stm32_core_cpp_lib/hardware/SPI/core_hardware_spi.o
                0x000000000800785c                core_utils_Callback<void, void>::call()
 .text._ZN26core_utils_FunctionPointerIvvEC2EPFvvE
                0x0000000008007876       0x1c ./stm32_core_cpp_lib/hardware/SPI/core_hardware_spi.o
                0x0000000008007876                core_utils_FunctionPointer<void, void>::core_utils_FunctionPointer(void (*)())
                0x0000000008007876                core_utils_FunctionPointer<void, void>::core_utils_FunctionPointer(void (*)())
 .text._ZN26core_utils_FunctionPointerIvvEclEv
                0x0000000008007892       0x16 ./stm32_core_cpp_lib/hardware/SPI/core_hardware_spi.o
                0x0000000008007892                core_utils_FunctionPointer<void, void>::operator()()
 .text._ZN26core_utils_FunctionPointerIvvE6attachEPFvvE
                0x00000000080078a8       0x22 ./stm32_core_cpp_lib/hardware/SPI/core_hardware_spi.o
                0x00000000080078a8                core_utils_FunctionPointer<void, void>::attach(void (*)())
 .text._ZN26core_utils_FunctionPointerIvvE4callEv
                0x00000000080078ca       0x4a ./stm32_core_cpp_lib/hardware/SPI/core_hardware_spi.o
                0x00000000080078ca                core_utils_FunctionPointer<void, void>::call()
 .text._Z7deg2radf
                0x0000000008007914       0x38 ./stm32_core_cpp_lib/sensors/IMU/bmi160.o
                0x0000000008007914                deg2rad(float)
 .text._Z5delaym
                0x000000000800794c       0x2a ./stm32_core_cpp_lib/sensors/IMU/bmi160.o
                0x000000000800794c                delay(unsigned long)
 .text._ZN18bmi160_gyr_calib_tC2Ev
                0x0000000008007976       0x2e ./stm32_core_cpp_lib/sensors/IMU/bmi160.o
                0x0000000008007976                bmi160_gyr_calib_t::bmi160_gyr_calib_t()
                0x0000000008007976                bmi160_gyr_calib_t::bmi160_gyr_calib_t()
 .text._ZN19bmi160_gyr_config_tC2Ev
                0x00000000080079a4       0x2e ./stm32_core_cpp_lib/sensors/IMU/bmi160.o
                0x00000000080079a4                bmi160_gyr_config_t::bmi160_gyr_config_t()
                0x00000000080079a4                bmi160_gyr_config_t::bmi160_gyr_config_t()
 .text._ZN19bmi160_acc_config_tC2Ev
                0x00000000080079d2       0x2e ./stm32_core_cpp_lib/sensors/IMU/bmi160.o
                0x00000000080079d2                bmi160_acc_config_t::bmi160_acc_config_t()
                0x00000000080079d2                bmi160_acc_config_t::bmi160_acc_config_t()
 .text._ZN15bmi160_config_tC2Ev
                0x0000000008007a00       0x26 ./stm32_core_cpp_lib/sensors/IMU/bmi160.o
                0x0000000008007a00                bmi160_config_t::bmi160_config_t()
                0x0000000008007a00                bmi160_config_t::bmi160_config_t()
 .text._ZN6BMI160C2Ev
                0x0000000008007a26       0x26 ./stm32_core_cpp_lib/sensors/IMU/bmi160.o
                0x0000000008007a26                BMI160::BMI160()
                0x0000000008007a26                BMI160::BMI160()
 .text._ZN6BMI16013writeRegisterEhh
                0x0000000008007a4c       0x5a ./stm32_core_cpp_lib/sensors/IMU/bmi160.o
                0x0000000008007a4c                BMI160::writeRegister(unsigned char, unsigned char)
 .text._ZN6BMI1604initE15bmi160_config_t
                0x0000000008007aa6      0x14a ./stm32_core_cpp_lib/sensors/IMU/bmi160.o
                0x0000000008007aa6                BMI160::init(bmi160_config_t)
 .text._ZN6BMI16012readRegisterEh
                0x0000000008007bf0       0x66 ./stm32_core_cpp_lib/sensors/IMU/bmi160.o
                0x0000000008007bf0                BMI160::readRegister(unsigned char)
 .text._ZN6BMI16020readMultipleRegisterEhPhh
                0x0000000008007c56       0x6c ./stm32_core_cpp_lib/sensors/IMU/bmi160.o
                0x0000000008007c56                BMI160::readMultipleRegister(unsigned char, unsigned char*, unsigned char)
 .text._ZN6BMI1605checkEv
                0x0000000008007cc2       0x26 ./stm32_core_cpp_lib/sensors/IMU/bmi160.o
                0x0000000008007cc2                BMI160::check()
 .text._ZN6BMI1606readIDEv
                0x0000000008007ce8       0x1a ./stm32_core_cpp_lib/sensors/IMU/bmi160.o
                0x0000000008007ce8                BMI160::readID()
 .text._ZN6BMI1606updateEv
                0x0000000008007d02       0x1c ./stm32_core_cpp_lib/sensors/IMU/bmi160.o
                0x0000000008007d02                BMI160::update()
 .text._ZN6BMI1609fetchDataEv
                0x0000000008007d1e       0x1e ./stm32_core_cpp_lib/sensors/IMU/bmi160.o
                0x0000000008007d1e                BMI160::fetchData()
 *fill*         0x0000000008007d3c        0x4 
 .text._ZN6BMI16011processDataEv
                0x0000000008007d40      0x920 ./stm32_core_cpp_lib/sensors/IMU/bmi160.o
                0x0000000008007d40                BMI160::processData()
 .text._ZN6BMI1607readGyrEv
                0x0000000008008660       0x62 ./stm32_core_cpp_lib/sensors/IMU/bmi160.o
                0x0000000008008660                BMI160::readGyr()
 .text._ZN6BMI1607readAccEv
                0x00000000080086c2       0x62 ./stm32_core_cpp_lib/sensors/IMU/bmi160.o
                0x00000000080086c2                BMI160::readAcc()
 .text._ZN6BMI16013setGyroConfigEhh
                0x0000000008008724       0x32 ./stm32_core_cpp_lib/sensors/IMU/bmi160.o
                0x0000000008008724                BMI160::setGyroConfig(unsigned char, unsigned char)
 .text._ZN6BMI16012setAccConfigEhh
                0x0000000008008756       0x32 ./stm32_core_cpp_lib/sensors/IMU/bmi160.o
                0x0000000008008756                BMI160::setAccConfig(unsigned char, unsigned char)
 .text._ZN6BMI16012setPowerModeE16BMI160_PowerMode
                0x0000000008008788       0x6a ./stm32_core_cpp_lib/sensors/IMU/bmi160.o
                0x0000000008008788                BMI160::setPowerMode(BMI160_PowerMode)
 .text._ZN6BMI1605resetEv
                0x00000000080087f2       0x20 ./stm32_core_cpp_lib/sensors/IMU/bmi160.o
                0x00000000080087f2                BMI160::reset()
 .text._Z18bytearray_to_int16Ph
                0x0000000008008812       0x2c ./stm32_core_cpp_lib/utils/core_bytes.o
                0x0000000008008812                bytearray_to_int16(unsigned char*)
 .text._Z17core_ErrorHandleri
                0x000000000800883e        0xa ./stm32_core_cpp_lib/utils/core_errors.o
                0x000000000800883e                core_ErrorHandler(int)
 .text._Z41__static_initialization_and_destruction_0ii
                0x0000000008008848       0x3c ./stm32_core_cpp_lib/utils/core_utils_gpio.o
 .text._GLOBAL__sub_I__ZN15core_utils_GPIOC2EP12GPIO_TypeDeft
                0x0000000008008884       0x10 ./stm32_core_cpp_lib/utils/core_utils_gpio.o
 .text._Z6millisv
                0x0000000008008894        0xe ./stm32_core_cpp_lib/utils/elapsedMillis.o
                0x0000000008008894                millis()
 .text.memset   0x00000000080088a2       0x10 C:/ST/STM32CubeIDE_1.7.0/STM32CubeIDE/plugins/com.st.stm32cube.ide.mcu.externaltools.gnu-tools-for-stm32.11.3.rel1.win32_1.1.100.202309141235/tools/bin/../lib/gcc/arm-none-eabi/11.3.1/../../../../arm-none-eabi/lib/thumb/v7e-m+fp/hard\libc_nano.a(libc_a-memset.o)
                0x00000000080088a2                memset
 *fill*         0x00000000080088b2        0x2 
 .text._reclaim_reent
                0x00000000080088b4       0xac C:/ST/STM32CubeIDE_1.7.0/STM32CubeIDE/plugins/com.st.stm32cube.ide.mcu.externaltools.gnu-tools-for-stm32.11.3.rel1.win32_1.1.100.202309141235/tools/bin/../lib/gcc/arm-none-eabi/11.3.1/../../../../arm-none-eabi/lib/thumb/v7e-m+fp/hard\libc_nano.a(libc_a-reent.o)
                0x00000000080088b4                _reclaim_reent
 .text.__libc_init_array
                0x0000000008008960       0x48 C:/ST/STM32CubeIDE_1.7.0/STM32CubeIDE/plugins/com.st.stm32cube.ide.mcu.externaltools.gnu-tools-for-stm32.11.3.rel1.win32_1.1.100.202309141235/tools/bin/../lib/gcc/arm-none-eabi/11.3.1/../../../../arm-none-eabi/lib/thumb/v7e-m+fp/hard\libc_nano.a(libc_a-init.o)
                0x0000000008008960                __libc_init_array
 .text.__retarget_lock_acquire_recursive
                0x00000000080089a8        0x2 C:/ST/STM32CubeIDE_1.7.0/STM32CubeIDE/plugins/com.st.stm32cube.ide.mcu.externaltools.gnu-tools-for-stm32.11.3.rel1.win32_1.1.100.202309141235/tools/bin/../lib/gcc/arm-none-eabi/11.3.1/../../../../arm-none-eabi/lib/thumb/v7e-m+fp/hard\libc_nano.a(libc_a-lock.o)
                0x00000000080089a8                __retarget_lock_acquire_recursive
 .text.__retarget_lock_release_recursive
                0x00000000080089aa        0x2 C:/ST/STM32CubeIDE_1.7.0/STM32CubeIDE/plugins/com.st.stm32cube.ide.mcu.externaltools.gnu-tools-for-stm32.11.3.rel1.win32_1.1.100.202309141235/tools/bin/../lib/gcc/arm-none-eabi/11.3.1/../../../../arm-none-eabi/lib/thumb/v7e-m+fp/hard\libc_nano.a(libc_a-lock.o)
                0x00000000080089aa                __retarget_lock_release_recursive
 .text.memcpy   0x00000000080089ac       0x1c C:/ST/STM32CubeIDE_1.7.0/STM32CubeIDE/plugins/com.st.stm32cube.ide.mcu.externaltools.gnu-tools-for-stm32.11.3.rel1.win32_1.1.100.202309141235/tools/bin/../lib/gcc/arm-none-eabi/11.3.1/../../../../arm-none-eabi/lib/thumb/v7e-m+fp/hard\libc_nano.a(libc_a-memcpy-stub.o)
                0x00000000080089ac                memcpy
 .text._free_r  0x00000000080089c8       0x98 C:/ST/STM32CubeIDE_1.7.0/STM32CubeIDE/plugins/com.st.stm32cube.ide.mcu.externaltools.gnu-tools-for-stm32.11.3.rel1.win32_1.1.100.202309141235/tools/bin/../lib/gcc/arm-none-eabi/11.3.1/../../../../arm-none-eabi/lib/thumb/v7e-m+fp/hard\libc_nano.a(libc_a-freer.o)
                0x00000000080089c8                _free_r
 .text.__malloc_lock
                0x0000000008008a60        0xc C:/ST/STM32CubeIDE_1.7.0/STM32CubeIDE/plugins/com.st.stm32cube.ide.mcu.externaltools.gnu-tools-for-stm32.11.3.rel1.win32_1.1.100.202309141235/tools/bin/../lib/gcc/arm-none-eabi/11.3.1/../../../../arm-none-eabi/lib/thumb/v7e-m+fp/hard\libc_nano.a(libc_a-mlock.o)
                0x0000000008008a60                __malloc_lock
 .text.__malloc_unlock
                0x0000000008008a6c        0xc C:/ST/STM32CubeIDE_1.7.0/STM32CubeIDE/plugins/com.st.stm32cube.ide.mcu.externaltools.gnu-tools-for-stm32.11.3.rel1.win32_1.1.100.202309141235/tools/bin/../lib/gcc/arm-none-eabi/11.3.1/../../../../arm-none-eabi/lib/thumb/v7e-m+fp/hard\libc_nano.a(libc_a-mlock.o)
                0x0000000008008a6c                __malloc_unlock
 *(.glue_7)
 .glue_7        0x0000000008008a78        0x0 linker stubs
 *(.glue_7t)
 .glue_7t       0x0000000008008a78        0x0 linker stubs
 *(.eh_frame)
 .eh_frame      0x0000000008008a78        0x0 C:/ST/STM32CubeIDE_1.7.0/STM32CubeIDE/plugins/com.st.stm32cube.ide.mcu.externaltools.gnu-tools-for-stm32.11.3.rel1.win32_1.1.100.202309141235/tools/bin/../lib/gcc/arm-none-eabi/11.3.1/thumb/v7e-m+fp/hard/crtbegin.o
 *(.init)
 .init          0x0000000008008a78        0x4 C:/ST/STM32CubeIDE_1.7.0/STM32CubeIDE/plugins/com.st.stm32cube.ide.mcu.externaltools.gnu-tools-for-stm32.11.3.rel1.win32_1.1.100.202309141235/tools/bin/../lib/gcc/arm-none-eabi/11.3.1/thumb/v7e-m+fp/hard/crti.o
                0x0000000008008a78                _init
 .init          0x0000000008008a7c        0x8 C:/ST/STM32CubeIDE_1.7.0/STM32CubeIDE/plugins/com.st.stm32cube.ide.mcu.externaltools.gnu-tools-for-stm32.11.3.rel1.win32_1.1.100.202309141235/tools/bin/../lib/gcc/arm-none-eabi/11.3.1/thumb/v7e-m+fp/hard/crtn.o
 *(.fini)
 .fini          0x0000000008008a84        0x4 C:/ST/STM32CubeIDE_1.7.0/STM32CubeIDE/plugins/com.st.stm32cube.ide.mcu.externaltools.gnu-tools-for-stm32.11.3.rel1.win32_1.1.100.202309141235/tools/bin/../lib/gcc/arm-none-eabi/11.3.1/thumb/v7e-m+fp/hard/crti.o
                0x0000000008008a84                _fini
 .fini          0x0000000008008a88        0x8 C:/ST/STM32CubeIDE_1.7.0/STM32CubeIDE/plugins/com.st.stm32cube.ide.mcu.externaltools.gnu-tools-for-stm32.11.3.rel1.win32_1.1.100.202309141235/tools/bin/../lib/gcc/arm-none-eabi/11.3.1/thumb/v7e-m+fp/hard/crtn.o
                0x0000000008008a90                . = ALIGN (0x4)
                0x0000000008008a90                _etext = .

.vfp11_veneer   0x0000000008008a90        0x0
 .vfp11_veneer  0x0000000008008a90        0x0 linker stubs

.v4_bx          0x0000000008008a90        0x0
 .v4_bx         0x0000000008008a90        0x0 linker stubs

.iplt           0x0000000008008a90        0x0
 .iplt          0x0000000008008a90        0x0 C:/ST/STM32CubeIDE_1.7.0/STM32CubeIDE/plugins/com.st.stm32cube.ide.mcu.externaltools.gnu-tools-for-stm32.11.3.rel1.win32_1.1.100.202309141235/tools/bin/../lib/gcc/arm-none-eabi/11.3.1/thumb/v7e-m+fp/hard/crtbegin.o

.rodata         0x0000000008008a90      0x110
                0x0000000008008a90                . = ALIGN (0x4)
 *(.rodata)
 .rodata        0x0000000008008a90        0xc ./Core/Src/main.o
 .rodata        0x0000000008008a9c        0x5 ./Middlewares/Third_Party/FreeRTOS/Source/tasks.o
 *fill*         0x0000000008008aa1        0x3 
 .rodata        0x0000000008008aa4        0xd ./Middlewares/Third_Party/FreeRTOS/Source/timers.o
 *fill*         0x0000000008008ab1        0x3 
 .rodata        0x0000000008008ab4       0x16 ./firmware/firmware.o
 *(.rodata*)
 *fill*         0x0000000008008aca        0x2 
 .rodata.defaultTask_attributes
                0x0000000008008acc       0x24 ./Core/Src/main.o
                0x0000000008008acc                defaultTask_attributes
 .rodata.AHBPrescTable
                0x0000000008008af0       0x10 ./Core/Src/system_stm32l4xx.o
                0x0000000008008af0                AHBPrescTable
 .rodata.APBPrescTable
                0x0000000008008b00        0x8 ./Core/Src/system_stm32l4xx.o
                0x0000000008008b00                APBPrescTable
 .rodata.MSIRangeTable
                0x0000000008008b08       0x30 ./Core/Src/system_stm32l4xx.o
                0x0000000008008b08                MSIRangeTable
 .rodata._ZL19imu_task_attributes
                0x0000000008008b38       0x24 ./firmware/firmware.o
 .rodata._ZL20comm_task_attributes
                0x0000000008008b5c       0x24 ./firmware/firmware.o
 .rodata._ZTV19core_utils_CallbackIvvE
                0x0000000008008b80       0x10 ./stm32_core_cpp_lib/hardware/SPI/core_hardware_spi.o
                0x0000000008008b80                vtable for core_utils_Callback<void, void>
 .rodata._ZTV8Callback
                0x0000000008008b90       0x10 ./stm32_core_cpp_lib/hardware/SPI/core_hardware_spi.o
                0x0000000008008b90                vtable for Callback
                0x0000000008008ba0                . = ALIGN (0x4)

.ARM.extab      0x0000000008008ba0        0x0
                0x0000000008008ba0                . = ALIGN (0x4)
 *(.ARM.extab* .gnu.linkonce.armextab.*)
                0x0000000008008ba0                . = ALIGN (0x4)

.ARM            0x0000000008008ba0        0x8
                0x0000000008008ba0                . = ALIGN (0x4)
                0x0000000008008ba0                __exidx_start = .
 *(.ARM.exidx*)
 .ARM.exidx     0x0000000008008ba0        0x8 C:/ST/STM32CubeIDE_1.7.0/STM32CubeIDE/plugins/com.st.stm32cube.ide.mcu.externaltools.gnu-tools-for-stm32.11.3.rel1.win32_1.1.100.202309141235/tools/bin/../lib/gcc/arm-none-eabi/11.3.1/thumb/v7e-m+fp/hard\libgcc.a(_udivmoddi4.o)
                0x0000000008008ba8                __exidx_end = .
                0x0000000008008ba8                . = ALIGN (0x4)

.rel.dyn        0x0000000008008ba8        0x0
 .rel.iplt      0x0000000008008ba8        0x0 C:/ST/STM32CubeIDE_1.7.0/STM32CubeIDE/plugins/com.st.stm32cube.ide.mcu.externaltools.gnu-tools-for-stm32.11.3.rel1.win32_1.1.100.202309141235/tools/bin/../lib/gcc/arm-none-eabi/11.3.1/thumb/v7e-m+fp/hard/crtbegin.o

.preinit_array  0x0000000008008ba8        0x0
                0x0000000008008ba8                . = ALIGN (0x4)
                0x0000000008008ba8                PROVIDE (__preinit_array_start = .)
 *(.preinit_array*)
                0x0000000008008ba8                PROVIDE (__preinit_array_end = .)
                0x0000000008008ba8                . = ALIGN (0x4)

.init_array     0x0000000008008ba8       0x10
                0x0000000008008ba8                . = ALIGN (0x4)
                0x0000000008008ba8                PROVIDE (__init_array_start = .)
 *(SORT_BY_NAME(.init_array.*))
 *(.init_array*)
 .init_array    0x0000000008008ba8        0x4 C:/ST/STM32CubeIDE_1.7.0/STM32CubeIDE/plugins/com.st.stm32cube.ide.mcu.externaltools.gnu-tools-for-stm32.11.3.rel1.win32_1.1.100.202309141235/tools/bin/../lib/gcc/arm-none-eabi/11.3.1/thumb/v7e-m+fp/hard/crtbegin.o
 .init_array    0x0000000008008bac        0x4 ./firmware/firmware.o
 .init_array    0x0000000008008bb0        0x4 ./stm32_core_cpp_lib/communication/uart_interface/core_comm_UartInterface.o
 .init_array    0x0000000008008bb4        0x4 ./stm32_core_cpp_lib/utils/core_utils_gpio.o
                0x0000000008008bb8                PROVIDE (__init_array_end = .)
                0x0000000008008bb8                . = ALIGN (0x4)

.fini_array     0x0000000008008bb8        0x4
                0x0000000008008bb8                . = ALIGN (0x4)
                [!provide]                        PROVIDE (__fini_array_start = .)
 *(SORT_BY_NAME(.fini_array.*))
 *(.fini_array*)
 .fini_array    0x0000000008008bb8        0x4 C:/ST/STM32CubeIDE_1.7.0/STM32CubeIDE/plugins/com.st.stm32cube.ide.mcu.externaltools.gnu-tools-for-stm32.11.3.rel1.win32_1.1.100.202309141235/tools/bin/../lib/gcc/arm-none-eabi/11.3.1/thumb/v7e-m+fp/hard/crtbegin.o
                [!provide]                        PROVIDE (__fini_array_end = .)
                0x0000000008008bbc                . = ALIGN (0x4)
                0x0000000008008bbc                _sidata = LOADADDR (.data)

.data           0x0000000020000000       0x80 load address 0x0000000008008bbc
                0x0000000020000000                . = ALIGN (0x4)
                0x0000000020000000                _sdata = .
 *(.data)
 *(.data*)
 .data.SystemCoreClock
                0x0000000020000000        0x4 ./Core/Src/system_stm32l4xx.o
                0x0000000020000000                SystemCoreClock
 .data.uwTickPrio
                0x0000000020000004        0x4 ./Drivers/STM32L4xx_HAL_Driver/Src/stm32l4xx_hal.o
                0x0000000020000004                uwTickPrio
 .data.uwTickFreq
                0x0000000020000008        0x1 ./Drivers/STM32L4xx_HAL_Driver/Src/stm32l4xx_hal.o
                0x0000000020000008                uwTickFreq
 *fill*         0x0000000020000009        0x3 
 .data.uxCriticalNesting
                0x000000002000000c        0x4 ./Middlewares/Third_Party/FreeRTOS/Source/portable/GCC/ARM_CM4F/port.o
 .data.imu_config
                0x0000000020000010       0x14 ./firmware/firmware.o
                0x0000000020000010                imu_config
 .data.std_hardware_uart_config
                0x0000000020000024        0x4 ./stm32_core_cpp_lib/communication/uart_interface/core_comm_UartInterface.o
                0x0000000020000024                std_hardware_uart_config
 .data.std_uart_config
                0x0000000020000028        0x6 ./stm32_core_cpp_lib/communication/uart_interface/core_comm_UartInterface.o
                0x0000000020000028                std_uart_config
 *fill*         0x000000002000002e        0x2 
 .data._impure_data
                0x0000000020000030       0x4c C:/ST/STM32CubeIDE_1.7.0/STM32CubeIDE/plugins/com.st.stm32cube.ide.mcu.externaltools.gnu-tools-for-stm32.11.3.rel1.win32_1.1.100.202309141235/tools/bin/../lib/gcc/arm-none-eabi/11.3.1/../../../../arm-none-eabi/lib/thumb/v7e-m+fp/hard\libc_nano.a(libc_a-impure.o)
                0x0000000020000030                _impure_data
 .data._impure_ptr
                0x000000002000007c        0x4 C:/ST/STM32CubeIDE_1.7.0/STM32CubeIDE/plugins/com.st.stm32cube.ide.mcu.externaltools.gnu-tools-for-stm32.11.3.rel1.win32_1.1.100.202309141235/tools/bin/../lib/gcc/arm-none-eabi/11.3.1/../../../../arm-none-eabi/lib/thumb/v7e-m+fp/hard\libc_nano.a(libc_a-impure.o)
                0x000000002000007c                _impure_ptr
 *(.RamFunc)
 *(.RamFunc*)
                0x0000000020000080                . = ALIGN (0x4)
                0x0000000020000080                _edata = .

.igot.plt       0x0000000020000080        0x0 load address 0x0000000008008c3c
 .igot.plt      0x0000000020000080        0x0 C:/ST/STM32CubeIDE_1.7.0/STM32CubeIDE/plugins/com.st.stm32cube.ide.mcu.externaltools.gnu-tools-for-stm32.11.3.rel1.win32_1.1.100.202309141235/tools/bin/../lib/gcc/arm-none-eabi/11.3.1/thumb/v7e-m+fp/hard/crtbegin.o
                0x0000000020000080                . = ALIGN (0x4)

.bss            0x0000000020000080     0x1ee4 load address 0x0000000008008c3c
                0x0000000020000080                _sbss = .
                0x0000000020000080                __bss_start__ = _sbss
 *(.bss)
 .bss           0x0000000020000080       0x1c C:/ST/STM32CubeIDE_1.7.0/STM32CubeIDE/plugins/com.st.stm32cube.ide.mcu.externaltools.gnu-tools-for-stm32.11.3.rel1.win32_1.1.100.202309141235/tools/bin/../lib/gcc/arm-none-eabi/11.3.1/thumb/v7e-m+fp/hard/crtbegin.o
 *(.bss*)
 .bss.hspi3     0x000000002000009c       0x8c ./Core/Src/main.o
                0x000000002000009c                hspi3
 .bss.huart1    0x0000000020000128       0xb8 ./Core/Src/main.o
                0x0000000020000128                huart1
 .bss.defaultTaskHandle
                0x00000000200001e0        0x4 ./Core/Src/main.o
                0x00000000200001e0                defaultTaskHandle
 .bss.htim6     0x00000000200001e4       0x4c ./Core/Src/stm32l4xx_hal_timebase_tim.o
                0x00000000200001e4                htim6
 .bss.uwTick    0x0000000020000230        0x4 ./Drivers/STM32L4xx_HAL_Driver/Src/stm32l4xx_hal.o
                0x0000000020000230                uwTick
 .bss.KernelState
                0x0000000020000234        0x4 ./Middlewares/Third_Party/FreeRTOS/Source/CMSIS_RTOS_V2/cmsis_os2.o
 .bss.Idle_TCB.3
                0x0000000020000238       0xa8 ./Middlewares/Third_Party/FreeRTOS/Source/CMSIS_RTOS_V2/cmsis_os2.o
 .bss.Idle_Stack.2
                0x00000000200002e0      0x200 ./Middlewares/Third_Party/FreeRTOS/Source/CMSIS_RTOS_V2/cmsis_os2.o
 .bss.Timer_TCB.1
                0x00000000200004e0       0xa8 ./Middlewares/Third_Party/FreeRTOS/Source/CMSIS_RTOS_V2/cmsis_os2.o
 .bss.Timer_Stack.0
                0x0000000020000588      0x400 ./Middlewares/Third_Party/FreeRTOS/Source/CMSIS_RTOS_V2/cmsis_os2.o
 .bss.xQueueRegistry
                0x0000000020000988       0x40 ./Middlewares/Third_Party/FreeRTOS/Source/queue.o
                0x0000000020000988                xQueueRegistry
 .bss.pxCurrentTCB
                0x00000000200009c8        0x4 ./Middlewares/Third_Party/FreeRTOS/Source/tasks.o
                0x00000000200009c8                pxCurrentTCB
 .bss.pxReadyTasksLists
                0x00000000200009cc      0x460 ./Middlewares/Third_Party/FreeRTOS/Source/tasks.o
 .bss.xDelayedTaskList1
                0x0000000020000e2c       0x14 ./Middlewares/Third_Party/FreeRTOS/Source/tasks.o
 .bss.xDelayedTaskList2
                0x0000000020000e40       0x14 ./Middlewares/Third_Party/FreeRTOS/Source/tasks.o
 .bss.pxDelayedTaskList
                0x0000000020000e54        0x4 ./Middlewares/Third_Party/FreeRTOS/Source/tasks.o
 .bss.pxOverflowDelayedTaskList
                0x0000000020000e58        0x4 ./Middlewares/Third_Party/FreeRTOS/Source/tasks.o
 .bss.xPendingReadyList
                0x0000000020000e5c       0x14 ./Middlewares/Third_Party/FreeRTOS/Source/tasks.o
 .bss.xTasksWaitingTermination
                0x0000000020000e70       0x14 ./Middlewares/Third_Party/FreeRTOS/Source/tasks.o
 .bss.uxDeletedTasksWaitingCleanUp
                0x0000000020000e84        0x4 ./Middlewares/Third_Party/FreeRTOS/Source/tasks.o
 .bss.xSuspendedTaskList
                0x0000000020000e88       0x14 ./Middlewares/Third_Party/FreeRTOS/Source/tasks.o
 .bss.uxCurrentNumberOfTasks
                0x0000000020000e9c        0x4 ./Middlewares/Third_Party/FreeRTOS/Source/tasks.o
 .bss.xTickCount
                0x0000000020000ea0        0x4 ./Middlewares/Third_Party/FreeRTOS/Source/tasks.o
 .bss.uxTopReadyPriority
                0x0000000020000ea4        0x4 ./Middlewares/Third_Party/FreeRTOS/Source/tasks.o
 .bss.xSchedulerRunning
                0x0000000020000ea8        0x4 ./Middlewares/Third_Party/FreeRTOS/Source/tasks.o
 .bss.xPendedTicks
                0x0000000020000eac        0x4 ./Middlewares/Third_Party/FreeRTOS/Source/tasks.o
 .bss.xYieldPending
                0x0000000020000eb0        0x4 ./Middlewares/Third_Party/FreeRTOS/Source/tasks.o
 .bss.xNumOfOverflows
                0x0000000020000eb4        0x4 ./Middlewares/Third_Party/FreeRTOS/Source/tasks.o
 .bss.uxTaskNumber
                0x0000000020000eb8        0x4 ./Middlewares/Third_Party/FreeRTOS/Source/tasks.o
 .bss.xNextTaskUnblockTime
                0x0000000020000ebc        0x4 ./Middlewares/Third_Party/FreeRTOS/Source/tasks.o
 .bss.xIdleTaskHandle
                0x0000000020000ec0        0x4 ./Middlewares/Third_Party/FreeRTOS/Source/tasks.o
 .bss.uxSchedulerSuspended
                0x0000000020000ec4        0x4 ./Middlewares/Third_Party/FreeRTOS/Source/tasks.o
 .bss.xActiveTimerList1
                0x0000000020000ec8       0x14 ./Middlewares/Third_Party/FreeRTOS/Source/timers.o
 .bss.xActiveTimerList2
                0x0000000020000edc       0x14 ./Middlewares/Third_Party/FreeRTOS/Source/timers.o
 .bss.pxCurrentTimerList
                0x0000000020000ef0        0x4 ./Middlewares/Third_Party/FreeRTOS/Source/timers.o
 .bss.pxOverflowTimerList
                0x0000000020000ef4        0x4 ./Middlewares/Third_Party/FreeRTOS/Source/timers.o
 .bss.xTimerQueue
                0x0000000020000ef8        0x4 ./Middlewares/Third_Party/FreeRTOS/Source/timers.o
 .bss.xTimerTaskHandle
                0x0000000020000efc        0x4 ./Middlewares/Third_Party/FreeRTOS/Source/timers.o
 .bss.xLastTime.2
                0x0000000020000f00        0x4 ./Middlewares/Third_Party/FreeRTOS/Source/timers.o
 .bss.ucStaticTimerQueueStorage.1
                0x0000000020000f04       0xa0 ./Middlewares/Third_Party/FreeRTOS/Source/timers.o
 .bss.xStaticTimerQueue.0
                0x0000000020000fa4       0x50 ./Middlewares/Third_Party/FreeRTOS/Source/timers.o
 .bss.ucMaxSysCallPriority
                0x0000000020000ff4        0x1 ./Middlewares/Third_Party/FreeRTOS/Source/portable/GCC/ARM_CM4F/port.o
 *fill*         0x0000000020000ff5        0x3 
 .bss.ulMaxPRIGROUPValue
                0x0000000020000ff8        0x4 ./Middlewares/Third_Party/FreeRTOS/Source/portable/GCC/ARM_CM4F/port.o
 .bss.ucHeap    0x0000000020000ffc      0xbb8 ./Middlewares/Third_Party/FreeRTOS/Source/portable/MemMang/heap_4.o
 .bss.xStart    0x0000000020001bb4        0x8 ./Middlewares/Third_Party/FreeRTOS/Source/portable/MemMang/heap_4.o
 .bss.pxEnd     0x0000000020001bbc        0x4 ./Middlewares/Third_Party/FreeRTOS/Source/portable/MemMang/heap_4.o
 .bss.xFreeBytesRemaining
                0x0000000020001bc0        0x4 ./Middlewares/Third_Party/FreeRTOS/Source/portable/MemMang/heap_4.o
 .bss.xMinimumEverFreeBytesRemaining
                0x0000000020001bc4        0x4 ./Middlewares/Third_Party/FreeRTOS/Source/portable/MemMang/heap_4.o
 .bss.xNumberOfSuccessfulAllocations
                0x0000000020001bc8        0x4 ./Middlewares/Third_Party/FreeRTOS/Source/portable/MemMang/heap_4.o
 .bss.xNumberOfSuccessfulFrees
                0x0000000020001bcc        0x4 ./Middlewares/Third_Party/FreeRTOS/Source/portable/MemMang/heap_4.o
 .bss.xBlockAllocatedBit
                0x0000000020001bd0        0x4 ./Middlewares/Third_Party/FreeRTOS/Source/portable/MemMang/heap_4.o
 .bss.blinkTimer
                0x0000000020001bd4        0x4 ./firmware/firmware.o
                0x0000000020001bd4                blinkTimer
 .bss.imu       0x0000000020001bd8       0x4c ./firmware/firmware.o
                0x0000000020001bd8                imu
 .bss._ZL9callbacks
                0x0000000020001c24      0x200 ./stm32_core_cpp_lib/utils/core_utils_gpio.o
 .bss.__sf      0x0000000020001e24      0x138 C:/ST/STM32CubeIDE_1.7.0/STM32CubeIDE/plugins/com.st.stm32cube.ide.mcu.externaltools.gnu-tools-for-stm32.11.3.rel1.win32_1.1.100.202309141235/tools/bin/../lib/gcc/arm-none-eabi/11.3.1/../../../../arm-none-eabi/lib/thumb/v7e-m+fp/hard\libc_nano.a(libc_a-findfp.o)
                0x0000000020001e24                __sf
 .bss.__lock___malloc_recursive_mutex
                0x0000000020001f5c        0x1 C:/ST/STM32CubeIDE_1.7.0/STM32CubeIDE/plugins/com.st.stm32cube.ide.mcu.externaltools.gnu-tools-for-stm32.11.3.rel1.win32_1.1.100.202309141235/tools/bin/../lib/gcc/arm-none-eabi/11.3.1/../../../../arm-none-eabi/lib/thumb/v7e-m+fp/hard\libc_nano.a(libc_a-lock.o)
                0x0000000020001f5c                __lock___malloc_recursive_mutex
 *fill*         0x0000000020001f5d        0x3 
 .bss.__malloc_free_list
                0x0000000020001f60        0x4 C:/ST/STM32CubeIDE_1.7.0/STM32CubeIDE/plugins/com.st.stm32cube.ide.mcu.externaltools.gnu-tools-for-stm32.11.3.rel1.win32_1.1.100.202309141235/tools/bin/../lib/gcc/arm-none-eabi/11.3.1/../../../../arm-none-eabi/lib/thumb/v7e-m+fp/hard\libc_nano.a(libc_a-mallocr.o)
                0x0000000020001f60                __malloc_free_list
 *(COMMON)
                0x0000000020001f64                . = ALIGN (0x4)
                0x0000000020001f64                _ebss = .
                0x0000000020001f64                __bss_end__ = _ebss

._user_heap_stack
                0x0000000020001f64      0x604 load address 0x0000000008008c3c
                0x0000000020001f68                . = ALIGN (0x8)
 *fill*         0x0000000020001f64        0x4 
                [!provide]                        PROVIDE (end = .)
                0x0000000020001f68                PROVIDE (_end = .)
                0x0000000020002168                . = (. + _Min_Heap_Size)
 *fill*         0x0000000020001f68      0x200 
                0x0000000020002568                . = (. + _Min_Stack_Size)
 *fill*         0x0000000020002168      0x400 
                0x0000000020002568                . = ALIGN (0x8)

/DISCARD/
 libc.a(*)
 libm.a(*)
 libgcc.a(*)

.ARM.attributes
                0x0000000000000000       0x30
 *(.ARM.attributes)
 .ARM.attributes
                0x0000000000000000       0x1e C:/ST/STM32CubeIDE_1.7.0/STM32CubeIDE/plugins/com.st.stm32cube.ide.mcu.externaltools.gnu-tools-for-stm32.11.3.rel1.win32_1.1.100.202309141235/tools/bin/../lib/gcc/arm-none-eabi/11.3.1/thumb/v7e-m+fp/hard/crti.o
 .ARM.attributes
                0x000000000000001e       0x34 C:/ST/STM32CubeIDE_1.7.0/STM32CubeIDE/plugins/com.st.stm32cube.ide.mcu.externaltools.gnu-tools-for-stm32.11.3.rel1.win32_1.1.100.202309141235/tools/bin/../lib/gcc/arm-none-eabi/11.3.1/thumb/v7e-m+fp/hard/crtbegin.o
 .ARM.attributes
                0x0000000000000052       0x34 ./Core/Src/main.o
 .ARM.attributes
                0x0000000000000086       0x34 ./Core/Src/stm32l4xx_hal_msp.o
 .ARM.attributes
                0x00000000000000ba       0x34 ./Core/Src/stm32l4xx_hal_timebase_tim.o
 .ARM.attributes
                0x00000000000000ee       0x34 ./Core/Src/stm32l4xx_it.o
 .ARM.attributes
                0x0000000000000122       0x34 ./Core/Src/system_stm32l4xx.o
 .ARM.attributes
                0x0000000000000156       0x21 ./Core/Startup/startup_stm32l432kbux.o
 .ARM.attributes
                0x0000000000000177       0x34 ./Drivers/STM32L4xx_HAL_Driver/Src/stm32l4xx_hal.o
 .ARM.attributes
                0x00000000000001ab       0x34 ./Drivers/STM32L4xx_HAL_Driver/Src/stm32l4xx_hal_cortex.o
 .ARM.attributes
                0x00000000000001df       0x34 ./Drivers/STM32L4xx_HAL_Driver/Src/stm32l4xx_hal_gpio.o
 .ARM.attributes
                0x0000000000000213       0x34 ./Drivers/STM32L4xx_HAL_Driver/Src/stm32l4xx_hal_pwr_ex.o
 .ARM.attributes
                0x0000000000000247       0x34 ./Drivers/STM32L4xx_HAL_Driver/Src/stm32l4xx_hal_rcc.o
 .ARM.attributes
                0x000000000000027b       0x34 ./Drivers/STM32L4xx_HAL_Driver/Src/stm32l4xx_hal_rcc_ex.o
 .ARM.attributes
                0x00000000000002af       0x34 ./Drivers/STM32L4xx_HAL_Driver/Src/stm32l4xx_hal_spi.o
 .ARM.attributes
                0x00000000000002e3       0x34 ./Drivers/STM32L4xx_HAL_Driver/Src/stm32l4xx_hal_tim.o
 .ARM.attributes
                0x0000000000000317       0x34 ./Drivers/STM32L4xx_HAL_Driver/Src/stm32l4xx_hal_tim_ex.o
 .ARM.attributes
                0x000000000000034b       0x34 ./Drivers/STM32L4xx_HAL_Driver/Src/stm32l4xx_hal_uart.o
 .ARM.attributes
                0x000000000000037f       0x34 ./Drivers/STM32L4xx_HAL_Driver/Src/stm32l4xx_hal_uart_ex.o
 .ARM.attributes
                0x00000000000003b3       0x34 ./Middlewares/Third_Party/FreeRTOS/Source/CMSIS_RTOS_V2/cmsis_os2.o
 .ARM.attributes
                0x00000000000003e7       0x34 ./Middlewares/Third_Party/FreeRTOS/Source/list.o
 .ARM.attributes
                0x000000000000041b       0x34 ./Middlewares/Third_Party/FreeRTOS/Source/queue.o
 .ARM.attributes
                0x000000000000044f       0x34 ./Middlewares/Third_Party/FreeRTOS/Source/tasks.o
 .ARM.attributes
                0x0000000000000483       0x34 ./Middlewares/Third_Party/FreeRTOS/Source/timers.o
 .ARM.attributes
                0x00000000000004b7       0x34 ./Middlewares/Third_Party/FreeRTOS/Source/portable/GCC/ARM_CM4F/port.o
 .ARM.attributes
                0x00000000000004eb       0x34 ./Middlewares/Third_Party/FreeRTOS/Source/portable/MemMang/heap_4.o
 .ARM.attributes
                0x000000000000051f       0x34 ./firmware/firmware.o
 .ARM.attributes
                0x0000000000000553       0x34 ./stm32_core_cpp_lib/communication/uart_interface/core_comm_UartInterface.o
 .ARM.attributes
                0x0000000000000587       0x34 ./stm32_core_cpp_lib/hardware/SPI/core_hardware_spi.o
 .ARM.attributes
                0x00000000000005bb       0x34 ./stm32_core_cpp_lib/sensors/IMU/bmi160.o
 .ARM.attributes
                0x00000000000005ef       0x34 ./stm32_core_cpp_lib/utils/core_bytes.o
 .ARM.attributes
                0x0000000000000623       0x34 ./stm32_core_cpp_lib/utils/core_errors.o
 .ARM.attributes
                0x0000000000000657       0x34 ./stm32_core_cpp_lib/utils/core_utils_gpio.o
 .ARM.attributes
                0x000000000000068b       0x34 ./stm32_core_cpp_lib/utils/elapsedMillis.o
 .ARM.attributes
                0x00000000000006bf       0x34 C:/ST/STM32CubeIDE_1.7.0/STM32CubeIDE/plugins/com.st.stm32cube.ide.mcu.externaltools.gnu-tools-for-stm32.11.3.rel1.win32_1.1.100.202309141235/tools/bin/../lib/gcc/arm-none-eabi/11.3.1/../../../../arm-none-eabi/lib/thumb/v7e-m+fp/hard\libc_nano.a(libc_a-findfp.o)
 .ARM.attributes
                0x00000000000006f3       0x34 C:/ST/STM32CubeIDE_1.7.0/STM32CubeIDE/plugins/com.st.stm32cube.ide.mcu.externaltools.gnu-tools-for-stm32.11.3.rel1.win32_1.1.100.202309141235/tools/bin/../lib/gcc/arm-none-eabi/11.3.1/../../../../arm-none-eabi/lib/thumb/v7e-m+fp/hard\libc_nano.a(libc_a-memset.o)
 .ARM.attributes
                0x0000000000000727       0x34 C:/ST/STM32CubeIDE_1.7.0/STM32CubeIDE/plugins/com.st.stm32cube.ide.mcu.externaltools.gnu-tools-for-stm32.11.3.rel1.win32_1.1.100.202309141235/tools/bin/../lib/gcc/arm-none-eabi/11.3.1/../../../../arm-none-eabi/lib/thumb/v7e-m+fp/hard\libc_nano.a(libc_a-reent.o)
 .ARM.attributes
                0x000000000000075b       0x34 C:/ST/STM32CubeIDE_1.7.0/STM32CubeIDE/plugins/com.st.stm32cube.ide.mcu.externaltools.gnu-tools-for-stm32.11.3.rel1.win32_1.1.100.202309141235/tools/bin/../lib/gcc/arm-none-eabi/11.3.1/../../../../arm-none-eabi/lib/thumb/v7e-m+fp/hard\libc_nano.a(libc_a-impure.o)
 .ARM.attributes
                0x000000000000078f       0x34 C:/ST/STM32CubeIDE_1.7.0/STM32CubeIDE/plugins/com.st.stm32cube.ide.mcu.externaltools.gnu-tools-for-stm32.11.3.rel1.win32_1.1.100.202309141235/tools/bin/../lib/gcc/arm-none-eabi/11.3.1/../../../../arm-none-eabi/lib/thumb/v7e-m+fp/hard\libc_nano.a(libc_a-init.o)
 .ARM.attributes
                0x00000000000007c3       0x34 C:/ST/STM32CubeIDE_1.7.0/STM32CubeIDE/plugins/com.st.stm32cube.ide.mcu.externaltools.gnu-tools-for-stm32.11.3.rel1.win32_1.1.100.202309141235/tools/bin/../lib/gcc/arm-none-eabi/11.3.1/../../../../arm-none-eabi/lib/thumb/v7e-m+fp/hard\libc_nano.a(libc_a-lock.o)
 .ARM.attributes
                0x00000000000007f7       0x34 C:/ST/STM32CubeIDE_1.7.0/STM32CubeIDE/plugins/com.st.stm32cube.ide.mcu.externaltools.gnu-tools-for-stm32.11.3.rel1.win32_1.1.100.202309141235/tools/bin/../lib/gcc/arm-none-eabi/11.3.1/../../../../arm-none-eabi/lib/thumb/v7e-m+fp/hard\libc_nano.a(libc_a-memcpy-stub.o)
 .ARM.attributes
                0x000000000000082b       0x34 C:/ST/STM32CubeIDE_1.7.0/STM32CubeIDE/plugins/com.st.stm32cube.ide.mcu.externaltools.gnu-tools-for-stm32.11.3.rel1.win32_1.1.100.202309141235/tools/bin/../lib/gcc/arm-none-eabi/11.3.1/../../../../arm-none-eabi/lib/thumb/v7e-m+fp/hard\libc_nano.a(libc_a-freer.o)
 .ARM.attributes
                0x000000000000085f       0x34 C:/ST/STM32CubeIDE_1.7.0/STM32CubeIDE/plugins/com.st.stm32cube.ide.mcu.externaltools.gnu-tools-for-stm32.11.3.rel1.win32_1.1.100.202309141235/tools/bin/../lib/gcc/arm-none-eabi/11.3.1/../../../../arm-none-eabi/lib/thumb/v7e-m+fp/hard\libc_nano.a(libc_a-mallocr.o)
 .ARM.attributes
                0x0000000000000893       0x34 C:/ST/STM32CubeIDE_1.7.0/STM32CubeIDE/plugins/com.st.stm32cube.ide.mcu.externaltools.gnu-tools-for-stm32.11.3.rel1.win32_1.1.100.202309141235/tools/bin/../lib/gcc/arm-none-eabi/11.3.1/../../../../arm-none-eabi/lib/thumb/v7e-m+fp/hard\libc_nano.a(libc_a-mlock.o)
 .ARM.attributes
                0x00000000000008c7       0x1e C:/ST/STM32CubeIDE_1.7.0/STM32CubeIDE/plugins/com.st.stm32cube.ide.mcu.externaltools.gnu-tools-for-stm32.11.3.rel1.win32_1.1.100.202309141235/tools/bin/../lib/gcc/arm-none-eabi/11.3.1/thumb/v7e-m+fp/hard\libgcc.a(_arm_addsubdf3.o)
 .ARM.attributes
                0x00000000000008e5       0x1e C:/ST/STM32CubeIDE_1.7.0/STM32CubeIDE/plugins/com.st.stm32cube.ide.mcu.externaltools.gnu-tools-for-stm32.11.3.rel1.win32_1.1.100.202309141235/tools/bin/../lib/gcc/arm-none-eabi/11.3.1/thumb/v7e-m+fp/hard\libgcc.a(_arm_muldivdf3.o)
 .ARM.attributes
                0x0000000000000903       0x1e C:/ST/STM32CubeIDE_1.7.0/STM32CubeIDE/plugins/com.st.stm32cube.ide.mcu.externaltools.gnu-tools-for-stm32.11.3.rel1.win32_1.1.100.202309141235/tools/bin/../lib/gcc/arm-none-eabi/11.3.1/thumb/v7e-m+fp/hard\libgcc.a(_arm_truncdfsf2.o)
 .ARM.attributes
                0x0000000000000921       0x1e C:/ST/STM32CubeIDE_1.7.0/STM32CubeIDE/plugins/com.st.stm32cube.ide.mcu.externaltools.gnu-tools-for-stm32.11.3.rel1.win32_1.1.100.202309141235/tools/bin/../lib/gcc/arm-none-eabi/11.3.1/thumb/v7e-m+fp/hard\libgcc.a(_aeabi_uldivmod.o)
 .ARM.attributes
                0x000000000000093f       0x34 C:/ST/STM32CubeIDE_1.7.0/STM32CubeIDE/plugins/com.st.stm32cube.ide.mcu.externaltools.gnu-tools-for-stm32.11.3.rel1.win32_1.1.100.202309141235/tools/bin/../lib/gcc/arm-none-eabi/11.3.1/thumb/v7e-m+fp/hard\libgcc.a(_udivmoddi4.o)
 .ARM.attributes
                0x0000000000000973       0x1e C:/ST/STM32CubeIDE_1.7.0/STM32CubeIDE/plugins/com.st.stm32cube.ide.mcu.externaltools.gnu-tools-for-stm32.11.3.rel1.win32_1.1.100.202309141235/tools/bin/../lib/gcc/arm-none-eabi/11.3.1/thumb/v7e-m+fp/hard\libgcc.a(_dvmd_tls.o)
 .ARM.attributes
                0x0000000000000991       0x1e C:/ST/STM32CubeIDE_1.7.0/STM32CubeIDE/plugins/com.st.stm32cube.ide.mcu.externaltools.gnu-tools-for-stm32.11.3.rel1.win32_1.1.100.202309141235/tools/bin/../lib/gcc/arm-none-eabi/11.3.1/thumb/v7e-m+fp/hard/crtn.o
OUTPUT(bmi160_imu.elf elf32-littlearm)
LOAD linker stubs
LOAD C:/ST/STM32CubeIDE_1.7.0/STM32CubeIDE/plugins/com.st.stm32cube.ide.mcu.externaltools.gnu-tools-for-stm32.11.3.rel1.win32_1.1.100.202309141235/tools/bin/../lib/gcc/arm-none-eabi/11.3.1/../../../../arm-none-eabi/lib/thumb/v7e-m+fp/hard\libc.a
LOAD C:/ST/STM32CubeIDE_1.7.0/STM32CubeIDE/plugins/com.st.stm32cube.ide.mcu.externaltools.gnu-tools-for-stm32.11.3.rel1.win32_1.1.100.202309141235/tools/bin/../lib/gcc/arm-none-eabi/11.3.1/../../../../arm-none-eabi/lib/thumb/v7e-m+fp/hard\libm.a
LOAD C:/ST/STM32CubeIDE_1.7.0/STM32CubeIDE/plugins/com.st.stm32cube.ide.mcu.externaltools.gnu-tools-for-stm32.11.3.rel1.win32_1.1.100.202309141235/tools/bin/../lib/gcc/arm-none-eabi/11.3.1/thumb/v7e-m+fp/hard\libgcc.a

.comment        0x0000000000000000       0x43
 .comment       0x0000000000000000       0x43 C:/ST/STM32CubeIDE_1.7.0/STM32CubeIDE/plugins/com.st.stm32cube.ide.mcu.externaltools.gnu-tools-for-stm32.11.3.rel1.win32_1.1.100.202309141235/tools/bin/../lib/gcc/arm-none-eabi/11.3.1/thumb/v7e-m+fp/hard/crtbegin.o
                                         0x44 (size before relaxing)
 .comment       0x0000000000000043       0x44 ./Core/Src/main.o
 .comment       0x0000000000000043       0x44 ./Core/Src/stm32l4xx_hal_msp.o
 .comment       0x0000000000000043       0x44 ./Core/Src/stm32l4xx_hal_timebase_tim.o
 .comment       0x0000000000000043       0x44 ./Core/Src/stm32l4xx_it.o
 .comment       0x0000000000000043       0x44 ./Core/Src/system_stm32l4xx.o
 .comment       0x0000000000000043       0x44 ./Drivers/STM32L4xx_HAL_Driver/Src/stm32l4xx_hal.o
 .comment       0x0000000000000043       0x44 ./Drivers/STM32L4xx_HAL_Driver/Src/stm32l4xx_hal_cortex.o
 .comment       0x0000000000000043       0x44 ./Drivers/STM32L4xx_HAL_Driver/Src/stm32l4xx_hal_gpio.o
 .comment       0x0000000000000043       0x44 ./Drivers/STM32L4xx_HAL_Driver/Src/stm32l4xx_hal_pwr_ex.o
 .comment       0x0000000000000043       0x44 ./Drivers/STM32L4xx_HAL_Driver/Src/stm32l4xx_hal_rcc.o
 .comment       0x0000000000000043       0x44 ./Drivers/STM32L4xx_HAL_Driver/Src/stm32l4xx_hal_rcc_ex.o
 .comment       0x0000000000000043       0x44 ./Drivers/STM32L4xx_HAL_Driver/Src/stm32l4xx_hal_spi.o
 .comment       0x0000000000000043       0x44 ./Drivers/STM32L4xx_HAL_Driver/Src/stm32l4xx_hal_tim.o
 .comment       0x0000000000000043       0x44 ./Drivers/STM32L4xx_HAL_Driver/Src/stm32l4xx_hal_tim_ex.o
 .comment       0x0000000000000043       0x44 ./Drivers/STM32L4xx_HAL_Driver/Src/stm32l4xx_hal_uart.o
 .comment       0x0000000000000043       0x44 ./Drivers/STM32L4xx_HAL_Driver/Src/stm32l4xx_hal_uart_ex.o
 .comment       0x0000000000000043       0x44 ./Middlewares/Third_Party/FreeRTOS/Source/CMSIS_RTOS_V2/cmsis_os2.o
 .comment       0x0000000000000043       0x44 ./Middlewares/Third_Party/FreeRTOS/Source/list.o
 .comment       0x0000000000000043       0x44 ./Middlewares/Third_Party/FreeRTOS/Source/queue.o
 .comment       0x0000000000000043       0x44 ./Middlewares/Third_Party/FreeRTOS/Source/tasks.o
 .comment       0x0000000000000043       0x44 ./Middlewares/Third_Party/FreeRTOS/Source/timers.o
 .comment       0x0000000000000043       0x44 ./Middlewares/Third_Party/FreeRTOS/Source/portable/GCC/ARM_CM4F/port.o
 .comment       0x0000000000000043       0x44 ./Middlewares/Third_Party/FreeRTOS/Source/portable/MemMang/heap_4.o
 .comment       0x0000000000000043       0x44 ./firmware/firmware.o
 .comment       0x0000000000000043       0x44 ./stm32_core_cpp_lib/communication/uart_interface/core_comm_UartInterface.o
 .comment       0x0000000000000043       0x44 ./stm32_core_cpp_lib/hardware/SPI/core_hardware_spi.o
 .comment       0x0000000000000043       0x44 ./stm32_core_cpp_lib/sensors/IMU/bmi160.o
 .comment       0x0000000000000043       0x44 ./stm32_core_cpp_lib/utils/core_bytes.o
 .comment       0x0000000000000043       0x44 ./stm32_core_cpp_lib/utils/core_errors.o
 .comment       0x0000000000000043       0x44 ./stm32_core_cpp_lib/utils/core_utils_gpio.o
 .comment       0x0000000000000043       0x44 ./stm32_core_cpp_lib/utils/elapsedMillis.o

.debug_info     0x0000000000000000    0x260b9
 .debug_info    0x0000000000000000     0x17e0 ./Core/Src/main.o
 .debug_info    0x00000000000017e0     0x1278 ./Core/Src/stm32l4xx_hal_msp.o
 .debug_info    0x0000000000002a58      0xc0f ./Core/Src/stm32l4xx_hal_timebase_tim.o
 .debug_info    0x0000000000003667      0x6d1 ./Core/Src/stm32l4xx_it.o
 .debug_info    0x0000000000003d38      0x5bf ./Core/Src/system_stm32l4xx.o
 .debug_info    0x00000000000042f7       0x23 ./Core/Startup/startup_stm32l432kbux.o
 .debug_info    0x000000000000431a      0x99e ./Drivers/STM32L4xx_HAL_Driver/Src/stm32l4xx_hal.o
 .debug_info    0x0000000000004cb8      0xcce ./Drivers/STM32L4xx_HAL_Driver/Src/stm32l4xx_hal_cortex.o
 .debug_info    0x0000000000005986      0x757 ./Drivers/STM32L4xx_HAL_Driver/Src/stm32l4xx_hal_gpio.o
 .debug_info    0x00000000000060dd      0x920 ./Drivers/STM32L4xx_HAL_Driver/Src/stm32l4xx_hal_pwr_ex.o
 .debug_info    0x00000000000069fd      0xbc3 ./Drivers/STM32L4xx_HAL_Driver/Src/stm32l4xx_hal_rcc.o
 .debug_info    0x00000000000075c0      0xee5 ./Drivers/STM32L4xx_HAL_Driver/Src/stm32l4xx_hal_rcc_ex.o
 .debug_info    0x00000000000084a5     0x17ab ./Drivers/STM32L4xx_HAL_Driver/Src/stm32l4xx_hal_spi.o