Archive member included to satisfy reference by file (symbol)

C:/ST/STM32CubeIDE_1.7.0/STM32CubeIDE/plugins/com.st.stm32cube.ide.mcu.externaltools.gnu-tools-for-stm32.11.3.rel1.win32_1.1.100.202309141235/tools/bin/../lib/gcc/arm-none-eabi/11.3.1/../../../../arm-none-eabi/lib/thumb/v7e-m+fp/hard\libm.a(libm_a-wf_asin.o)
                              ./stm32_core_cpp_lib/ext/madgwick_ahrs/MadgwickAHRS.o (asinf)
C:/ST/STM32CubeIDE_1.7.0/STM32CubeIDE/plugins/com.st.stm32cube.ide.mcu.externaltools.gnu-tools-for-stm32.11.3.rel1.win32_1.1.100.202309141235/tools/bin/../lib/gcc/arm-none-eabi/11.3.1/../../../../arm-none-eabi/lib/thumb/v7e-m+fp/hard\libm.a(libm_a-wf_atan2.o)
                              ./stm32_core_cpp_lib/ext/madgwick_ahrs/MadgwickAHRS.o (atan2f)
C:/ST/STM32CubeIDE_1.7.0/STM32CubeIDE/plugins/com.st.stm32cube.ide.mcu.externaltools.gnu-tools-for-stm32.11.3.rel1.win32_1.1.100.202309141235/tools/bin/../lib/gcc/arm-none-eabi/11.3.1/../../../../arm-none-eabi/lib/thumb/v7e-m+fp/hard\libm.a(libm_a-wf_sqrt.o)
                              ./stm32_core_cpp_lib/ext/madgwick_ahrs/MadgwickAHRS.o (sqrtf)
C:/ST/STM32CubeIDE_1.7.0/STM32CubeIDE/plugins/com.st.stm32cube.ide.mcu.externaltools.gnu-tools-for-stm32.11.3.rel1.win32_1.1.100.202309141235/tools/bin/../lib/gcc/arm-none-eabi/11.3.1/../../../../arm-none-eabi/lib/thumb/v7e-m+fp/hard\libm.a(libm_a-sf_fabs.o)
                              C:/ST/STM32CubeIDE_1.7.0/STM32CubeIDE/plugins/com.st.stm32cube.ide.mcu.externaltools.gnu-tools-for-stm32.11.3.rel1.win32_1.1.100.202309141235/tools/bin/../lib/gcc/arm-none-eabi/11.3.1/../../../../arm-none-eabi/lib/thumb/v7e-m+fp/hard\libm.a(libm_a-wf_asin.o) (fabsf)
C:/ST/STM32CubeIDE_1.7.0/STM32CubeIDE/plugins/com.st.stm32cube.ide.mcu.externaltools.gnu-tools-for-stm32.11.3.rel1.win32_1.1.100.202309141235/tools/bin/../lib/gcc/arm-none-eabi/11.3.1/../../../../arm-none-eabi/lib/thumb/v7e-m+fp/hard\libm.a(libm_a-sf_nan.o)
                              C:/ST/STM32CubeIDE_1.7.0/STM32CubeIDE/plugins/com.st.stm32cube.ide.mcu.externaltools.gnu-tools-for-stm32.11.3.rel1.win32_1.1.100.202309141235/tools/bin/../lib/gcc/arm-none-eabi/11.3.1/../../../../arm-none-eabi/lib/thumb/v7e-m+fp/hard\libm.a(libm_a-wf_asin.o) (nanf)
C:/ST/STM32CubeIDE_1.7.0/STM32CubeIDE/plugins/com.st.stm32cube.ide.mcu.externaltools.gnu-tools-for-stm32.11.3.rel1.win32_1.1.100.202309141235/tools/bin/../lib/gcc/arm-none-eabi/11.3.1/../../../../arm-none-eabi/lib/thumb/v7e-m+fp/hard\libm.a(libm_a-ef_sqrt.o)
                              C:/ST/STM32CubeIDE_1.7.0/STM32CubeIDE/plugins/com.st.stm32cube.ide.mcu.externaltools.gnu-tools-for-stm32.11.3.rel1.win32_1.1.100.202309141235/tools/bin/../lib/gcc/arm-none-eabi/11.3.1/../../../../arm-none-eabi/lib/thumb/v7e-m+fp/hard\libm.a(libm_a-wf_sqrt.o) (__ieee754_sqrtf)
C:/ST/STM32CubeIDE_1.7.0/STM32CubeIDE/plugins/com.st.stm32cube.ide.mcu.externaltools.gnu-tools-for-stm32.11.3.rel1.win32_1.1.100.202309141235/tools/bin/../lib/gcc/arm-none-eabi/11.3.1/../../../../arm-none-eabi/lib/thumb/v7e-m+fp/hard\libm.a(libm_a-ef_asin.o)
                              C:/ST/STM32CubeIDE_1.7.0/STM32CubeIDE/plugins/com.st.stm32cube.ide.mcu.externaltools.gnu-tools-for-stm32.11.3.rel1.win32_1.1.100.202309141235/tools/bin/../lib/gcc/arm-none-eabi/11.3.1/../../../../arm-none-eabi/lib/thumb/v7e-m+fp/hard\libm.a(libm_a-wf_asin.o) (__ieee754_asinf)
C:/ST/STM32CubeIDE_1.7.0/STM32CubeIDE/plugins/com.st.stm32cube.ide.mcu.externaltools.gnu-tools-for-stm32.11.3.rel1.win32_1.1.100.202309141235/tools/bin/../lib/gcc/arm-none-eabi/11.3.1/../../../../arm-none-eabi/lib/thumb/v7e-m+fp/hard\libm.a(libm_a-ef_atan2.o)
                              C:/ST/STM32CubeIDE_1.7.0/STM32CubeIDE/plugins/com.st.stm32cube.ide.mcu.externaltools.gnu-tools-for-stm32.11.3.rel1.win32_1.1.100.202309141235/tools/bin/../lib/gcc/arm-none-eabi/11.3.1/../../../../arm-none-eabi/lib/thumb/v7e-m+fp/hard\libm.a(libm_a-wf_atan2.o) (__ieee754_atan2f)
C:/ST/STM32CubeIDE_1.7.0/STM32CubeIDE/plugins/com.st.stm32cube.ide.mcu.externaltools.gnu-tools-for-stm32.11.3.rel1.win32_1.1.100.202309141235/tools/bin/../lib/gcc/arm-none-eabi/11.3.1/../../../../arm-none-eabi/lib/thumb/v7e-m+fp/hard\libm.a(libm_a-sf_atan.o)
                              C:/ST/STM32CubeIDE_1.7.0/STM32CubeIDE/plugins/com.st.stm32cube.ide.mcu.externaltools.gnu-tools-for-stm32.11.3.rel1.win32_1.1.100.202309141235/tools/bin/../lib/gcc/arm-none-eabi/11.3.1/../../../../arm-none-eabi/lib/thumb/v7e-m+fp/hard\libm.a(libm_a-ef_atan2.o) (atanf)
C:/ST/STM32CubeIDE_1.7.0/STM32CubeIDE/plugins/com.st.stm32cube.ide.mcu.externaltools.gnu-tools-for-stm32.11.3.rel1.win32_1.1.100.202309141235/tools/bin/../lib/gcc/arm-none-eabi/11.3.1/../../../../arm-none-eabi/lib/thumb/v7e-m+fp/hard\libc_nano.a(libc_a-exit.o)
[...]
Memory Configuration

Name             Origin             Length             Attributes
RAM              0x0000000020000000 0x0000000000010000 xrw
RAM2             0x0000000010000000 0x0000000000004000 xrw
FLASH            0x0000000008000000 0x0000000000020000 xr
*default*        0x0000000000000000 0xffffffffffffffff

Linker script and memory map

LOAD C:/ST/STM32CubeIDE_1.7.0/STM32CubeIDE/plugins/com.st.stm32cube.ide.mcu.externaltools.gnu-tools-for-stm32.11.3.rel1.win32_1.1.100.202309141235/tools/bin/../lib/gcc/arm-none-eabi/11.3.1/thumb/v7e-m+fp/hard/crti.o
LOAD C:/ST/STM32CubeIDE_1.7.0/STM32CubeIDE/plugins/com.st.stm32cube.ide.mcu.externaltools.gnu-tools-for-stm32.11.3.rel1.win32_1.1.100.202309141235/tools/bin/../lib/gcc/arm-none-eabi/11.3.1/thumb/v7e-m+fp/hard/crtbegin.o
LOAD C:/ST/STM32CubeIDE_1.7.0/STM32CubeIDE/plugins/com.st.stm32cube.ide.mcu.externaltools.gnu-tools-for-stm32.11.3.rel1.win32_1.1.100.202309141235/tools/bin/../lib/gcc/arm-none-eabi/11.3.1/../../../../arm-none-eabi/lib/thumb/v7e-m+fp/hard/crt0.o
LOAD ./Core/Src/freertos.o
LOAD ./Core/Src/main.o
LOAD ./Core/Src/stm32l4xx_hal_msp.o
LOAD ./Core/Src/stm32l4xx_hal_timebase_tim.o
LOAD ./Core/Src/stm32l4xx_it.o
LOAD ./Core/Src/syscalls.o
LOAD ./Core/Src/sysmem.o
LOAD ./Core/Src/system_stm32l4xx.o
LOAD ./Core/Startup/startup_stm32l432kbux.o
LOAD ./Drivers/STM32L4xx_HAL_Driver/Src/stm32l4xx_hal.o
LOAD ./Drivers/STM32L4xx_HAL_Driver/Src/stm32l4xx_hal_cortex.o
LOAD ./Drivers/STM32L4xx_HAL_Driver/Src/stm32l4xx_hal_dma.o
LOAD ./Drivers/STM32L4xx_HAL_Driver/Src/stm32l4xx_hal_dma_ex.o
LOAD ./Drivers/STM32L4xx_HAL_Driver/Src/stm32l4xx_hal_exti.o
LOAD ./Drivers/STM32L4xx_HAL_Driver/Src/stm32l4xx_hal_flash.o
LOAD ./Drivers/STM32L4xx_HAL_Driver/Src/stm32l4xx_hal_flash_ex.o
LOAD ./Drivers/STM32L4xx_HAL_Driver/Src/stm32l4xx_hal_flash_ramfunc.o
LOAD ./Drivers/STM32L4xx_HAL_Driver/Src/stm32l4xx_hal_gpio.o
LOAD ./Drivers/STM32L4xx_HAL_Driver/Src/stm32l4xx_hal_i2c.o
LOAD ./Drivers/STM32L4xx_HAL_Driver/Src/stm32l4xx_hal_i2c_ex.o
LOAD ./Drivers/STM32L4xx_HAL_Driver/Src/stm32l4xx_hal_pwr.o
LOAD ./Drivers/STM32L4xx_HAL_Driver/Src/stm32l4xx_hal_pwr_ex.o
LOAD ./Drivers/STM32L4xx_HAL_Driver/Src/stm32l4xx_hal_rcc.o
LOAD ./Drivers/STM32L4xx_HAL_Driver/Src/stm32l4xx_hal_rcc_ex.o
LOAD ./Drivers/STM32L4xx_HAL_Driver/Src/stm32l4xx_hal_spi.o
LOAD ./Drivers/STM32L4xx_HAL_Driver/Src/stm32l4xx_hal_spi_ex.o
LOAD ./Drivers/STM32L4xx_HAL_Driver/Src/stm32l4xx_hal_tim.o
LOAD ./Drivers/STM32L4xx_HAL_Driver/Src/stm32l4xx_hal_tim_ex.o
LOAD ./Drivers/STM32L4xx_HAL_Driver/Src/stm32l4xx_hal_uart.o
LOAD ./Drivers/STM32L4xx_HAL_Driver/Src/stm32l4xx_hal_uart_ex.o
LOAD ./Middlewares/Third_Party/FreeRTOS/Source/CMSIS_RTOS_V2/cmsis_os2.o
LOAD ./Middlewares/Third_Party/FreeRTOS/Source/croutine.o
LOAD ./Middlewares/Third_Party/FreeRTOS/Source/event_groups.o
LOAD ./Middlewares/Third_Party/FreeRTOS/Source/list.o
LOAD ./Middlewares/Third_Party/FreeRTOS/Source/queue.o
LOAD ./Middlewares/Third_Party/FreeRTOS/Source/stream_buffer.o
LOAD ./Middlewares/Third_Party/FreeRTOS/Source/tasks.o
LOAD ./Middlewares/Third_Party/FreeRTOS/Source/timers.o
LOAD ./Middlewares/Third_Party/FreeRTOS/Source/portable/GCC/ARM_CM4F/port.o
LOAD ./Middlewares/Third_Party/FreeRTOS/Source/portable/MemMang/heap_4.o
LOAD ./firmware/firmware.o
LOAD ./stm32_core_cpp_lib/communication/uart_interface/core_comm_SerialProtocol.o
LOAD ./stm32_core_cpp_lib/communication/uart_interface/core_comm_UartInterface.o
LOAD ./stm32_core_cpp_lib/control/state_feedback/core_control_StateFeedback.o
LOAD ./stm32_core_cpp_lib/ext/madgwick_ahrs/MadgwickAHRS.o
LOAD ./stm32_core_cpp_lib/hardware/BUTTON/core_hardware_button.o
LOAD ./stm32_core_cpp_lib/hardware/LED/core_hardware_led.o
LOAD ./stm32_core_cpp_lib/hardware/PWM/pwm.o
LOAD ./stm32_core_cpp_lib/hardware/RS485/core_hardware_RS485.o
LOAD ./stm32_core_cpp_lib/hardware/SPI/core_hardware_spi.o
LOAD ./stm32_core_cpp_lib/hardware/UART/core_hardware_UART.o
LOAD ./stm32_core_cpp_lib/memory/fram/core_memory_fram.o
LOAD ./stm32_core_cpp_lib/sensors/IMU/bmi160.o
LOAD ./stm32_core_cpp_lib/sensors/IMU/core_imu_helpers.o
LOAD ./stm32_core_cpp_lib/utils/cobs.o
LOAD ./stm32_core_cpp_lib/utils/core_bytes.o
LOAD ./stm32_core_cpp_lib/utils/core_errors.o
LOAD ./stm32_core_cpp_lib/utils/core_math.o
LOAD ./stm32_core_cpp_lib/utils/core_utils_BufferQueue.o
LOAD ./stm32_core_cpp_lib/utils/core_utils_functionpointer.o
LOAD ./stm32_core_cpp_lib/utils/core_utils_gpio.o
LOAD ./stm32_core_cpp_lib/utils/elapsedMillis.o
START GROUP
LOAD C:/ST/STM32CubeIDE_1.7.0/STM32CubeIDE/plugins/com.st.stm32cube.ide.mcu.externaltools.gnu-tools-for-stm32.11.3.rel1.win32_1.1.100.202309141235/tools/bin/../lib/gcc/arm-none-eabi/11.3.1/../../../../arm-none-eabi/lib/thumb/v7e-m+fp/hard\libstdc++_nano.a
LOAD C:/ST/STM32CubeIDE_1.7.0/STM32CubeIDE/plugins/com.st.stm32cube.ide.mcu.externaltools.gnu-tools-for-stm32.11.3.rel1.win32_1.1.100.202309141235/tools/bin/../lib/gcc/arm-none-eabi/11.3.1/../../../../arm-none-eabi/lib/thumb/v7e-m+fp/hard\libsupc++_nano.a
END GROUP
LOAD C:/ST/STM32CubeIDE_1.7.0/STM32CubeIDE/plugins/com.st.stm32cube.ide.mcu.externaltools.gnu-tools-for-stm32.11.3.rel1.win32_1.1.100.202309141235/tools/bin/../lib/gcc/arm-none-eabi/11.3.1/../../../../arm-none-eabi/lib/thumb/v7e-m+fp/hard\libstdc++_nano.a
LOAD C:/ST/STM32CubeIDE_1.7.0/STM32CubeIDE/plugins/com.st.stm32cube.ide.mcu.externaltools.gnu-tools-for-stm32.11.3.rel1.win32_1.1.100.202309141235/tools/bin/../lib/gcc/arm-none-eabi/11.3.1/../../../../arm-none-eabi/lib/thumb/v7e-m+fp/hard\libm.a
LOAD C:/ST/STM32CubeIDE_1.7.0/STM32CubeIDE/plugins/com.st.stm32cube.ide.mcu.externaltools.gnu-tools-for-stm32.11.3.rel1.win32_1.1.100.202309141235/tools/bin/../lib/gcc/arm-none-eabi/11.3.1/../../../../arm-none-eabi/lib/thumb/v7e-m+fp/hard\libc_nano.a
START GROUP
LOAD C:/ST/STM32CubeIDE_1.7.0/STM32CubeIDE/plugins/com.st.stm32cube.ide.mcu.externaltools.gnu-tools-for-stm32.11.3.rel1.win32_1.1.100.202309141235/tools/bin/../lib/gcc/arm-none-eabi/11.3.1/thumb/v7e-m+fp/hard\libgcc.a
LOAD C:/ST/STM32CubeIDE_1.7.0/STM32CubeIDE/plugins/com.st.stm32cube.ide.mcu.externaltools.gnu-tools-for-stm32.11.3.rel1.win32_1.1.100.202309141235/tools/bin/../lib/gcc/arm-none-eabi/11.3.1/../../../../arm-none-eabi/lib/thumb/v7e-m+fp/hard\libc_nano.a
END GROUP
START GROUP
LOAD C:/ST/STM32CubeIDE_1.7.0/STM32CubeIDE/plugins/com.st.stm32cube.ide.mcu.externaltools.gnu-tools-for-stm32.11.3.rel1.win32_1.1.100.202309141235/tools/bin/../lib/gcc/arm-none-eabi/11.3.1/thumb/v7e-m+fp/hard\libgcc.a
LOAD C:/ST/STM32CubeIDE_1.7.0/STM32CubeIDE/plugins/com.st.stm32cube.ide.mcu.externaltools.gnu-tools-for-stm32.11.3.rel1.win32_1.1.100.202309141235/tools/bin/../lib/gcc/arm-none-eabi/11.3.1/../../../../arm-none-eabi/lib/thumb/v7e-m+fp/hard\libc_nano.a
END GROUP
LOAD C:/ST/STM32CubeIDE_1.7.0/STM32CubeIDE/plugins/com.st.stm32cube.ide.mcu.externaltools.gnu-tools-for-stm32.11.3.rel1.win32_1.1.100.202309141235/tools/bin/../lib/gcc/arm-none-eabi/11.3.1/thumb/v7e-m+fp/hard/crtend.o
LOAD C:/ST/STM32CubeIDE_1.7.0/STM32CubeIDE/plugins/com.st.stm32cube.ide.mcu.externaltools.gnu-tools-for-stm32.11.3.rel1.win32_1.1.100.202309141235/tools/bin/../lib/gcc/arm-none-eabi/11.3.1/thumb/v7e-m+fp/hard/crtn.o
                0x0000000020010000                _estack = (ORIGIN (RAM) + LENGTH (RAM))
                0x0000000000000200                _Min_Heap_Size = 0x200
                0x0000000000000400                _Min_Stack_Size = 0x400

.isr_vector     0x0000000008000000      0x18c
                0x0000000008000000                . = ALIGN (0x4)
 *(.isr_vector)
 .isr_vector    0x0000000008000000      0x18c ./Core/Startup/startup_stm32l432kbux.o
                0x0000000008000000                g_pfnVectors
                0x000000000800018c                . = ALIGN (0x4)

.text           0x0000000008000190     0x9ae8
                0x0000000008000190                . = ALIGN (0x4)
 *(.text)
 .text          0x0000000008000190       0x40 C:/ST/STM32CubeIDE_1.7.0/STM32CubeIDE/plugins/com.st.stm32cube.ide.mcu.externaltools.gnu-tools-for-stm32.11.3.rel1.win32_1.1.100.202309141235/tools/bin/../lib/gcc/arm-none-eabi/11.3.1/thumb/v7e-m+fp/hard/crtbegin.o
 .text          0x00000000080001d0      0x378 C:/ST/STM32CubeIDE_1.7.0/STM32CubeIDE/plugins/com.st.stm32cube.ide.mcu.externaltools.gnu-tools-for-stm32.11.3.rel1.win32_1.1.100.202309141235/tools/bin/../lib/gcc/arm-none-eabi/11.3.1/thumb/v7e-m+fp/hard\libgcc.a(_arm_addsubdf3.o)
                0x00000000080001d0                __aeabi_drsub
                0x00000000080001d8                __aeabi_dsub
                0x00000000080001d8                __subdf3
                0x00000000080001dc                __aeabi_dadd
                0x00000000080001dc                __adddf3
                0x0000000008000454                __floatunsidf
                0x0000000008000454                __aeabi_ui2d
                0x0000000008000474                __floatsidf
                0x0000000008000474                __aeabi_i2d
                0x0000000008000498                __aeabi_f2d
                0x0000000008000498                __extendsfdf2
                0x00000000080004dc                __floatundidf
                0x00000000080004dc                __aeabi_ul2d
                0x00000000080004ec                __floatdidf
                0x00000000080004ec                __aeabi_l2d
 .text          0x0000000008000548      0x424 C:/ST/STM32CubeIDE_1.7.0/STM32CubeIDE/plugins/com.st.stm32cube.ide.mcu.externaltools.gnu-tools-for-stm32.11.3.rel1.win32_1.1.100.202309141235/tools/bin/../lib/gcc/arm-none-eabi/11.3.1/thumb/v7e-m+fp/hard\libgcc.a(_arm_muldivdf3.o)
                0x0000000008000548                __aeabi_dmul
                0x0000000008000548                __muldf3
                0x000000000800079c                __divdf3
                0x000000000800079c                __aeabi_ddiv
 .text          0x000000000800096c       0xa0 C:/ST/STM32CubeIDE_1.7.0/STM32CubeIDE/plugins/com.st.stm32cube.ide.mcu.externaltools.gnu-tools-for-stm32.11.3.rel1.win32_1.1.100.202309141235/tools/bin/../lib/gcc/arm-none-eabi/11.3.1/thumb/v7e-m+fp/hard\libgcc.a(_arm_truncdfsf2.o)
                0x000000000800096c                __truncdfsf2
                0x000000000800096c                __aeabi_d2f
 .text          0x0000000008000a0c       0x30 C:/ST/STM32CubeIDE_1.7.0/STM32CubeIDE/plugins/com.st.stm32cube.ide.mcu.externaltools.gnu-tools-for-stm32.11.3.rel1.win32_1.1.100.202309141235/tools/bin/../lib/gcc/arm-none-eabi/11.3.1/thumb/v7e-m+fp/hard\libgcc.a(_aeabi_uldivmod.o)
                0x0000000008000a0c                __aeabi_uldivmod
 .text          0x0000000008000a3c      0x2c8 C:/ST/STM32CubeIDE_1.7.0/STM32CubeIDE/plugins/com.st.stm32cube.ide.mcu.externaltools.gnu-tools-for-stm32.11.3.rel1.win32_1.1.100.202309141235/tools/bin/../lib/gcc/arm-none-eabi/11.3.1/thumb/v7e-m+fp/hard\libgcc.a(_udivmoddi4.o)
                0x0000000008000a3c                __udivmoddi4
 .text          0x0000000008000d04        0x4 C:/ST/STM32CubeIDE_1.7.0/STM32CubeIDE/plugins/com.st.stm32cube.ide.mcu.externaltools.gnu-tools-for-stm32.11.3.rel1.win32_1.1.100.202309141235/tools/bin/../lib/gcc/arm-none-eabi/11.3.1/thumb/v7e-m+fp/hard\libgcc.a(_dvmd_tls.o)
                0x0000000008000d04                __aeabi_idiv0
                0x0000000008000d04                __aeabi_ldiv0
 *(.text*)
 .text.main     0x0000000008000d08       0x4c ./Core/Src/main.o
                0x0000000008000d08                main
 .text.SystemClock_Config
                0x0000000008000d54       0xa4 ./Core/Src/main.o
                0x0000000008000d54                SystemClock_Config
 .text.MX_SPI1_Init
                0x0000000008000df8       0x7c ./Core/Src/main.o
 .text.MX_SPI3_Init
                0x0000000008000e74       0x7c ./Core/Src/main.o
 .text.MX_USART1_UART_Init
                0x0000000008000ef0       0x60 ./Core/Src/main.o
 .text.MX_DMA_Init
                0x0000000008000f50       0x3c ./Core/Src/main.o
 .text.MX_GPIO_Init
                0x0000000008000f8c       0xa8 ./Core/Src/main.o
 .text.StartDefaultTask
                0x0000000008001034       0x10 ./Core/Src/main.o
                0x0000000008001034                StartDefaultTask
 .text.HAL_TIM_PeriodElapsedCallback
                0x0000000008001044       0x24 ./Core/Src/main.o
                0x0000000008001044                HAL_TIM_PeriodElapsedCallback
 .text.Error_Handler
                0x0000000008001068        0xa ./Core/Src/main.o
                0x0000000008001068                Error_Handler
 *fill*         0x0000000008001072        0x2 
 .text.HAL_MspInit
                0x0000000008001074       0x50 ./Core/Src/stm32l4xx_hal_msp.o
                0x0000000008001074                HAL_MspInit
 .text.HAL_SPI_MspInit
                0x00000000080010c4       0xe8 ./Core/Src/stm32l4xx_hal_msp.o
                0x00000000080010c4                HAL_SPI_MspInit
 .text.HAL_UART_MspInit
                0x00000000080011ac      0x11c ./Core/Src/stm32l4xx_hal_msp.o
                0x00000000080011ac                HAL_UART_MspInit
 .text.HAL_InitTick
                0x00000000080012c8       0xf4 ./Core/Src/stm32l4xx_hal_timebase_tim.o
                0x00000000080012c8                HAL_InitTick
 .text.NMI_Handler
                0x00000000080013bc        0x6 ./Core/Src/stm32l4xx_it.o
                0x00000000080013bc                NMI_Handler
 .text.HardFault_Handler
                0x00000000080013c2        0x6 ./Core/Src/stm32l4xx_it.o
                0x00000000080013c2                HardFault_Handler
 .text.MemManage_Handler
                0x00000000080013c8        0x6 ./Core/Src/stm32l4xx_it.o
                0x00000000080013c8                MemManage_Handler
 .text.BusFault_Handler
                0x00000000080013ce        0x6 ./Core/Src/stm32l4xx_it.o
                0x00000000080013ce                BusFault_Handler
 .text.UsageFault_Handler
                0x00000000080013d4        0x6 ./Core/Src/stm32l4xx_it.o
                0x00000000080013d4                UsageFault_Handler
 .text.DebugMon_Handler
                0x00000000080013da        0xe ./Core/Src/stm32l4xx_it.o
                0x00000000080013da                DebugMon_Handler
 .text.DMA1_Channel4_IRQHandler
                0x00000000080013e8       0x14 ./Core/Src/stm32l4xx_it.o
                0x00000000080013e8                DMA1_Channel4_IRQHandler
 .text.USART1_IRQHandler
                0x00000000080013fc       0x14 ./Core/Src/stm32l4xx_it.o
                0x00000000080013fc                USART1_IRQHandler
 .text.TIM6_DAC_IRQHandler
                0x0000000008001410       0x14 ./Core/Src/stm32l4xx_it.o
                0x0000000008001410                TIM6_DAC_IRQHandler
 .text.SystemInit
                0x0000000008001424       0x24 ./Core/Src/system_stm32l4xx.o
                0x0000000008001424                SystemInit
 .text.Reset_Handler
                0x0000000008001448       0x50 ./Core/Startup/startup_stm32l432kbux.o
                0x0000000008001448                Reset_Handler
 .text.Default_Handler
                0x0000000008001498        0x2 ./Core/Startup/startup_stm32l432kbux.o
                0x0000000008001498                RTC_Alarm_IRQHandler
                0x0000000008001498                EXTI2_IRQHandler
                0x0000000008001498                TIM1_CC_IRQHandler
                0x0000000008001498                TSC_IRQHandler
                0x0000000008001498                TAMP_STAMP_IRQHandler
                0x0000000008001498                EXTI3_IRQHandler
                0x0000000008001498                LPTIM2_IRQHandler
                0x0000000008001498                I2C3_ER_IRQHandler
                0x0000000008001498                EXTI0_IRQHandler
                0x0000000008001498                CAN1_RX0_IRQHandler
                0x0000000008001498                FPU_IRQHandler
                0x0000000008001498                TIM1_UP_TIM16_IRQHandler
                0x0000000008001498                SPI1_IRQHandler
                0x0000000008001498                DMA2_Channel2_IRQHandler
                0x0000000008001498                ADC1_IRQHandler
                0x0000000008001498                DMA1_Channel7_IRQHandler
                0x0000000008001498                CAN1_RX1_IRQHandler
                0x0000000008001498                DMA2_Channel1_IRQHandler
                0x0000000008001498                QUADSPI_IRQHandler
                0x0000000008001498                I2C1_EV_IRQHandler
                0x0000000008001498                DMA1_Channel6_IRQHandler
                0x0000000008001498                DMA2_Channel4_IRQHandler
                0x0000000008001498                RCC_IRQHandler
                0x0000000008001498                TIM1_TRG_COM_IRQHandler
                0x0000000008001498                DMA1_Channel1_IRQHandler
                0x0000000008001498                Default_Handler
                0x0000000008001498                DMA2_Channel7_IRQHandler
                0x0000000008001498                EXTI15_10_IRQHandler
                0x0000000008001498                TIM7_IRQHandler
                0x0000000008001498                I2C3_EV_IRQHandler
                0x0000000008001498                USB_IRQHandler
                0x0000000008001498                EXTI9_5_IRQHandler
                0x0000000008001498                RTC_WKUP_IRQHandler
                0x0000000008001498                PVD_PVM_IRQHandler
                0x0000000008001498                CAN1_TX_IRQHandler
                0x0000000008001498                DMA2_Channel5_IRQHandler
                0x0000000008001498                CRS_IRQHandler
                0x0000000008001498                DMA1_Channel5_IRQHandler
                0x0000000008001498                EXTI4_IRQHandler
                0x0000000008001498                RNG_IRQHandler
                0x0000000008001498                DMA1_Channel3_IRQHandler
                0x0000000008001498                COMP_IRQHandler
                0x0000000008001498                WWDG_IRQHandler
                0x0000000008001498                LPUART1_IRQHandler
                0x0000000008001498                DMA2_Channel6_IRQHandler
                0x0000000008001498                TIM2_IRQHandler
                0x0000000008001498                EXTI1_IRQHandler
                0x0000000008001498                USART2_IRQHandler
                0x0000000008001498                DMA1_Channel2_IRQHandler
                0x0000000008001498                CAN1_SCE_IRQHandler
                0x0000000008001498                FLASH_IRQHandler
                0x0000000008001498                SPI3_IRQHandler
                0x0000000008001498                I2C1_ER_IRQHandler
                0x0000000008001498                SWPMI1_IRQHandler
                0x0000000008001498                LPTIM1_IRQHandler
                0x0000000008001498                SAI1_IRQHandler
                0x0000000008001498                DMA2_Channel3_IRQHandler
                0x0000000008001498                TIM1_BRK_TIM15_IRQHandler
 .text.HAL_Init
                0x000000000800149a       0x30 ./Drivers/STM32L4xx_HAL_Driver/Src/stm32l4xx_hal.o
                0x000000000800149a                HAL_Init
 *fill*         0x00000000080014ca        0x2 
 .text.HAL_IncTick
                0x00000000080014cc       0x28 ./Drivers/STM32L4xx_HAL_Driver/Src/stm32l4xx_hal.o
                0x00000000080014cc                HAL_IncTick
 .text.HAL_GetTick
                0x00000000080014f4       0x18 ./Drivers/STM32L4xx_HAL_Driver/Src/stm32l4xx_hal.o
                0x00000000080014f4                HAL_GetTick
 .text.HAL_Delay
                0x000000000800150c       0x48 ./Drivers/STM32L4xx_HAL_Driver/Src/stm32l4xx_hal.o
                0x000000000800150c                HAL_Delay
 .text.__NVIC_SetPriorityGrouping
                0x0000000008001554       0x48 ./Drivers/STM32L4xx_HAL_Driver/Src/stm32l4xx_hal_cortex.o
 .text.__NVIC_GetPriorityGrouping
                0x000000000800159c       0x1c ./Drivers/STM32L4xx_HAL_Driver/Src/stm32l4xx_hal_cortex.o
 .text.__NVIC_EnableIRQ
                0x00000000080015b8       0x3c ./Drivers/STM32L4xx_HAL_Driver/Src/stm32l4xx_hal_cortex.o
 .text.__NVIC_SetPriority
                0x00000000080015f4       0x54 ./Drivers/STM32L4xx_HAL_Driver/Src/stm32l4xx_hal_cortex.o
 .text.NVIC_EncodePriority
                0x0000000008001648       0x66 ./Drivers/STM32L4xx_HAL_Driver/Src/stm32l4xx_hal_cortex.o
 .text.HAL_NVIC_SetPriorityGrouping
                0x00000000080016ae       0x16 ./Drivers/STM32L4xx_HAL_Driver/Src/stm32l4xx_hal_cortex.o
                0x00000000080016ae                HAL_NVIC_SetPriorityGrouping
 .text.HAL_NVIC_SetPriority
                0x00000000080016c4       0x38 ./Drivers/STM32L4xx_HAL_Driver/Src/stm32l4xx_hal_cortex.o
                0x00000000080016c4                HAL_NVIC_SetPriority
 .text.HAL_NVIC_EnableIRQ
                0x00000000080016fc       0x1c ./Drivers/STM32L4xx_HAL_Driver/Src/stm32l4xx_hal_cortex.o
                0x00000000080016fc                HAL_NVIC_EnableIRQ
 .text.HAL_DMA_Init
                0x0000000008001718      0x170 ./Drivers/STM32L4xx_HAL_Driver/Src/stm32l4xx_hal_dma.o
                0x0000000008001718                HAL_DMA_Init
 .text.HAL_DMA_Abort
                0x0000000008001888       0x7c ./Drivers/STM32L4xx_HAL_Driver/Src/stm32l4xx_hal_dma.o
                0x0000000008001888                HAL_DMA_Abort
 .text.HAL_DMA_Abort_IT
                0x0000000008001904       0x82 ./Drivers/STM32L4xx_HAL_Driver/Src/stm32l4xx_hal_dma.o
                0x0000000008001904                HAL_DMA_Abort_IT
 .text.HAL_DMA_IRQHandler
                0x0000000008001986      0x15e ./Drivers/STM32L4xx_HAL_Driver/Src/stm32l4xx_hal_dma.o
                0x0000000008001986                HAL_DMA_IRQHandler
 .text.HAL_GPIO_Init
                0x0000000008001ae4      0x2d4 ./Drivers/STM32L4xx_HAL_Driver/Src/stm32l4xx_hal_gpio.o
                0x0000000008001ae4                HAL_GPIO_Init
 .text.HAL_GPIO_WritePin
                0x0000000008001db8       0x30 ./Drivers/STM32L4xx_HAL_Driver/Src/stm32l4xx_hal_gpio.o
                0x0000000008001db8                HAL_GPIO_WritePin
 .text.HAL_GPIO_TogglePin
                0x0000000008001de8       0x34 ./Drivers/STM32L4xx_HAL_Driver/Src/stm32l4xx_hal_gpio.o
                0x0000000008001de8                HAL_GPIO_TogglePin
 .text.HAL_PWREx_GetVoltageRange
                0x0000000008001e1c       0x1c ./Drivers/STM32L4xx_HAL_Driver/Src/stm32l4xx_hal_pwr_ex.o
                0x0000000008001e1c                HAL_PWREx_GetVoltageRange
 .text.HAL_PWREx_ControlVoltageScaling
                0x0000000008001e38       0xac ./Drivers/STM32L4xx_HAL_Driver/Src/stm32l4xx_hal_pwr_ex.o
                0x0000000008001e38                HAL_PWREx_ControlVoltageScaling
 .text.HAL_RCC_OscConfig
                0x0000000008001ee4      0x828 ./Drivers/STM32L4xx_HAL_Driver/Src/stm32l4xx_hal_rcc.o
                0x0000000008001ee4                HAL_RCC_OscConfig
 .text.HAL_RCC_ClockConfig
                0x000000000800270c      0x200 ./Drivers/STM32L4xx_HAL_Driver/Src/stm32l4xx_hal_rcc.o
                0x000000000800270c                HAL_RCC_ClockConfig
 .text.HAL_RCC_GetSysClockFreq
                0x000000000800290c      0x118 ./Drivers/STM32L4xx_HAL_Driver/Src/stm32l4xx_hal_rcc.o
                0x000000000800290c                HAL_RCC_GetSysClockFreq
 .text.HAL_RCC_GetHCLKFreq
                0x0000000008002a24       0x18 ./Drivers/STM32L4xx_HAL_Driver/Src/stm32l4xx_hal_rcc.o
                0x0000000008002a24                HAL_RCC_GetHCLKFreq
 .text.HAL_RCC_GetPCLK1Freq
                0x0000000008002a3c       0x2c ./Drivers/STM32L4xx_HAL_Driver/Src/stm32l4xx_hal_rcc.o
                0x0000000008002a3c                HAL_RCC_GetPCLK1Freq
 .text.HAL_RCC_GetPCLK2Freq
                0x0000000008002a68       0x2c ./Drivers/STM32L4xx_HAL_Driver/Src/stm32l4xx_hal_rcc.o
                0x0000000008002a68                HAL_RCC_GetPCLK2Freq
 .text.HAL_RCC_GetClockConfig
                0x0000000008002a94       0x64 ./Drivers/STM32L4xx_HAL_Driver/Src/stm32l4xx_hal_rcc.o
                0x0000000008002a94                HAL_RCC_GetClockConfig
 .text.RCC_SetFlashLatencyFromMSIRange
                0x0000000008002af8       0xc0 ./Drivers/STM32L4xx_HAL_Driver/Src/stm32l4xx_hal_rcc.o
 .text.HAL_RCCEx_PeriphCLKConfig
                0x0000000008002bb8      0x3ec ./Drivers/STM32L4xx_HAL_Driver/Src/stm32l4xx_hal_rcc_ex.o
                0x0000000008002bb8                HAL_RCCEx_PeriphCLKConfig
 .text.RCCEx_PLLSAI1_Config
                0x0000000008002fa4      0x1e4 ./Drivers/STM32L4xx_HAL_Driver/Src/stm32l4xx_hal_rcc_ex.o
 .text.HAL_SPI_Init
                0x0000000008003188      0x1b4 ./Drivers/STM32L4xx_HAL_Driver/Src/stm32l4xx_hal_spi.o
                0x0000000008003188                HAL_SPI_Init
 .text.HAL_SPI_Transmit
                0x000000000800333c      0x2ea ./Drivers/STM32L4xx_HAL_Driver/Src/stm32l4xx_hal_spi.o
                0x000000000800333c                HAL_SPI_Transmit
 .text.HAL_SPI_Receive
                0x0000000008003626      0x26e ./Drivers/STM32L4xx_HAL_Driver/Src/stm32l4xx_hal_spi.o
                0x0000000008003626                HAL_SPI_Receive
 .text.HAL_SPI_TransmitReceive
                0x0000000008003894      0x444 ./Drivers/STM32L4xx_HAL_Driver/Src/stm32l4xx_hal_spi.o
                0x0000000008003894                HAL_SPI_TransmitReceive
 .text.HAL_SPI_TxCpltCallback
                0x0000000008003cd8       0x14 ./Drivers/STM32L4xx_HAL_Driver/Src/stm32l4xx_hal_spi.o
                0x0000000008003cd8                HAL_SPI_TxCpltCallback
 .text.HAL_SPI_RxCpltCallback
                0x0000000008003cec       0x14 ./Drivers/STM32L4xx_HAL_Driver/Src/stm32l4xx_hal_spi.o
                0x0000000008003cec                HAL_SPI_RxCpltCallback
 .text.HAL_SPI_TxRxCpltCallback
                0x0000000008003d00       0x14 ./Drivers/STM32L4xx_HAL_Driver/Src/stm32l4xx_hal_spi.o
                0x0000000008003d00                HAL_SPI_TxRxCpltCallback
 .text.HAL_SPI_TxHalfCpltCallback
                0x0000000008003d14       0x14 ./Drivers/STM32L4xx_HAL_Driver/Src/stm32l4xx_hal_spi.o
                0x0000000008003d14                HAL_SPI_TxHalfCpltCallback
 .text.HAL_SPI_RxHalfCpltCallback
                0x0000000008003d28       0x14 ./Drivers/STM32L4xx_HAL_Driver/Src/stm32l4xx_hal_spi.o
                0x0000000008003d28                HAL_SPI_RxHalfCpltCallback
 .text.HAL_SPI_TxRxHalfCpltCallback
                0x0000000008003d3c       0x14 ./Drivers/STM32L4xx_HAL_Driver/Src/stm32l4xx_hal_spi.o
                0x0000000008003d3c                HAL_SPI_TxRxHalfCpltCallback
 .text.HAL_SPI_ErrorCallback
                0x0000000008003d50       0x14 ./Drivers/STM32L4xx_HAL_Driver/Src/stm32l4xx_hal_spi.o
                0x0000000008003d50                HAL_SPI_ErrorCallback
 .text.HAL_SPI_AbortCpltCallback
                0x0000000008003d64       0x14 ./Drivers/STM32L4xx_HAL_Driver/Src/stm32l4xx_hal_spi.o
                0x0000000008003d64                HAL_SPI_AbortCpltCallback
 .text.SPI_WaitFlagStateUntilTimeout
                0x0000000008003d78      0x110 ./Drivers/STM32L4xx_HAL_Driver/Src/stm32l4xx_hal_spi.o
 .text.SPI_WaitFifoStateUntilTimeout
                0x0000000008003e88      0x12c ./Drivers/STM32L4xx_HAL_Driver/Src/stm32l4xx_hal_spi.o
 .text.SPI_EndRxTransaction
                0x0000000008003fb4       0xb0 ./Drivers/STM32L4xx_HAL_Driver/Src/stm32l4xx_hal_spi.o
 .text.SPI_EndRxTxTransaction
                0x0000000008004064       0x8c ./Drivers/STM32L4xx_HAL_Driver/Src/stm32l4xx_hal_spi.o
 .text.HAL_TIM_Base_Init
                0x00000000080040f0       0xae ./Drivers/STM32L4xx_HAL_Driver/Src/stm32l4xx_hal_tim.o
                0x00000000080040f0                HAL_TIM_Base_Init
 .text.HAL_TIM_Base_MspInit
                0x000000000800419e       0x14 ./Drivers/STM32L4xx_HAL_Driver/Src/stm32l4xx_hal_tim.o
                0x000000000800419e                HAL_TIM_Base_MspInit
 *fill*         0x00000000080041b2        0x2 
 .text.HAL_TIM_Base_Start_IT
                0x00000000080041b4       0xa8 ./Drivers/STM32L4xx_HAL_Driver/Src/stm32l4xx_hal_tim.o
                0x00000000080041b4                HAL_TIM_Base_Start_IT
 .text.HAL_TIM_IRQHandler
                0x000000000800425c      0x204 ./Drivers/STM32L4xx_HAL_Driver/Src/stm32l4xx_hal_tim.o
                0x000000000800425c                HAL_TIM_IRQHandler
 .text.HAL_TIM_OC_DelayElapsedCallback
                0x0000000008004460       0x14 ./Drivers/STM32L4xx_HAL_Driver/Src/stm32l4xx_hal_tim.o
                0x0000000008004460                HAL_TIM_OC_DelayElapsedCallback
 .text.HAL_TIM_IC_CaptureCallback
                0x0000000008004474       0x14 ./Drivers/STM32L4xx_HAL_Driver/Src/stm32l4xx_hal_tim.o
                0x0000000008004474                HAL_TIM_IC_CaptureCallback
 .text.HAL_TIM_PWM_PulseFinishedCallback
                0x0000000008004488       0x14 ./Drivers/STM32L4xx_HAL_Driver/Src/stm32l4xx_hal_tim.o
                0x0000000008004488                HAL_TIM_PWM_PulseFinishedCallback
 .text.HAL_TIM_TriggerCallback
                0x000000000800449c       0x14 ./Drivers/STM32L4xx_HAL_Driver/Src/stm32l4xx_hal_tim.o
                0x000000000800449c                HAL_TIM_TriggerCallback
 .text.TIM_Base_SetConfig
                0x00000000080044b0       0xc8 ./Drivers/STM32L4xx_HAL_Driver/Src/stm32l4xx_hal_tim.o
                0x00000000080044b0                TIM_Base_SetConfig
 .text.HAL_TIMEx_CommutCallback
                0x0000000008004578       0x14 ./Drivers/STM32L4xx_HAL_Driver/Src/stm32l4xx_hal_tim_ex.o
                0x0000000008004578                HAL_TIMEx_CommutCallback
 .text.HAL_TIMEx_BreakCallback
                0x000000000800458c       0x14 ./Drivers/STM32L4xx_HAL_Driver/Src/stm32l4xx_hal_tim_ex.o
                0x000000000800458c                HAL_TIMEx_BreakCallback
 .text.HAL_TIMEx_Break2Callback
                0x00000000080045a0       0x14 ./Drivers/STM32L4xx_HAL_Driver/Src/stm32l4xx_hal_tim_ex.o
                0x00000000080045a0                HAL_TIMEx_Break2Callback
 .text.HAL_UART_Init
                0x00000000080045b4       0xbc ./Drivers/STM32L4xx_HAL_Driver/Src/stm32l4xx_hal_uart.o
                0x00000000080045b4                HAL_UART_Init
 .text.HAL_UART_Transmit
                0x0000000008004670      0x114 ./Drivers/STM32L4xx_HAL_Driver/Src/stm32l4xx_hal_uart.o
                0x0000000008004670                HAL_UART_Transmit
 .text.HAL_UART_IRQHandler
                0x0000000008004784      0x5ec ./Drivers/STM32L4xx_HAL_Driver/Src/stm32l4xx_hal_uart.o
                0x0000000008004784                HAL_UART_IRQHandler
 .text.HAL_UART_TxCpltCallback
                0x0000000008004d70       0x14 ./Drivers/STM32L4xx_HAL_Driver/Src/stm32l4xx_hal_uart.o
                0x0000000008004d70                HAL_UART_TxCpltCallback
 .text.HAL_UART_TxHalfCpltCallback
                0x0000000008004d84       0x14 ./Drivers/STM32L4xx_HAL_Driver/Src/stm32l4xx_hal_uart.o
                0x0000000008004d84                HAL_UART_TxHalfCpltCallback
 .text.HAL_UART_RxCpltCallback
                0x0000000008004d98       0x14 ./Drivers/STM32L4xx_HAL_Driver/Src/stm32l4xx_hal_uart.o
                0x0000000008004d98                HAL_UART_RxCpltCallback
 .text.HAL_UART_RxHalfCpltCallback
                0x0000000008004dac       0x14 ./Drivers/STM32L4xx_HAL_Driver/Src/stm32l4xx_hal_uart.o
                0x0000000008004dac                HAL_UART_RxHalfCpltCallback
 .text.HAL_UART_ErrorCallback
                0x0000000008004dc0       0x14 ./Drivers/STM32L4xx_HAL_Driver/Src/stm32l4xx_hal_uart.o
                0x0000000008004dc0                HAL_UART_ErrorCallback
 .text.HAL_UART_AbortCpltCallback
                0x0000000008004dd4       0x14 ./Drivers/STM32L4xx_HAL_Driver/Src/stm32l4xx_hal_uart.o
                0x0000000008004dd4                HAL_UART_AbortCpltCallback
 .text.HAL_UART_AbortTransmitCpltCallback
                0x0000000008004de8       0x14 ./Drivers/STM32L4xx_HAL_Driver/Src/stm32l4xx_hal_uart.o
                0x0000000008004de8                HAL_UART_AbortTransmitCpltCallback
 .text.HAL_UART_AbortReceiveCpltCallback
                0x0000000008004dfc       0x14 ./Drivers/STM32L4xx_HAL_Driver/Src/stm32l4xx_hal_uart.o
                0x0000000008004dfc                HAL_UART_AbortReceiveCpltCallback
 .text.HAL_UARTEx_RxEventCallback
                0x0000000008004e10       0x18 ./Drivers/STM32L4xx_HAL_Driver/Src/stm32l4xx_hal_uart.o
                0x0000000008004e10                HAL_UARTEx_RxEventCallback
 .text.UART_InitCallbacksToDefault
                0x0000000008004e28       0x8c ./Drivers/STM32L4xx_HAL_Driver/Src/stm32l4xx_hal_uart.o
                0x0000000008004e28                UART_InitCallbacksToDefault
 .text.UART_SetConfig
                0x0000000008004eb4      0x458 ./Drivers/STM32L4xx_HAL_Driver/Src/stm32l4xx_hal_uart.o
                0x0000000008004eb4                UART_SetConfig
 .text.UART_AdvFeatureConfig
                0x000000000800530c      0x144 ./Drivers/STM32L4xx_HAL_Driver/Src/stm32l4xx_hal_uart.o
                0x000000000800530c                UART_AdvFeatureConfig
 .text.UART_CheckIdleState
                0x0000000008005450      0x150 ./Drivers/STM32L4xx_HAL_Driver/Src/stm32l4xx_hal_uart.o
                0x0000000008005450                UART_CheckIdleState
 .text.UART_WaitOnFlagUntilTimeout
                0x00000000080055a0       0xce ./Drivers/STM32L4xx_HAL_Driver/Src/stm32l4xx_hal_uart.o
                0x00000000080055a0                UART_WaitOnFlagUntilTimeout
 .text.UART_EndRxTransfer
                0x000000000800566e       0xc8 ./Drivers/STM32L4xx_HAL_Driver/Src/stm32l4xx_hal_uart.o
 .text.UART_DMAAbortOnError
                0x0000000008005736       0x30 ./Drivers/STM32L4xx_HAL_Driver/Src/stm32l4xx_hal_uart.o
 .text.UART_EndTransmit_IT
                0x0000000008005766       0x58 ./Drivers/STM32L4xx_HAL_Driver/Src/stm32l4xx_hal_uart.o
 .text.HAL_UARTEx_WakeupCallback
                0x00000000080057be       0x14 ./Drivers/STM32L4xx_HAL_Driver/Src/stm32l4xx_hal_uart_ex.o
                0x00000000080057be                HAL_UARTEx_WakeupCallback
 *fill*         0x00000000080057d2        0x2 
 .text.__NVIC_SetPriority
                0x00000000080057d4       0x54 ./Middlewares/Third_Party/FreeRTOS/Source/CMSIS_RTOS_V2/cmsis_os2.o
 .text.SysTick_Handler
                0x0000000008005828       0x20 ./Middlewares/Third_Party/FreeRTOS/Source/CMSIS_RTOS_V2/cmsis_os2.o
                0x0000000008005828                SysTick_Handler
 .text.SVC_Setup
                0x0000000008005848       0x12 ./Middlewares/Third_Party/FreeRTOS/Source/CMSIS_RTOS_V2/cmsis_os2.o
 *fill*         0x000000000800585a        0x2 
 .text.osKernelInitialize
                0x000000000800585c       0x48 ./Middlewares/Third_Party/FreeRTOS/Source/CMSIS_RTOS_V2/cmsis_os2.o
                0x000000000800585c                osKernelInitialize
 .text.osKernelGetState
                0x00000000080058a4       0x44 ./Middlewares/Third_Party/FreeRTOS/Source/CMSIS_RTOS_V2/cmsis_os2.o
                0x00000000080058a4                osKernelGetState
 .text.osKernelStart
                0x00000000080058e8       0x4c ./Middlewares/Third_Party/FreeRTOS/Source/CMSIS_RTOS_V2/cmsis_os2.o
                0x00000000080058e8                osKernelStart
 .text.osKernelGetTickCount
                0x0000000008005934       0x2a ./Middlewares/Third_Party/FreeRTOS/Source/CMSIS_RTOS_V2/cmsis_os2.o
                0x0000000008005934                osKernelGetTickCount
 .text.osThreadNew
                0x000000000800595e      0x124 ./Middlewares/Third_Party/FreeRTOS/Source/CMSIS_RTOS_V2/cmsis_os2.o
                0x000000000800595e                osThreadNew
 .text.osDelay  0x0000000008005a82       0x36 ./Middlewares/Third_Party/FreeRTOS/Source/CMSIS_RTOS_V2/cmsis_os2.o
                0x0000000008005a82                osDelay
 .text.osDelayUntil
                0x0000000008005ab8       0x5a ./Middlewares/Third_Party/FreeRTOS/Source/CMSIS_RTOS_V2/cmsis_os2.o
                0x0000000008005ab8                osDelayUntil
 *fill*         0x0000000008005b12        0x2 
 .text.vApplicationGetIdleTaskMemory
                0x0000000008005b14       0x34 ./Middlewares/Third_Party/FreeRTOS/Source/CMSIS_RTOS_V2/cmsis_os2.o
                0x0000000008005b14                vApplicationGetIdleTaskMemory
 .text.vApplicationGetTimerTaskMemory
                0x0000000008005b48       0x34 ./Middlewares/Third_Party/FreeRTOS/Source/CMSIS_RTOS_V2/cmsis_os2.o
                0x0000000008005b48                vApplicationGetTimerTaskMemory
 .text.vListInitialise
                0x0000000008005b7c       0x40 ./Middlewares/Third_Party/FreeRTOS/Source/list.o
                0x0000000008005b7c                vListInitialise
 .text.vListInitialiseItem
                0x0000000008005bbc       0x1a ./Middlewares/Third_Party/FreeRTOS/Source/list.o
                0x0000000008005bbc                vListInitialiseItem
 .text.vListInsertEnd
                0x0000000008005bd6       0x48 ./Middlewares/Third_Party/FreeRTOS/Source/list.o
                0x0000000008005bd6                vListInsertEnd
 .text.vListInsert
                0x0000000008005c1e       0x72 ./Middlewares/Third_Party/FreeRTOS/Source/list.o
                0x0000000008005c1e                vListInsert
 .text.uxListRemove
                0x0000000008005c90       0x54 ./Middlewares/Third_Party/FreeRTOS/Source/list.o
                0x0000000008005c90                uxListRemove
 .text.xQueueGenericReset
                0x0000000008005ce4       0xd0 ./Middlewares/Third_Party/FreeRTOS/Source/queue.o
                0x0000000008005ce4                xQueueGenericReset
 .text.xQueueGenericCreateStatic
                0x0000000008005db4       0xf0 ./Middlewares/Third_Party/FreeRTOS/Source/queue.o
                0x0000000008005db4                xQueueGenericCreateStatic
 .text.prvInitialiseNewQueue
                0x0000000008005ea4       0x46 ./Middlewares/Third_Party/FreeRTOS/Source/queue.o
 *fill*         0x0000000008005eea        0x2 
 .text.xQueueGenericSend
                0x0000000008005eec      0x1fc ./Middlewares/Third_Party/FreeRTOS/Source/queue.o
                0x0000000008005eec                xQueueGenericSend
 .text.xQueueGenericSendFromISR
                0x00000000080060e8      0x136 ./Middlewares/Third_Party/FreeRTOS/Source/queue.o
                0x00000000080060e8                xQueueGenericSendFromISR
 *fill*         0x000000000800621e        0x2 
 .text.xQueueReceive
                0x0000000008006220      0x1c0 ./Middlewares/Third_Party/FreeRTOS/Source/queue.o
                0x0000000008006220                xQueueReceive
 .text.prvCopyDataToQueue
                0x00000000080063e0       0xd4 ./Middlewares/Third_Party/FreeRTOS/Source/queue.o
 .text.prvCopyDataFromQueue
                0x00000000080064b4       0x4c ./Middlewares/Third_Party/FreeRTOS/Source/queue.o
 .text.prvUnlockQueue
                0x0000000008006500       0xa4 ./Middlewares/Third_Party/FreeRTOS/Source/queue.o
 .text.prvIsQueueEmpty
                0x00000000080065a4       0x2c ./Middlewares/Third_Party/FreeRTOS/Source/queue.o
 .text.prvIsQueueFull
                0x00000000080065d0       0x30 ./Middlewares/Third_Party/FreeRTOS/Source/queue.o
 .text.vQueueAddToRegistry
                0x0000000008006600       0x54 ./Middlewares/Third_Party/FreeRTOS/Source/queue.o
                0x0000000008006600                vQueueAddToRegistry
 .text.vQueueWaitForMessageRestricted
                0x0000000008006654       0x68 ./Middlewares/Third_Party/FreeRTOS/Source/queue.o
                0x0000000008006654                vQueueWaitForMessageRestricted
 .text.xTaskCreateStatic
                0x00000000080066bc       0xba ./Middlewares/Third_Party/FreeRTOS/Source/tasks.o
                0x00000000080066bc                xTaskCreateStatic
 .text.xTaskCreate
                0x0000000008006776       0x8a ./Middlewares/Third_Party/FreeRTOS/Source/tasks.o
                0x0000000008006776                xTaskCreate
 .text.prvInitialiseNewTask
                0x0000000008006800      0x14c ./Middlewares/Third_Party/FreeRTOS/Source/tasks.o
 .text.prvAddNewTaskToReadyList
                0x000000000800694c       0xe0 ./Middlewares/Third_Party/FreeRTOS/Source/tasks.o
 .text.vTaskDelayUntil
                0x0000000008006a2c       0xfc ./Middlewares/Third_Party/FreeRTOS/Source/tasks.o
                0x0000000008006a2c                vTaskDelayUntil
 .text.vTaskDelay
                0x0000000008006b28       0x68 ./Middlewares/Third_Party/FreeRTOS/Source/tasks.o
                0x0000000008006b28                vTaskDelay
 .text.vTaskStartScheduler
                0x0000000008006b90       0xe0 ./Middlewares/Third_Party/FreeRTOS/Source/tasks.o
                0x0000000008006b90                vTaskStartScheduler
 .text.vTaskSuspendAll
                0x0000000008006c70       0x1c ./Middlewares/Third_Party/FreeRTOS/Source/tasks.o
                0x0000000008006c70                vTaskSuspendAll
 .text.xTaskResumeAll
                0x0000000008006c8c      0x13c ./Middlewares/Third_Party/FreeRTOS/Source/tasks.o
                0x0000000008006c8c                xTaskResumeAll
 .text.xTaskGetTickCount
                0x0000000008006dc8       0x20 ./Middlewares/Third_Party/FreeRTOS/Source/tasks.o
                0x0000000008006dc8                xTaskGetTickCount
 .text.xTaskGetTickCountFromISR
                0x0000000008006de8       0x24 ./Middlewares/Third_Party/FreeRTOS/Source/tasks.o
                0x0000000008006de8                xTaskGetTickCountFromISR
 .text.xTaskIncrementTick
                0x0000000008006e0c      0x174 ./Middlewares/Third_Party/FreeRTOS/Source/tasks.o
                0x0000000008006e0c                xTaskIncrementTick
 .text.vTaskSwitchContext
                0x0000000008006f80       0xc8 ./Middlewares/Third_Party/FreeRTOS/Source/tasks.o
                0x0000000008006f80                vTaskSwitchContext
 .text.vTaskPlaceOnEventList
                0x0000000008007048       0x48 ./Middlewares/Third_Party/FreeRTOS/Source/tasks.o
                0x0000000008007048                vTaskPlaceOnEventList
 .text.vTaskPlaceOnEventListRestricted
                0x0000000008007090       0x58 ./Middlewares/Third_Party/FreeRTOS/Source/tasks.o
                0x0000000008007090                vTaskPlaceOnEventListRestricted
 .text.xTaskRemoveFromEventList
                0x00000000080070e8       0xc8 ./Middlewares/Third_Party/FreeRTOS/Source/tasks.o
                0x00000000080070e8                xTaskRemoveFromEventList
 .text.vTaskInternalSetTimeOutState
                0x00000000080071b0       0x2c ./Middlewares/Third_Party/FreeRTOS/Source/tasks.o
                0x00000000080071b0                vTaskInternalSetTimeOutState
 .text.xTaskCheckForTimeOut
                0x00000000080071dc       0xc4 ./Middlewares/Third_Party/FreeRTOS/Source/tasks.o
                0x00000000080071dc                xTaskCheckForTimeOut
 .text.vTaskMissedYield
                0x00000000080072a0       0x18 ./Middlewares/Third_Party/FreeRTOS/Source/tasks.o
                0x00000000080072a0                vTaskMissedYield
 .text.prvIdleTask
                0x00000000080072b8       0x30 ./Middlewares/Third_Party/FreeRTOS/Source/tasks.o
 .text.prvInitialiseTaskLists
                0x00000000080072e8       0x80 ./Middlewares/Third_Party/FreeRTOS/Source/tasks.o
 .text.prvCheckTasksWaitingTermination
                0x0000000008007368       0x5c ./Middlewares/Third_Party/FreeRTOS/Source/tasks.o
 .text.prvDeleteTCB
                0x00000000080073c4       0x68 ./Middlewares/Third_Party/FreeRTOS/Source/tasks.o
 .text.prvResetNextTaskUnblockTime
                0x000000000800742c       0x40 ./Middlewares/Third_Party/FreeRTOS/Source/tasks.o
 .text.xTaskGetSchedulerState
                0x000000000800746c       0x3c ./Middlewares/Third_Party/FreeRTOS/Source/tasks.o
                0x000000000800746c                xTaskGetSchedulerState
 .text.xTaskPriorityDisinherit
                0x00000000080074a8       0xdc ./Middlewares/Third_Party/FreeRTOS/Source/tasks.o
                0x00000000080074a8                xTaskPriorityDisinherit
 .text.prvAddCurrentTaskToDelayedList
                0x0000000008007584       0xa8 ./Middlewares/Third_Party/FreeRTOS/Source/tasks.o
 .text.xTimerCreateTimerTask
                0x000000000800762c       0x90 ./Middlewares/Third_Party/FreeRTOS/Source/timers.o
                0x000000000800762c                xTimerCreateTimerTask
 .text.xTimerGenericCommand
                0x00000000080076bc       0x9c ./Middlewares/Third_Party/FreeRTOS/Source/timers.o
                0x00000000080076bc                xTimerGenericCommand
 .text.prvProcessExpiredTimer
                0x0000000008007758       0x98 ./Middlewares/Third_Party/FreeRTOS/Source/timers.o
 .text.prvTimerTask
                0x00000000080077f0       0x24 ./Middlewares/Third_Party/FreeRTOS/Source/timers.o
 .text.prvProcessTimerOrBlockTask
                0x0000000008007814       0x9c ./Middlewares/Third_Party/FreeRTOS/Source/timers.o
 .text.prvGetNextExpireTime
                0x00000000080078b0       0x48 ./Middlewares/Third_Party/FreeRTOS/Source/timers.o
 .text.prvSampleTimeNow
                0x00000000080078f8       0x40 ./Middlewares/Third_Party/FreeRTOS/Source/timers.o
 .text.prvInsertTimerInActiveList
                0x0000000008007938       0x84 ./Middlewares/Third_Party/FreeRTOS/Source/timers.o
 .text.prvProcessReceivedCommands
                0x00000000080079bc      0x1c4 ./Middlewares/Third_Party/FreeRTOS/Source/timers.o
 .text.prvSwitchTimerLists
                0x0000000008007b80       0xc8 ./Middlewares/Third_Party/FreeRTOS/Source/timers.o
 .text.prvCheckForValidListAndQueue
                0x0000000008007c48       0x80 ./Middlewares/Third_Party/FreeRTOS/Source/timers.o
 .text.pxPortInitialiseStack
                0x0000000008007cc8       0x68 ./Middlewares/Third_Party/FreeRTOS/Source/portable/GCC/ARM_CM4F/port.o
                0x0000000008007cc8                pxPortInitialiseStack
 .text.prvTaskExitError
                0x0000000008007d30       0x58 ./Middlewares/Third_Party/FreeRTOS/Source/portable/GCC/ARM_CM4F/port.o
 *fill*         0x0000000008007d88        0x8 
 .text.SVC_Handler
                0x0000000008007d90       0x28 ./Middlewares/Third_Party/FreeRTOS/Source/portable/GCC/ARM_CM4F/port.o
                0x0000000008007d90                SVC_Handler
 .text.prvPortStartFirstTask
                0x0000000008007db8       0x28 ./Middlewares/Third_Party/FreeRTOS/Source/portable/GCC/ARM_CM4F/port.o
 .text.xPortStartScheduler
                0x0000000008007de0      0x144 ./Middlewares/Third_Party/FreeRTOS/Source/portable/GCC/ARM_CM4F/port.o
                0x0000000008007de0                xPortStartScheduler
 .text.vPortEnterCritical
                0x0000000008007f24       0x60 ./Middlewares/Third_Party/FreeRTOS/Source/portable/GCC/ARM_CM4F/port.o
                0x0000000008007f24                vPortEnterCritical
 .text.vPortExitCritical
                0x0000000008007f84       0x54 ./Middlewares/Third_Party/FreeRTOS/Source/portable/GCC/ARM_CM4F/port.o
                0x0000000008007f84                vPortExitCritical
 *fill*         0x0000000008007fd8        0x8 
 .text.PendSV_Handler
                0x0000000008007fe0       0x68 ./Middlewares/Third_Party/FreeRTOS/Source/portable/GCC/ARM_CM4F/port.o
                0x0000000008007fe0                PendSV_Handler
 .text.xPortSysTickHandler
                0x0000000008008048       0x44 ./Middlewares/Third_Party/FreeRTOS/Source/portable/GCC/ARM_CM4F/port.o
                0x0000000008008048                xPortSysTickHandler
 .text.vPortSetupTimerInterrupt
                0x000000000800808c       0x48 ./Middlewares/Third_Party/FreeRTOS/Source/portable/GCC/ARM_CM4F/port.o
                0x000000000800808c                vPortSetupTimerInterrupt
 .text.vPortEnableVFP
                0x00000000080080d4       0x14 ./Middlewares/Third_Party/FreeRTOS/Source/portable/GCC/ARM_CM4F/port.o
 .text.vPortValidateInterruptPriority
                0x00000000080080e8       0x80 ./Middlewares/Third_Party/FreeRTOS/Source/portable/GCC/ARM_CM4F/port.o
                0x00000000080080e8                vPortValidateInterruptPriority
 .text.pvPortMalloc
                0x0000000008008168      0x198 ./Middlewares/Third_Party/FreeRTOS/Source/portable/MemMang/heap_4.o
                0x0000000008008168                pvPortMalloc
 .text.vPortFree
                0x0000000008008300       0xc4 ./Middlewares/Third_Party/FreeRTOS/Source/portable/MemMang/heap_4.o
                0x0000000008008300                vPortFree
 .text.prvHeapInit
                0x00000000080083c4       0xc4 ./Middlewares/Third_Party/FreeRTOS/Source/portable/MemMang/heap_4.o
 .text.prvInsertBlockIntoFreeList
                0x0000000008008488       0xb4 ./Middlewares/Third_Party/FreeRTOS/Source/portable/MemMang/heap_4.o
 .text._Z5delaym
                0x000000000800853c       0x2a ./firmware/firmware.o
                0x000000000800853c                delay(unsigned long)
 .text._ZN13elapsedMillisC2Ev
                0x0000000008008566       0x1c ./firmware/firmware.o
                0x0000000008008566                elapsedMillis::elapsedMillis()
                0x0000000008008566                elapsedMillis::elapsedMillis()
 .text._ZNK13elapsedMilliscvmEv
                0x0000000008008582       0x1c ./firmware/firmware.o
                0x0000000008008582                elapsedMillis::operator unsigned long() const
 .text._ZN13elapsedMillisaSEm
                0x000000000800859e       0x22 ./firmware/firmware.o
                0x000000000800859e                elapsedMillis::operator=(unsigned long)
 .text.firmware
                0x00000000080085c0       0xb0 ./firmware/firmware.o
                0x00000000080085c0                firmware
 .text._Z8imu_taskPv
                0x0000000008008670       0x1c ./firmware/firmware.o
                0x0000000008008670                imu_task(void*)
 .text._Z18communication_taskPv
                0x000000000800868c      0x178 ./firmware/firmware.o
                0x000000000800868c                communication_task(void*)
 .text._Z41__static_initialization_and_destruction_0ii
                0x0000000008008804       0x38 ./firmware/firmware.o
 .text._GLOBAL__sub_I_imu_config
                0x000000000800883c       0x10 ./firmware/firmware.o
 .text._Z41__static_initialization_and_destruction_0ii
                0x000000000800884c       0x38 ./stm32_core_cpp_lib/communication/uart_interface/core_comm_UartInterface.o
 .text._GLOBAL__sub_I_std_hardware_uart_config
                0x0000000008008884       0x10 ./stm32_core_cpp_lib/communication/uart_interface/core_comm_UartInterface.o
 .text._ZN8CallbackC2Ev
                0x0000000008008894       0x20 ./stm32_core_cpp_lib/hardware/SPI/core_hardware_spi.o
                0x0000000008008894                Callback::Callback()
                0x0000000008008894                Callback::Callback()
 .text._ZN8Callback4callEv
                0x00000000080088b4       0x14 ./stm32_core_cpp_lib/hardware/SPI/core_hardware_spi.o
                0x00000000080088b4                Callback::call()
 .text._ZN8Callback4callEPv
                0x00000000080088c8       0x16 ./stm32_core_cpp_lib/hardware/SPI/core_hardware_spi.o
                0x00000000080088c8                Callback::call(void*)
 *fill*         0x00000000080088de        0x2 
 .text._ZN19core_utils_CallbackIvvEC2Ev
                0x00000000080088e0       0x3c ./stm32_core_cpp_lib/hardware/SPI/core_hardware_spi.o
                0x00000000080088e0                core_utils_Callback<void, void>::core_utils_Callback()
                0x00000000080088e0                core_utils_Callback<void, void>::core_utils_Callback()
 .text._ZN19core_utils_CallbackIvvE4callEv
                0x000000000800891c       0x1a ./stm32_core_cpp_lib/hardware/SPI/core_hardware_spi.o
                0x000000000800891c                core_utils_Callback<void, void>::call()
 .text._ZN26core_utils_FunctionPointerIvvEC2EPFvvE
                0x0000000008008936       0x1c ./stm32_core_cpp_lib/hardware/SPI/core_hardware_spi.o
                0x0000000008008936                core_utils_FunctionPointer<void, void>::core_utils_FunctionPointer(void (*)())
                0x0000000008008936                core_utils_FunctionPointer<void, void>::core_utils_FunctionPointer(void (*)())
 .text._ZN26core_utils_FunctionPointerIvvEclEv
                0x0000000008008952       0x16 ./stm32_core_cpp_lib/hardware/SPI/core_hardware_spi.o
                0x0000000008008952                core_utils_FunctionPointer<void, void>::operator()()
 .text._ZN26core_utils_FunctionPointerIvvE6attachEPFvvE
                0x0000000008008968       0x22 ./stm32_core_cpp_lib/hardware/SPI/core_hardware_spi.o
                0x0000000008008968                core_utils_FunctionPointer<void, void>::attach(void (*)())
 .text._ZN26core_utils_FunctionPointerIvvE4callEv
                0x000000000800898a       0x4a ./stm32_core_cpp_lib/hardware/SPI/core_hardware_spi.o
                0x000000000800898a                core_utils_FunctionPointer<void, void>::call()
 .text._Z7deg2radf
                0x00000000080089d4       0x38 ./stm32_core_cpp_lib/sensors/IMU/bmi160.o
                0x00000000080089d4                deg2rad(float)
 .text._ZN18bmi160_gyr_calib_tC2Ev
                0x0000000008008a0c       0x2e ./stm32_core_cpp_lib/sensors/IMU/bmi160.o
                0x0000000008008a0c                bmi160_gyr_calib_t::bmi160_gyr_calib_t()
                0x0000000008008a0c                bmi160_gyr_calib_t::bmi160_gyr_calib_t()
 .text._ZN19bmi160_gyr_config_tC2Ev
                0x0000000008008a3a       0x2e ./stm32_core_cpp_lib/sensors/IMU/bmi160.o
                0x0000000008008a3a                bmi160_gyr_config_t::bmi160_gyr_config_t()
                0x0000000008008a3a                bmi160_gyr_config_t::bmi160_gyr_config_t()
 .text._ZN19bmi160_acc_config_tC2Ev
                0x0000000008008a68       0x2e ./stm32_core_cpp_lib/sensors/IMU/bmi160.o
                0x0000000008008a68                bmi160_acc_config_t::bmi160_acc_config_t()
                0x0000000008008a68                bmi160_acc_config_t::bmi160_acc_config_t()
 .text._ZN15bmi160_config_tC2Ev
                0x0000000008008a96       0x26 ./stm32_core_cpp_lib/sensors/IMU/bmi160.o
                0x0000000008008a96                bmi160_config_t::bmi160_config_t()
                0x0000000008008a96                bmi160_config_t::bmi160_config_t()
 .text._ZN6BMI160C2Ev
                0x0000000008008abc       0x26 ./stm32_core_cpp_lib/sensors/IMU/bmi160.o
                0x0000000008008abc                BMI160::BMI160()
                0x0000000008008abc                BMI160::BMI160()
 .text._ZN6BMI16013writeRegisterEhh
                0x0000000008008ae2       0x5a ./stm32_core_cpp_lib/sensors/IMU/bmi160.o
                0x0000000008008ae2                BMI160::writeRegister(unsigned char, unsigned char)
 .text._ZN6BMI1604initE15bmi160_config_t
                0x0000000008008b3c      0x16a ./stm32_core_cpp_lib/sensors/IMU/bmi160.o
                0x0000000008008b3c                BMI160::init(bmi160_config_t)
 .text._ZN6BMI16012readRegisterEh
                0x0000000008008ca6       0x66 ./stm32_core_cpp_lib/sensors/IMU/bmi160.o
                0x0000000008008ca6                BMI160::readRegister(unsigned char)
 .text._ZN6BMI16020readMultipleRegisterEhPhh
                0x0000000008008d0c       0x6c ./stm32_core_cpp_lib/sensors/IMU/bmi160.o
                0x0000000008008d0c                BMI160::readMultipleRegister(unsigned char, unsigned char*, unsigned char)
 .text._ZN6BMI1605checkEv
                0x0000000008008d78       0x26 ./stm32_core_cpp_lib/sensors/IMU/bmi160.o
                0x0000000008008d78                BMI160::check()
 .text._ZN6BMI1606readIDEv
                0x0000000008008d9e       0x1a ./stm32_core_cpp_lib/sensors/IMU/bmi160.o
                0x0000000008008d9e                BMI160::readID()
 .text._ZN6BMI1606updateEv
                0x0000000008008db8       0x1c ./stm32_core_cpp_lib/sensors/IMU/bmi160.o
                0x0000000008008db8                BMI160::update()
 .text._ZN6BMI1609fetchDataEv
                0x0000000008008dd4       0x1e ./stm32_core_cpp_lib/sensors/IMU/bmi160.o
                0x0000000008008dd4                BMI160::fetchData()
 *fill*         0x0000000008008df2        0x6 
 .text._ZN6BMI16011processDataEv
                0x0000000008008df8      0x920 ./stm32_core_cpp_lib/sensors/IMU/bmi160.o
                0x0000000008008df8                BMI160::processData()
 .text._ZN6BMI1607readGyrEv
                0x0000000008009718       0x62 ./stm32_core_cpp_lib/sensors/IMU/bmi160.o
                0x0000000008009718                BMI160::readGyr()
 .text._ZN6BMI1607readAccEv
                0x000000000800977a       0x62 ./stm32_core_cpp_lib/sensors/IMU/bmi160.o
                0x000000000800977a                BMI160::readAcc()
 .text._ZN6BMI16013setGyroConfigEhh
                0x00000000080097dc       0x32 ./stm32_core_cpp_lib/sensors/IMU/bmi160.o
                0x00000000080097dc                BMI160::setGyroConfig(unsigned char, unsigned char)
 .text._ZN6BMI16012setAccConfigEhh
                0x000000000800980e       0x32 ./stm32_core_cpp_lib/sensors/IMU/bmi160.o
                0x000000000800980e                BMI160::setAccConfig(unsigned char, unsigned char)
 .text._ZN6BMI16012setPowerModeE16BMI160_PowerMode
                0x0000000008009840       0x6a ./stm32_core_cpp_lib/sensors/IMU/bmi160.o
                0x0000000008009840                BMI160::setPowerMode(BMI160_PowerMode)
 .text._ZN6BMI1605resetEv
                0x00000000080098aa       0x20 ./stm32_core_cpp_lib/sensors/IMU/bmi160.o
                0x00000000080098aa                BMI160::reset()
 .text._Z10cobsEncodePhhS_
                0x00000000080098ca       0xa2 ./stm32_core_cpp_lib/utils/cobs.o
                0x00000000080098ca                cobsEncode(unsigned char*, unsigned char, unsigned char*)
 .text._Z18bytearray_to_int16Ph
                0x000000000800996c       0x2c ./stm32_core_cpp_lib/utils/core_bytes.o
                0x000000000800996c                bytearray_to_int16(unsigned char*)
 .text._Z19uint32_to_bytearraymPh
                0x0000000008009998       0x42 ./stm32_core_cpp_lib/utils/core_bytes.o
                0x0000000008009998                uint32_to_bytearray(unsigned long, unsigned char*)
 .text._Z18float_to_bytearrayfPh
                0x00000000080099da       0x4a ./stm32_core_cpp_lib/utils/core_bytes.o
                0x00000000080099da                float_to_bytearray(float, unsigned char*)
 .text._Z17core_ErrorHandleri
                0x0000000008009a24        0xa ./stm32_core_cpp_lib/utils/core_errors.o
                0x0000000008009a24                core_ErrorHandler(int)
 *fill*         0x0000000008009a2e        0x2 
 .text._Z41__static_initialization_and_destruction_0ii
                0x0000000008009a30       0x3c ./stm32_core_cpp_lib/utils/core_utils_gpio.o
 .text._GLOBAL__sub_I__ZN15core_utils_GPIOC2EP12GPIO_TypeDeft
                0x0000000008009a6c       0x10 ./stm32_core_cpp_lib/utils/core_utils_gpio.o
 .text._Z6millisv
                0x0000000008009a7c        0xe ./stm32_core_cpp_lib/utils/elapsedMillis.o
                0x0000000008009a7c                millis()
 .text.memset   0x0000000008009a8a       0x10 C:/ST/STM32CubeIDE_1.7.0/STM32CubeIDE/plugins/com.st.stm32cube.ide.mcu.externaltools.gnu-tools-for-stm32.11.3.rel1.win32_1.1.100.202309141235/tools/bin/../lib/gcc/arm-none-eabi/11.3.1/../../../../arm-none-eabi/lib/thumb/v7e-m+fp/hard\libc_nano.a(libc_a-memset.o)
                0x0000000008009a8a                memset
 *fill*         0x0000000008009a9a        0x2 
 .text._reclaim_reent
                0x0000000008009a9c       0xac C:/ST/STM32CubeIDE_1.7.0/STM32CubeIDE/plugins/com.st.stm32cube.ide.mcu.externaltools.gnu-tools-for-stm32.11.3.rel1.win32_1.1.100.202309141235/tools/bin/../lib/gcc/arm-none-eabi/11.3.1/../../../../arm-none-eabi/lib/thumb/v7e-m+fp/hard\libc_nano.a(libc_a-reent.o)
                0x0000000008009a9c                _reclaim_reent
 .text.__libc_init_array
                0x0000000008009b48       0x48 C:/ST/STM32CubeIDE_1.7.0/STM32CubeIDE/plugins/com.st.stm32cube.ide.mcu.externaltools.gnu-tools-for-stm32.11.3.rel1.win32_1.1.100.202309141235/tools/bin/../lib/gcc/arm-none-eabi/11.3.1/../../../../arm-none-eabi/lib/thumb/v7e-m+fp/hard\libc_nano.a(libc_a-init.o)
                0x0000000008009b48                __libc_init_array
 .text.__retarget_lock_acquire_recursive
                0x0000000008009b90        0x2 C:/ST/STM32CubeIDE_1.7.0/STM32CubeIDE/plugins/com.st.stm32cube.ide.mcu.externaltools.gnu-tools-for-stm32.11.3.rel1.win32_1.1.100.202309141235/tools/bin/../lib/gcc/arm-none-eabi/11.3.1/../../../../arm-none-eabi/lib/thumb/v7e-m+fp/hard\libc_nano.a(libc_a-lock.o)
                0x0000000008009b90                __retarget_lock_acquire_recursive
 .text.__retarget_lock_release_recursive
                0x0000000008009b92        0x2 C:/ST/STM32CubeIDE_1.7.0/STM32CubeIDE/plugins/com.st.stm32cube.ide.mcu.externaltools.gnu-tools-for-stm32.11.3.rel1.win32_1.1.100.202309141235/tools/bin/../lib/gcc/arm-none-eabi/11.3.1/../../../../arm-none-eabi/lib/thumb/v7e-m+fp/hard\libc_nano.a(libc_a-lock.o)
                0x0000000008009b92                __retarget_lock_release_recursive
 .text.memcpy   0x0000000008009b94       0x1c C:/ST/STM32CubeIDE_1.7.0/STM32CubeIDE/plugins/com.st.stm32cube.ide.mcu.externaltools.gnu-tools-for-stm32.11.3.rel1.win32_1.1.100.202309141235/tools/bin/../lib/gcc/arm-none-eabi/11.3.1/../../../../arm-none-eabi/lib/thumb/v7e-m+fp/hard\libc_nano.a(libc_a-memcpy-stub.o)
                0x0000000008009b94                memcpy
 .text._free_r  0x0000000008009bb0       0x98 C:/ST/STM32CubeIDE_1.7.0/STM32CubeIDE/plugins/com.st.stm32cube.ide.mcu.externaltools.gnu-tools-for-stm32.11.3.rel1.win32_1.1.100.202309141235/tools/bin/../lib/gcc/arm-none-eabi/11.3.1/../../../../arm-none-eabi/lib/thumb/v7e-m+fp/hard\libc_nano.a(libc_a-freer.o)
                0x0000000008009bb0                _free_r
 .text.__malloc_lock
                0x0000000008009c48        0xc C:/ST/STM32CubeIDE_1.7.0/STM32CubeIDE/plugins/com.st.stm32cube.ide.mcu.externaltools.gnu-tools-for-stm32.11.3.rel1.win32_1.1.100.202309141235/tools/bin/../lib/gcc/arm-none-eabi/11.3.1/../../../../arm-none-eabi/lib/thumb/v7e-m+fp/hard\libc_nano.a(libc_a-mlock.o)
                0x0000000008009c48                __malloc_lock
 .text.__malloc_unlock
                0x0000000008009c54        0xc C:/ST/STM32CubeIDE_1.7.0/STM32CubeIDE/plugins/com.st.stm32cube.ide.mcu.externaltools.gnu-tools-for-stm32.11.3.rel1.win32_1.1.100.202309141235/tools/bin/../lib/gcc/arm-none-eabi/11.3.1/../../../../arm-none-eabi/lib/thumb/v7e-m+fp/hard\libc_nano.a(libc_a-mlock.o)
                0x0000000008009c54                __malloc_unlock
 *(.glue_7)
 .glue_7        0x0000000008009c60        0x0 linker stubs
 *(.glue_7t)
 .glue_7t       0x0000000008009c60        0x0 linker stubs
 *(.eh_frame)
 .eh_frame      0x0000000008009c60        0x0 C:/ST/STM32CubeIDE_1.7.0/STM32CubeIDE/plugins/com.st.stm32cube.ide.mcu.externaltools.gnu-tools-for-stm32.11.3.rel1.win32_1.1.100.202309141235/tools/bin/../lib/gcc/arm-none-eabi/11.3.1/thumb/v7e-m+fp/hard/crtbegin.o
 *(.init)
 .init          0x0000000008009c60        0x4 C:/ST/STM32CubeIDE_1.7.0/STM32CubeIDE/plugins/com.st.stm32cube.ide.mcu.externaltools.gnu-tools-for-stm32.11.3.rel1.win32_1.1.100.202309141235/tools/bin/../lib/gcc/arm-none-eabi/11.3.1/thumb/v7e-m+fp/hard/crti.o
                0x0000000008009c60                _init
 .init          0x0000000008009c64        0x8 C:/ST/STM32CubeIDE_1.7.0/STM32CubeIDE/plugins/com.st.stm32cube.ide.mcu.externaltools.gnu-tools-for-stm32.11.3.rel1.win32_1.1.100.202309141235/tools/bin/../lib/gcc/arm-none-eabi/11.3.1/thumb/v7e-m+fp/hard/crtn.o
 *(.fini)
 .fini          0x0000000008009c6c        0x4 C:/ST/STM32CubeIDE_1.7.0/STM32CubeIDE/plugins/com.st.stm32cube.ide.mcu.externaltools.gnu-tools-for-stm32.11.3.rel1.win32_1.1.100.202309141235/tools/bin/../lib/gcc/arm-none-eabi/11.3.1/thumb/v7e-m+fp/hard/crti.o
                0x0000000008009c6c                _fini
 .fini          0x0000000008009c70        0x8 C:/ST/STM32CubeIDE_1.7.0/STM32CubeIDE/plugins/com.st.stm32cube.ide.mcu.externaltools.gnu-tools-for-stm32.11.3.rel1.win32_1.1.100.202309141235/tools/bin/../lib/gcc/arm-none-eabi/11.3.1/thumb/v7e-m+fp/hard/crtn.o
                0x0000000008009c78                . = ALIGN (0x4)
                0x0000000008009c78                _etext = .

.vfp11_veneer   0x0000000008009c78        0x0
 .vfp11_veneer  0x0000000008009c78        0x0 linker stubs

.v4_bx          0x0000000008009c78        0x0
 .v4_bx         0x0000000008009c78        0x0 linker stubs

.iplt           0x0000000008009c78        0x0
 .iplt          0x0000000008009c78        0x0 C:/ST/STM32CubeIDE_1.7.0/STM32CubeIDE/plugins/com.st.stm32cube.ide.mcu.externaltools.gnu-tools-for-stm32.11.3.rel1.win32_1.1.100.202309141235/tools/bin/../lib/gcc/arm-none-eabi/11.3.1/thumb/v7e-m+fp/hard/crtbegin.o

.rodata         0x0000000008009c78      0x110
                0x0000000008009c78                . = ALIGN (0x4)
 *(.rodata)
 .rodata        0x0000000008009c78        0xc ./Core/Src/main.o
 .rodata        0x0000000008009c84        0x5 ./Middlewares/Third_Party/FreeRTOS/Source/tasks.o
 *fill*         0x0000000008009c89        0x3 
 .rodata        0x0000000008009c8c        0xd ./Middlewares/Third_Party/FreeRTOS/Source/timers.o
 *fill*         0x0000000008009c99        0x3 
 .rodata        0x0000000008009c9c       0x16 ./firmware/firmware.o
 *(.rodata*)
 *fill*         0x0000000008009cb2        0x2 
 .rodata.defaultTask_attributes
                0x0000000008009cb4       0x24 ./Core/Src/main.o
                0x0000000008009cb4                defaultTask_attributes
 .rodata.AHBPrescTable
                0x0000000008009cd8       0x10 ./Core/Src/system_stm32l4xx.o
                0x0000000008009cd8                AHBPrescTable
 .rodata.APBPrescTable
                0x0000000008009ce8        0x8 ./Core/Src/system_stm32l4xx.o
                0x0000000008009ce8                APBPrescTable
 .rodata.MSIRangeTable
                0x0000000008009cf0       0x30 ./Core/Src/system_stm32l4xx.o
                0x0000000008009cf0                MSIRangeTable
 .rodata._ZL19imu_task_attributes
                0x0000000008009d20       0x24 ./firmware/firmware.o
 .rodata._ZL20comm_task_attributes
                0x0000000008009d44       0x24 ./firmware/firmware.o
 .rodata._ZTV19core_utils_CallbackIvvE
                0x0000000008009d68       0x10 ./stm32_core_cpp_lib/hardware/SPI/core_hardware_spi.o
                0x0000000008009d68                vtable for core_utils_Callback<void, void>
 .rodata._ZTV8Callback
                0x0000000008009d78       0x10 ./stm32_core_cpp_lib/hardware/SPI/core_hardware_spi.o
                0x0000000008009d78                vtable for Callback
                0x0000000008009d88                . = ALIGN (0x4)

.ARM.extab      0x0000000008009d88        0x0
                0x0000000008009d88                . = ALIGN (0x4)
 *(.ARM.extab* .gnu.linkonce.armextab.*)
                0x0000000008009d88                . = ALIGN (0x4)

.ARM            0x0000000008009d88        0x8
                0x0000000008009d88                . = ALIGN (0x4)
                0x0000000008009d88                __exidx_start = .
 *(.ARM.exidx*)
 .ARM.exidx     0x0000000008009d88        0x8 C:/ST/STM32CubeIDE_1.7.0/STM32CubeIDE/plugins/com.st.stm32cube.ide.mcu.externaltools.gnu-tools-for-stm32.11.3.rel1.win32_1.1.100.202309141235/tools/bin/../lib/gcc/arm-none-eabi/11.3.1/thumb/v7e-m+fp/hard\libgcc.a(_udivmoddi4.o)
                0x0000000008009d90                __exidx_end = .
                0x0000000008009d90                . = ALIGN (0x4)

.rel.dyn        0x0000000008009d90        0x0
 .rel.iplt      0x0000000008009d90        0x0 C:/ST/STM32CubeIDE_1.7.0/STM32CubeIDE/plugins/com.st.stm32cube.ide.mcu.externaltools.gnu-tools-for-stm32.11.3.rel1.win32_1.1.100.202309141235/tools/bin/../lib/gcc/arm-none-eabi/11.3.1/thumb/v7e-m+fp/hard/crtbegin.o

.preinit_array  0x0000000008009d90        0x0
                0x0000000008009d90                . = ALIGN (0x4)
                0x0000000008009d90                PROVIDE (__preinit_array_start = .)
 *(.preinit_array*)
                0x0000000008009d90                PROVIDE (__preinit_array_end = .)
                0x0000000008009d90                . = ALIGN (0x4)

.init_array     0x0000000008009d90       0x10
                0x0000000008009d90                . = ALIGN (0x4)
                0x0000000008009d90                PROVIDE (__init_array_start = .)
 *(SORT_BY_NAME(.init_array.*))
 *(.init_array*)
 .init_array    0x0000000008009d90        0x4 C:/ST/STM32CubeIDE_1.7.0/STM32CubeIDE/plugins/com.st.stm32cube.ide.mcu.externaltools.gnu-tools-for-stm32.11.3.rel1.win32_1.1.100.202309141235/tools/bin/../lib/gcc/arm-none-eabi/11.3.1/thumb/v7e-m+fp/hard/crtbegin.o
 .init_array    0x0000000008009d94        0x4 ./firmware/firmware.o
 .init_array    0x0000000008009d98        0x4 ./stm32_core_cpp_lib/communication/uart_interface/core_comm_UartInterface.o
 .init_array    0x0000000008009d9c        0x4 ./stm32_core_cpp_lib/utils/core_utils_gpio.o
                0x0000000008009da0                PROVIDE (__init_array_end = .)
                0x0000000008009da0                . = ALIGN (0x4)

.fini_array     0x0000000008009da0        0x4
                0x0000000008009da0                . = ALIGN (0x4)
                [!provide]                        PROVIDE (__fini_array_start = .)
 *(SORT_BY_NAME(.fini_array.*))
 *(.fini_array*)
 .fini_array    0x0000000008009da0        0x4 C:/ST/STM32CubeIDE_1.7.0/STM32CubeIDE/plugins/com.st.stm32cube.ide.mcu.externaltools.gnu-tools-for-stm32.11.3.rel1.win32_1.1.100.202309141235/tools/bin/../lib/gcc/arm-none-eabi/11.3.1/thumb/v7e-m+fp/hard/crtbegin.o
                [!provide]                        PROVIDE (__fini_array_end = .)
                0x0000000008009da4                . = ALIGN (0x4)
                0x0000000008009da4                _sidata = LOADADDR (.data)

.data           0x0000000020000000       0x80 load address 0x0000000008009da4
                0x0000000020000000                . = ALIGN (0x4)
                0x0000000020000000                _sdata = .
 *(.data)
 *(.data*)
 .data.SystemCoreClock
                0x0000000020000000        0x4 ./Core/Src/system_stm32l4xx.o
                0x0000000020000000                SystemCoreClock
 .data.uwTickPrio
                0x0000000020000004        0x4 ./Drivers/STM32L4xx_HAL_Driver/Src/stm32l4xx_hal.o
                0x0000000020000004                uwTickPrio
 .data.uwTickFreq
                0x0000000020000008        0x1 ./Drivers/STM32L4xx_HAL_Driver/Src/stm32l4xx_hal.o
                0x0000000020000008                uwTickFreq
 *fill*         0x0000000020000009        0x3 
 .data.uxCriticalNesting
                0x000000002000000c        0x4 ./Middlewares/Third_Party/FreeRTOS/Source/portable/GCC/ARM_CM4F/port.o
 .data.imu_config
                0x0000000020000010       0x14 ./firmware/firmware.o
                0x0000000020000010                imu_config
 .data.std_hardware_uart_config
                0x0000000020000024        0x4 ./stm32_core_cpp_lib/communication/uart_interface/core_comm_UartInterface.o
                0x0000000020000024                std_hardware_uart_config
 .data.std_uart_config
                0x0000000020000028        0x6 ./stm32_core_cpp_lib/communication/uart_interface/core_comm_UartInterface.o
                0x0000000020000028                std_uart_config
 *fill*         0x000000002000002e        0x2 
 .data._impure_data
                0x0000000020000030       0x4c C:/ST/STM32CubeIDE_1.7.0/STM32CubeIDE/plugins/com.st.stm32cube.ide.mcu.externaltools.gnu-tools-for-stm32.11.3.rel1.win32_1.1.100.202309141235/tools/bin/../lib/gcc/arm-none-eabi/11.3.1/../../../../arm-none-eabi/lib/thumb/v7e-m+fp/hard\libc_nano.a(libc_a-impure.o)
                0x0000000020000030                _impure_data
 .data._impure_ptr
                0x000000002000007c        0x4 C:/ST/STM32CubeIDE_1.7.0/STM32CubeIDE/plugins/com.st.stm32cube.ide.mcu.externaltools.gnu-tools-for-stm32.11.3.rel1.win32_1.1.100.202309141235/tools/bin/../lib/gcc/arm-none-eabi/11.3.1/../../../../arm-none-eabi/lib/thumb/v7e-m+fp/hard\libc_nano.a(libc_a-impure.o)
                0x000000002000007c                _impure_ptr
 *(.RamFunc)
 *(.RamFunc*)
                0x0000000020000080                . = ALIGN (0x4)
                0x0000000020000080                _edata = .

.igot.plt       0x0000000020000080        0x0 load address 0x0000000008009e24
 .igot.plt      0x0000000020000080        0x0 C:/ST/STM32CubeIDE_1.7.0/STM32CubeIDE/plugins/com.st.stm32cube.ide.mcu.externaltools.gnu-tools-for-stm32.11.3.rel1.win32_1.1.100.202309141235/tools/bin/../lib/gcc/arm-none-eabi/11.3.1/thumb/v7e-m+fp/hard/crtbegin.o
                0x0000000020000080                . = ALIGN (0x4)

.bss            0x0000000020000080     0x1fbc load address 0x0000000008009e24
                0x0000000020000080                _sbss = .
                0x0000000020000080                __bss_start__ = _sbss
 *(.bss)
 .bss           0x0000000020000080       0x1c C:/ST/STM32CubeIDE_1.7.0/STM32CubeIDE/plugins/com.st.stm32cube.ide.mcu.externaltools.gnu-tools-for-stm32.11.3.rel1.win32_1.1.100.202309141235/tools/bin/../lib/gcc/arm-none-eabi/11.3.1/thumb/v7e-m+fp/hard/crtbegin.o
 *(.bss*)
 .bss.hspi1     0x000000002000009c       0x8c ./Core/Src/main.o
                0x000000002000009c                hspi1
 .bss.hspi3     0x0000000020000128       0x8c ./Core/Src/main.o
                0x0000000020000128                hspi3
 .bss.huart1    0x00000000200001b4       0xb8 ./Core/Src/main.o
                0x00000000200001b4                huart1
 .bss.hdma_usart1_tx
                0x000000002000026c       0x48 ./Core/Src/main.o
                0x000000002000026c                hdma_usart1_tx
 .bss.defaultTaskHandle
                0x00000000200002b4        0x4 ./Core/Src/main.o
                0x00000000200002b4                defaultTaskHandle
 .bss.htim6     0x00000000200002b8       0x4c ./Core/Src/stm32l4xx_hal_timebase_tim.o
                0x00000000200002b8                htim6
 .bss.uwTick    0x0000000020000304        0x4 ./Drivers/STM32L4xx_HAL_Driver/Src/stm32l4xx_hal.o
                0x0000000020000304                uwTick
 .bss.KernelState
                0x0000000020000308        0x4 ./Middlewares/Third_Party/FreeRTOS/Source/CMSIS_RTOS_V2/cmsis_os2.o
 .bss.Idle_TCB.3
                0x000000002000030c       0xa8 ./Middlewares/Third_Party/FreeRTOS/Source/CMSIS_RTOS_V2/cmsis_os2.o
 .bss.Idle_Stack.2
                0x00000000200003b4      0x200 ./Middlewares/Third_Party/FreeRTOS/Source/CMSIS_RTOS_V2/cmsis_os2.o
 .bss.Timer_TCB.1
                0x00000000200005b4       0xa8 ./Middlewares/Third_Party/FreeRTOS/Source/CMSIS_RTOS_V2/cmsis_os2.o
 .bss.Timer_Stack.0
                0x000000002000065c      0x400 ./Middlewares/Third_Party/FreeRTOS/Source/CMSIS_RTOS_V2/cmsis_os2.o
 .bss.xQueueRegistry
                0x0000000020000a5c       0x40 ./Middlewares/Third_Party/FreeRTOS/Source/queue.o
                0x0000000020000a5c                xQueueRegistry
 .bss.pxCurrentTCB
                0x0000000020000a9c        0x4 ./Middlewares/Third_Party/FreeRTOS/Source/tasks.o
                0x0000000020000a9c                pxCurrentTCB
 .bss.pxReadyTasksLists
                0x0000000020000aa0      0x460 ./Middlewares/Third_Party/FreeRTOS/Source/tasks.o
 .bss.xDelayedTaskList1
                0x0000000020000f00       0x14 ./Middlewares/Third_Party/FreeRTOS/Source/tasks.o
 .bss.xDelayedTaskList2
                0x0000000020000f14       0x14 ./Middlewares/Third_Party/FreeRTOS/Source/tasks.o
 .bss.pxDelayedTaskList
                0x0000000020000f28        0x4 ./Middlewares/Third_Party/FreeRTOS/Source/tasks.o
 .bss.pxOverflowDelayedTaskList
                0x0000000020000f2c        0x4 ./Middlewares/Third_Party/FreeRTOS/Source/tasks.o
 .bss.xPendingReadyList
                0x0000000020000f30       0x14 ./Middlewares/Third_Party/FreeRTOS/Source/tasks.o
 .bss.xTasksWaitingTermination
                0x0000000020000f44       0x14 ./Middlewares/Third_Party/FreeRTOS/Source/tasks.o
 .bss.uxDeletedTasksWaitingCleanUp
                0x0000000020000f58        0x4 ./Middlewares/Third_Party/FreeRTOS/Source/tasks.o
 .bss.xSuspendedTaskList
                0x0000000020000f5c       0x14 ./Middlewares/Third_Party/FreeRTOS/Source/tasks.o
 .bss.uxCurrentNumberOfTasks
                0x0000000020000f70        0x4 ./Middlewares/Third_Party/FreeRTOS/Source/tasks.o
 .bss.xTickCount
                0x0000000020000f74        0x4 ./Middlewares/Third_Party/FreeRTOS/Source/tasks.o
 .bss.uxTopReadyPriority
                0x0000000020000f78        0x4 ./Middlewares/Third_Party/FreeRTOS/Source/tasks.o
 .bss.xSchedulerRunning
                0x0000000020000f7c        0x4 ./Middlewares/Third_Party/FreeRTOS/Source/tasks.o
 .bss.xPendedTicks
                0x0000000020000f80        0x4 ./Middlewares/Third_Party/FreeRTOS/Source/tasks.o
 .bss.xYieldPending
                0x0000000020000f84        0x4 ./Middlewares/Third_Party/FreeRTOS/Source/tasks.o
 .bss.xNumOfOverflows
                0x0000000020000f88        0x4 ./Middlewares/Third_Party/FreeRTOS/Source/tasks.o
 .bss.uxTaskNumber
                0x0000000020000f8c        0x4 ./Middlewares/Third_Party/FreeRTOS/Source/tasks.o
 .bss.xNextTaskUnblockTime
                0x0000000020000f90        0x4 ./Middlewares/Third_Party/FreeRTOS/Source/tasks.o
 .bss.xIdleTaskHandle
                0x0000000020000f94        0x4 ./Middlewares/Third_Party/FreeRTOS/Source/tasks.o
 .bss.uxSchedulerSuspended
                0x0000000020000f98        0x4 ./Middlewares/Third_Party/FreeRTOS/Source/tasks.o
 .bss.xActiveTimerList1
                0x0000000020000f9c       0x14 ./Middlewares/Third_Party/FreeRTOS/Source/timers.o
 .bss.xActiveTimerList2
                0x0000000020000fb0       0x14 ./Middlewares/Third_Party/FreeRTOS/Source/timers.o
 .bss.pxCurrentTimerList
                0x0000000020000fc4        0x4 ./Middlewares/Third_Party/FreeRTOS/Source/timers.o
 .bss.pxOverflowTimerList
                0x0000000020000fc8        0x4 ./Middlewares/Third_Party/FreeRTOS/Source/timers.o
 .bss.xTimerQueue
                0x0000000020000fcc        0x4 ./Middlewares/Third_Party/FreeRTOS/Source/timers.o
 .bss.xTimerTaskHandle
                0x0000000020000fd0        0x4 ./Middlewares/Third_Party/FreeRTOS/Source/timers.o
 .bss.xLastTime.2
                0x0000000020000fd4        0x4 ./Middlewares/Third_Party/FreeRTOS/Source/timers.o
 .bss.ucStaticTimerQueueStorage.1
                0x0000000020000fd8       0xa0 ./Middlewares/Third_Party/FreeRTOS/Source/timers.o
 .bss.xStaticTimerQueue.0
                0x0000000020001078       0x50 ./Middlewares/Third_Party/FreeRTOS/Source/timers.o
 .bss.ucMaxSysCallPriority
                0x00000000200010c8        0x1 ./Middlewares/Third_Party/FreeRTOS/Source/portable/GCC/ARM_CM4F/port.o
 *fill*         0x00000000200010c9        0x3 
 .bss.ulMaxPRIGROUPValue
                0x00000000200010cc        0x4 ./Middlewares/Third_Party/FreeRTOS/Source/portable/GCC/ARM_CM4F/port.o
 .bss.ucHeap    0x00000000200010d0      0xbb8 ./Middlewares/Third_Party/FreeRTOS/Source/portable/MemMang/heap_4.o
 .bss.xStart    0x0000000020001c88        0x8 ./Middlewares/Third_Party/FreeRTOS/Source/portable/MemMang/heap_4.o
 .bss.pxEnd     0x0000000020001c90        0x4 ./Middlewares/Third_Party/FreeRTOS/Source/portable/MemMang/heap_4.o
 .bss.xFreeBytesRemaining
                0x0000000020001c94        0x4 ./Middlewares/Third_Party/FreeRTOS/Source/portable/MemMang/heap_4.o
 .bss.xMinimumEverFreeBytesRemaining
                0x0000000020001c98        0x4 ./Middlewares/Third_Party/FreeRTOS/Source/portable/MemMang/heap_4.o
 .bss.xNumberOfSuccessfulAllocations
                0x0000000020001c9c        0x4 ./Middlewares/Third_Party/FreeRTOS/Source/portable/MemMang/heap_4.o
 .bss.xNumberOfSuccessfulFrees
                0x0000000020001ca0        0x4 ./Middlewares/Third_Party/FreeRTOS/Source/portable/MemMang/heap_4.o
 .bss.xBlockAllocatedBit
                0x0000000020001ca4        0x4 ./Middlewares/Third_Party/FreeRTOS/Source/portable/MemMang/heap_4.o
 .bss.blinkTimer
                0x0000000020001ca8        0x4 ./firmware/firmware.o
                0x0000000020001ca8                blinkTimer
 .bss.comm_tick
                0x0000000020001cac        0x4 ./firmware/firmware.o
                0x0000000020001cac                comm_tick
 .bss.imu       0x0000000020001cb0       0x4c ./firmware/firmware.o
                0x0000000020001cb0                imu
 .bss._ZL9callbacks
                0x0000000020001cfc      0x200 ./stm32_core_cpp_lib/utils/core_utils_gpio.o
 .bss.__sf      0x0000000020001efc      0x138 C:/ST/STM32CubeIDE_1.7.0/STM32CubeIDE/plugins/com.st.stm32cube.ide.mcu.externaltools.gnu-tools-for-stm32.11.3.rel1.win32_1.1.100.202309141235/tools/bin/../lib/gcc/arm-none-eabi/11.3.1/../../../../arm-none-eabi/lib/thumb/v7e-m+fp/hard\libc_nano.a(libc_a-findfp.o)
                0x0000000020001efc                __sf
 .bss.__lock___malloc_recursive_mutex
                0x0000000020002034        0x1 C:/ST/STM32CubeIDE_1.7.0/STM32CubeIDE/plugins/com.st.stm32cube.ide.mcu.externaltools.gnu-tools-for-stm32.11.3.rel1.win32_1.1.100.202309141235/tools/bin/../lib/gcc/arm-none-eabi/11.3.1/../../../../arm-none-eabi/lib/thumb/v7e-m+fp/hard\libc_nano.a(libc_a-lock.o)
                0x0000000020002034                __lock___malloc_recursive_mutex
 *fill*         0x0000000020002035        0x3 
 .bss.__malloc_free_list
                0x0000000020002038        0x4 C:/ST/STM32CubeIDE_1.7.0/STM32CubeIDE/plugins/com.st.stm32cube.ide.mcu.externaltools.gnu-tools-for-stm32.11.3.rel1.win32_1.1.100.202309141235/tools/bin/../lib/gcc/arm-none-eabi/11.3.1/../../../../arm-none-eabi/lib/thumb/v7e-m+fp/hard\libc_nano.a(libc_a-mallocr.o)
                0x0000000020002038                __malloc_free_list
 *(COMMON)
                0x000000002000203c                . = ALIGN (0x4)
                0x000000002000203c                _ebss = .
                0x000000002000203c                __bss_end__ = _ebss

._user_heap_stack
                0x000000002000203c      0x604 load address 0x0000000008009e24
                0x0000000020002040                . = ALIGN (0x8)
 *fill*         0x000000002000203c        0x4 
                [!provide]                        PROVIDE (end = .)
                0x0000000020002040                PROVIDE (_end = .)
                0x0000000020002240                . = (. + _Min_Heap_Size)
 *fill*         0x0000000020002040      0x200 
                0x0000000020002640                . = (. + _Min_Stack_Size)
 *fill*         0x0000000020002240      0x400 
                0x0000000020002640                . = ALIGN (0x8)

/DISCARD/
 libc.a(*)
 libm.a(*)
 libgcc.a(*)

.ARM.attributes
                0x0000000000000000       0x30
 *(.ARM.attributes)
 .ARM.attributes
                0x0000000000000000       0x1e C:/ST/STM32CubeIDE_1.7.0/STM32CubeIDE/plugins/com.st.stm32cube.ide.mcu.externaltools.gnu-tools-for-stm32.11.3.rel1.win32_1.1.100.202309141235/tools/bin/../lib/gcc/arm-none-eabi/11.3.1/thumb/v7e-m+fp/hard/crti.o
 .ARM.attributes
                0x000000000000001e       0x34 C:/ST/STM32CubeIDE_1.7.0/STM32CubeIDE/plugins/com.st.stm32cube.ide.mcu.externaltools.gnu-tools-for-stm32.11.3.rel1.win32_1.1.100.202309141235/tools/bin/../lib/gcc/arm-none-eabi/11.3.1/thumb/v7e-m+fp/hard/crtbegin.o
 .ARM.attributes
                0x0000000000000052       0x34 ./Core/Src/main.o
 .ARM.attributes
                0x0000000000000086       0x34 ./Core/Src/stm32l4xx_hal_msp.o
 .ARM.attributes
                0x00000000000000ba       0x34 ./Core/Src/stm32l4xx_hal_timebase_tim.o
 .ARM.attributes
                0x00000000000000ee       0x34 ./Core/Src/stm32l4xx_it.o
 .ARM.attributes
                0x0000000000000122       0x34 ./Core/Src/system_stm32l4xx.o
 .ARM.attributes
                0x0000000000000156       0x21 ./Core/Startup/startup_stm32l432kbux.o
 .ARM.attributes
                0x0000000000000177       0x34 ./Drivers/STM32L4xx_HAL_Driver/Src/stm32l4xx_hal.o
 .ARM.attributes
                0x00000000000001ab       0x34 ./Drivers/STM32L4xx_HAL_Driver/Src/stm32l4xx_hal_cortex.o
 .ARM.attributes
                0x00000000000001df       0x34 ./Drivers/STM32L4xx_HAL_Driver/Src/stm32l4xx_hal_dma.o
 .ARM.attributes
                0x0000000000000213       0x34 ./Drivers/STM32L4xx_HAL_Driver/Src/stm32l4xx_hal_gpio.o
 .ARM.attributes
                0x0000000000000247       0x34 ./Drivers/STM32L4xx_HAL_Driver/Src/stm32l4xx_hal_pwr_ex.o
 .ARM.attributes
                0x000000000000027b       0x34 ./Drivers/STM32L4xx_HAL_Driver/Src/stm32l4xx_hal_rcc.o
 .ARM.attributes
                0x00000000000002af       0x34 ./Drivers/STM32L4xx_HAL_Driver/Src/stm32l4xx_hal_rcc_ex.o
 .ARM.attributes
                0x00000000000002e3       0x34 ./Drivers/STM32L4xx_HAL_Driver/Src/stm32l4xx_hal_spi.o
 .ARM.attributes
                0x0000000000000317       0x34 ./Drivers/STM32L4xx_HAL_Driver/Src/stm32l4xx_hal_tim.o
 .ARM.attributes
                0x000000000000034b       0x34 ./Drivers/STM32L4xx_HAL_Driver/Src/stm32l4xx_hal_tim_ex.o
 .ARM.attributes
                0x000000000000037f       0x34 ./Drivers/STM32L4xx_HAL_Driver/Src/stm32l4xx_hal_uart.o
 .ARM.attributes
                0x00000000000003b3       0x34 ./Drivers/STM32L4xx_HAL_Driver/Src/stm32l4xx_hal_uart_ex.o
 .ARM.attributes
                0x00000000000003e7       0x34 ./Middlewares/Third_Party/FreeRTOS/Source/CMSIS_RTOS_V2/cmsis_os2.o
 .ARM.attributes
                0x000000000000041b       0x34 ./Middlewares/Third_Party/FreeRTOS/Source/list.o
 .ARM.attributes
                0x000000000000044f       0x34 ./Middlewares/Third_Party/FreeRTOS/Source/queue.o
 .ARM.attributes
                0x0000000000000483       0x34 ./Middlewares/Third_Party/FreeRTOS/Source/tasks.o
 .ARM.attributes
                0x00000000000004b7       0x34 ./Middlewares/Third_Party/FreeRTOS/Source/timers.o
 .ARM.attributes
                0x00000000000004eb       0x34 ./Middlewares/Third_Party/FreeRTOS/Source/portable/GCC/ARM_CM4F/port.o
 .ARM.attributes
                0x000000000000051f       0x34 ./Middlewares/Third_Party/FreeRTOS/Source/portable/MemMang/heap_4.o
 .ARM.attributes
                0x0000000000000553       0x34 ./firmware/firmware.o
 .ARM.attributes
                0x0000000000000587       0x34 ./stm32_core_cpp_lib/communication/uart_interface/core_comm_UartInterface.o
 .ARM.attributes
                0x00000000000005bb       0x34 ./stm32_core_cpp_lib/hardware/SPI/core_hardware_spi.o
 .ARM.attributes
                0x00000000000005ef       0x34 ./stm32_core_cpp_lib/sensors/IMU/bmi160.o
 .ARM.attributes
                0x0000000000000623       0x34 ./stm32_core_cpp_lib/utils/cobs.o
 .ARM.attributes
                0x0000000000000657       0x34 ./stm32_core_cpp_lib/utils/core_bytes.o
 .ARM.attributes
                0x000000000000068b       0x34 ./stm32_core_cpp_lib/utils/core_errors.o
 .ARM.attributes
                0x00000000000006bf       0x34 ./stm32_core_cpp_lib/utils/core_utils_gpio.o
 .ARM.attributes
                0x00000000000006f3       0x34 ./stm32_core_cpp_lib/utils/elapsedMillis.o
 .ARM.attributes
                0x0000000000000727       0x34 C:/ST/STM32CubeIDE_1.7.0/STM32CubeIDE/plugins/com.st.stm32cube.ide.mcu.externaltools.gnu-tools-for-stm32.11.3.rel1.win32_1.1.100.202309141235/tools/bin/../lib/gcc/arm-none-eabi/11.3.1/../../../../arm-none-eabi/lib/thumb/v7e-m+fp/hard\libc_nano.a(libc_a-findfp.o)
 .ARM.attributes
                0x000000000000075b       0x34 C:/ST/STM32CubeIDE_1.7.0/STM32CubeIDE/plugins/com.st.stm32cube.ide.mcu.externaltools.gnu-tools-for-stm32.11.3.rel1.win32_1.1.100.202309141235/tools/bin/../lib/gcc/arm-none-eabi/11.3.1/../../../../arm-none-eabi/lib/thumb/v7e-m+fp/hard\libc_nano.a(libc_a-memset.o)
 .ARM.attributes
                0x000000000000078f       0x34 C:/ST/STM32CubeIDE_1.7.0/STM32CubeIDE/plugins/com.st.stm32cube.ide.mcu.externaltools.gnu-tools-for-stm32.11.3.rel1.win32_1.1.100.202309141235/tools/bin/../lib/gcc/arm-none-eabi/11.3.1/../../../../arm-none-eabi/lib/thumb/v7e-m+fp/hard\libc_nano.a(libc_a-reent.o)
 .ARM.attributes
                0x00000000000007c3       0x34 C:/ST/STM32CubeIDE_1.7.0/STM32CubeIDE/plugins/com.st.stm32cube.ide.mcu.externaltools.gnu-tools-for-stm32.11.3.rel1.win32_1.1.100.202309141235/tools/bin/../lib/gcc/arm-none-eabi/11.3.1/../../../../arm-none-eabi/lib/thumb/v7e-m+fp/hard\libc_nano.a(libc_a-impure.o)
 .ARM.attributes
                0x00000000000007f7       0x34 C:/ST/STM32CubeIDE_1.7.0/STM32CubeIDE/plugins/com.st.stm32cube.ide.mcu.externaltools.gnu-tools-for-stm32.11.3.rel1.win32_1.1.100.202309141235/tools/bin/../lib/gcc/arm-none-eabi/11.3.1/../../../../arm-none-eabi/lib/thumb/v7e-m+fp/hard\libc_nano.a(libc_a-init.o)
 .ARM.attributes
                0x000000000000082b       0x34 C:/ST/STM32CubeIDE_1.7.0/STM32CubeIDE/plugins/com.st.stm32cube.ide.mcu.externaltools.gnu-tools-for-stm32.11.3.rel1.win32_1.1.100.202309141235/tools/bin/../lib/gcc/arm-none-eabi/11.3.1/../../../../arm-none-eabi/lib/thumb/v7e-m+fp/hard\libc_nano.a(libc_a-lock.o)
 .ARM.attributes
                0x000000000000085f       0x34 C:/ST/STM32CubeIDE_1.7.0/STM32CubeIDE/plugins/com.st.stm32cube.ide.mcu.externaltools.gnu-tools-for-stm32.11.3.rel1.win32_1.1.100.202309141235/tools/bin/../lib/gcc/arm-none-eabi/11.3.1/../../../../arm-none-eabi/lib/thumb/v7e-m+fp/hard\libc_nano.a(libc_a-memcpy-stub.o)
 .ARM.attributes
                0x0000000000000893       0x34 C:/ST/STM32CubeIDE_1.7.0/STM32CubeIDE/plugins/com.st.stm32cube.ide.mcu.externaltools.gnu-tools-for-stm32.11.3.rel1.win32_1.1.100.202309141235/tools/bin/../lib/gcc/arm-none-eabi/11.3.1/../../../../arm-none-eabi/lib/thumb/v7e-m+fp/hard\libc_nano.a(libc_a-freer.o)
 .ARM.attributes
                0x00000000000008c7       0x34 C:/ST/STM32CubeIDE_1.7.0/STM32CubeIDE/plugins/com.st.stm32cube.ide.mcu.externaltools.gnu-tools-for-stm32.11.3.rel1.win32_1.1.100.202309141235/tools/bin/../lib/gcc/arm-none-eabi/11.3.1/../../../../arm-none-eabi/lib/thumb/v7e-m+fp/hard\libc_nano.a(libc_a-mallocr.o)
 .ARM.attributes
                0x00000000000008fb       0x34 C:/ST/STM32CubeIDE_1.7.0/STM32CubeIDE/plugins/com.st.stm32cube.ide.mcu.externaltools.gnu-tools-for-stm32.11.3.rel1.win32_1.1.100.202309141235/tools/bin/../lib/gcc/arm-none-eabi/11.3.1/../../../../arm-none-eabi/lib/thumb/v7e-m+fp/hard\libc_nano.a(libc_a-mlock.o)
 .ARM.attributes
                0x000000000000092f       0x1e C:/ST/STM32CubeIDE_1.7.0/STM32CubeIDE/plugins/com.st.stm32cube.ide.mcu.externaltools.gnu-tools-for-stm32.11.3.rel1.win32_1.1.100.202309141235/tools/bin/../lib/gcc/arm-none-eabi/11.3.1/thumb/v7e-m+fp/hard\libgcc.a(_arm_addsubdf3.o)
 .ARM.attributes
                0x000000000000094d       0x1e C:/ST/STM32CubeIDE_1.7.0/STM32CubeIDE/plugins/com.st.stm32cube.ide.mcu.externaltools.gnu-tools-for-stm32.11.3.rel1.win32_1.1.100.202309141235/tools/bin/../lib/gcc/arm-none-eabi/11.3.1/thumb/v7e-m+fp/hard\libgcc.a(_arm_muldivdf3.o)
 .ARM.attributes
                0x000000000000096b       0x1e C:/ST/STM32CubeIDE_1.7.0/STM32CubeIDE/plugins/com.st.stm32cube.ide.mcu.externaltools.gnu-tools-for-stm32.11.3.rel1.win32_1.1.100.202309141235/tools/bin/../lib/gcc/arm-none-eabi/11.3.1/thumb/v7e-m+fp/hard\libgcc.a(_arm_truncdfsf2.o)
 .ARM.attributes
                0x0000000000000989       0x1e C:/ST/STM32CubeIDE_1.7.0/STM32CubeIDE/plugins/com.st.stm32cube.ide.mcu.externaltools.gnu-tools-for-stm32.11.3.rel1.win32_1.1.100.202309141235/tools/bin/../lib/gcc/arm-none-eabi/11.3.1/thumb/v7e-m+fp/hard\libgcc.a(_aeabi_uldivmod.o)
 .ARM.attributes
                0x00000000000009a7       0x34 C:/ST/STM32CubeIDE_1.7.0/STM32CubeIDE/plugins/com.st.stm32cube.ide.mcu.externaltools.gnu-tools-for-stm32.11.3.rel1.win32_1.1.100.202309141235/tools/bin/../lib/gcc/arm-none-eabi/11.3.1/thumb/v7e-m+fp/hard\libgcc.a(_udivmoddi4.o)
 .ARM.attributes
                0x00000000000009db       0x1e C:/ST/STM32CubeIDE_1.7.0/STM32CubeIDE/plugins/com.st.stm32cube.ide.mcu.externaltools.gnu-tools-for-stm32.11.3.rel1.win32_1.1.100.202309141235/tools/bin/../lib/gcc/arm-none-eabi/11.3.1/thumb/v7e-m+fp/hard\libgcc.a(_dvmd_tls.o)
 .ARM.attributes
                0x00000000000009f9       0x1e C:/ST/STM32CubeIDE_1.7.0/STM32CubeIDE/plugins/com.st.stm32cube.ide.mcu.externaltools.gnu-tools-for-stm32.11.3.rel1.win32_1.1.100.202309141235/tools/bin/../lib/gcc/arm-none-eabi/11.3.1/thumb/v7e-m+fp/hard/crtn.o
OUTPUT(bmi160_imu.elf elf32-littlearm)
LOAD linker stubs
LOAD C:/ST/STM32CubeIDE_1.7.0/STM32CubeIDE/plugins/com.st.stm32cube.ide.mcu.externaltools.gnu-tools-for-stm32.11.3.rel1.win32_1.1.100.202309141235/tools/bin/../lib/gcc/arm-none-eabi/11.3.1/../../../../arm-none-eabi/lib/thumb/v7e-m+fp/hard\libc.a
LOAD C:/ST/STM32CubeIDE_1.7.0/STM32CubeIDE/plugins/com.st.stm32cube.ide.mcu.externaltools.gnu-tools-for-stm32.11.3.rel1.win32_1.1.100.202309141235/tools/bin/../lib/gcc/arm-none-eabi/11.3.1/../../../../arm-none-eabi/lib/thumb/v7e-m+fp/hard\libm.a
LOAD C:/ST/STM32CubeIDE_1.7.0/STM32CubeIDE/plugins/com.st.stm32cube.ide.mcu.externaltools.gnu-tools-for-stm32.11.3.rel1.win32_1.1.100.202309141235/tools/bin/../lib/gcc/arm-none-eabi/11.3.1/thumb/v7e-m+fp/hard\libgcc.a

.comment        0x0000000000000000       0x43
 .comment       0x0000000000000000       0x43 C:/ST/STM32CubeIDE_1.7.0/STM32CubeIDE/plugins/com.st.stm32cube.ide.mcu.externaltools.gnu-tools-for-stm32.11.3.rel1.win32_1.1.100.202309141235/tools/bin/../lib/gcc/arm-none-eabi/11.3.1/thumb/v7e-m+fp/hard/crtbegin.o
                                         0x44 (size before relaxing)
 .comment       0x0000000000000043       0x44 ./Core/Src/main.o